[parser] loading polynomials from 'scan6/wd_N32_n28.in' (format: default)
[m4gb]  I 0 0 67 0
[m4gb]  U #b:  67 #cp:   237 #mr:  107 #mc:  861 s=0.0031012
[m4gb]  M #b:  67 #cp:   237 #mr:  107 #mc:  754 s=0.0002491
[m4gb]  P lcmdegree=3
[m4gb]  P #b:  67 #cp:     0 #mr: 3264 #mc: 9077 s=0.0752215
[m4gb]  P #n:237
[m4gb]  U #b: 304 #cp:  3719 #mr: 4253 #mc: 9077 s=0.13916
[m4gb]  M #b: 304 #cp:  3719 #mr: 4253 #mc: 8088 s=0.0020218
[m4gb]  P lcmdegree=3
[m4gb]  P #b: 304 #cp:  3496 #mr: 4253 #mc: 8088 s=0.0633098
[m4gb]  P #n:223
[m4gb]  U #b: 527 #cp:  7489 #mr: 4476 #mc: 8088 s=0.269472
[m4gb]  M #b: 527 #cp:  7489 #mr: 4476 #mc: 7865 s=0.0006592
[m4gb]  P lcmdegree=4
[m4gb]  P #b: 527 #cp:  6977 #mr:78342 #mc:57409 s=6.55492
[m4gb]  P #n:503
[m4gb]  U #b:1030 #cp: 18222 #mr:83489 #mc:57409 s=2.79747
[m4gb]  M #b:1030 #cp: 18222 #mr:83489 #mc:52262 s=0.0139913
[m4gb]  P lcmdegree=4
[m4gb]  P #b:1030 #cp: 17710 #mr:83489 #mc:52262 s=1.95886
[m4gb]  P #n:0
[m4gb]  U #b:1030 #cp: 17710 #mr:83489 #mc:52262 s=4e-07
[m4gb]  M #b:1030 #cp: 17710 #mr:83489 #mc:52262 s=0.0018056
[m4gb]  P lcmdegree=4
[m4gb]  P #b:1030 #cp: 17198 #mr:83489 #mc:52262 s=2.04192
[m4gb]  P #n:58
[m4gb]  U #b:1088 #cp: 18548 #mr:83547 #mc:52262 s=0.263408
[m4gb]  M #b:1088 #cp: 18548 #mr:83547 #mc:52204 s=0.0017882
[m4gb]  P lcmdegree=4
[m4gb]  P #b:1088 #cp: 18036 #mr:83547 #mc:52204 s=4.94324
[m4gb]  P #n:323
[m4gb]  U #b:1411 #cp: 26062 #mr:83870 #mc:52204 s=2.09938
[m4gb]  M #b:1411 #cp: 26062 #mr:83870 #mc:51881 s=0.0083495
[m4gb]  P lcmdegree=4
[m4gb]  P #b:1411 #cp: 25550 #mr:83870 #mc:51881 s=4.46888
[m4gb]  P #n:502
[m4gb]  U #b:1913 #cp: 37446 #mr:84372 #mc:51881 s=5.38665
[m4gb]  M #b:1913 #cp: 37446 #mr:84372 #mc:51379 s=0.0027836
[m4gb]  P lcmdegree=4
[m4gb]  P #b:1913 #cp: 36934 #mr:84372 #mc:51379 s=4.60314
[m4gb]  P #n:503
[m4gb]  U #b:2416 #cp: 49584 #mr:84875 #mc:51379 s=8.28877
[m4gb]  M #b:2416 #cp: 49584 #mr:84875 #mc:50876 s=0.0029097
[m4gb]  P lcmdegree=4
[m4gb]  P #b:2416 #cp: 49072 #mr:84875 #mc:50876 s=6.21394
[m4gb]  P #n:501
[m4gb]  U #b:2917 #cp: 62002 #mr:85376 #mc:50876 s=10.8286
[m4gb]  M #b:2917 #cp: 62002 #mr:85376 #mc:50375 s=0.0019715
[m4gb]  P lcmdegree=4
[m4gb]  P #b:2917 #cp: 61490 #mr:85376 #mc:50375 s=6.55481
[m4gb]  P #n:475
[m4gb]  U #b:3392 #cp: 74274 #mr:85851 #mc:50375 s=13.1125
[m4gb]  M #b:3392 #cp: 74274 #mr:85851 #mc:49900 s=0.0015977
[m4gb]  P lcmdegree=4
[m4gb]  P #b:3392 #cp: 73762 #mr:85851 #mc:49900 s=8.81281
[m4gb]  P #n:435
[m4gb]  U #b:3752 #cp: 84416 #mr:86419 #mc:49900 s=15.0958
[m4gb]  M #b:3752 #cp: 84416 #mr:86419 #mc:49332 s=0.016766
[m4gb]  P lcmdegree=4
[m4gb]  P #b:3752 #cp: 83904 #mr:86419 #mc:49332 s=8.74534
[m4gb]  P #n:512
[m4gb]  U #b:4264 #cp: 97838 #mr:86931 #mc:49332 s=19.2947
[m4gb]  M #b:4264 #cp: 97838 #mr:86931 #mc:48820 s=0.0019048
[m4gb]  P lcmdegree=4
[m4gb]  P #b:4264 #cp: 97326 #mr:86931 #mc:48820 s=8.51978
[m4gb]  P #n:511
[m4gb]  U #b:4775 #cp:111652 #mr:87442 #mc:48820 s=23.8813
[m4gb]  M #b:4775 #cp:111652 #mr:87442 #mc:48309 s=0.0020303
[m4gb]  P lcmdegree=4
[m4gb]  P #b:4775 #cp:111140 #mr:87442 #mc:48309 s=18.3685
[m4gb]  P #n:907
[m4gb]  U #b:4805 #cp:117070 #mr:89817 #mc:48309 s=73.4348
[m4gb]  M #b:4805 #cp:117070 #mr:89817 #mc:45934 s=0.0150626
[m4gb]  P lcmdegree=4
[m4gb]  P #b:4805 #cp:116558 #mr:89817 #mc:45934 s=24.9857
[m4gb]  P #n:810
[m4gb]  U #b:5346 #cp:135484 #mr:91059 #mc:45934 s=40.7959
[m4gb]  M #b:5346 #cp:135484 #mr:91059 #mc:44692 s=0.0125075
[m4gb]  P lcmdegree=4
[m4gb]  P #b:5346 #cp:134972 #mr:91059 #mc:44692 s=18.7223
[m4gb]  P #n:469
[m4gb]  U #b:5815 #cp:148646 #mr:91528 #mc:44692 s=26.9064
[m4gb]  M #b:5815 #cp:148646 #mr:91528 #mc:44223 s=0.0016549
[m4gb]  P lcmdegree=4
[m4gb]  P #b:5815 #cp:148134 #mr:91528 #mc:44223 s=11.7588
[m4gb]  P #n:611
[m4gb]  U #b:6174 #cp:159882 #mr:92536 #mc:44223 s=43.8491
[m4gb]  M #b:6174 #cp:159882 #mr:92536 #mc:43215 s=0.0126174
[m4gb]  P lcmdegree=4
[m4gb]  P #b:6174 #cp:159370 #mr:92536 #mc:43215 s=14.905
[m4gb]  P #n:390
[m4gb]  U #b:6396 #cp:166653 #mr:93178 #mc:43215 s=29.0089
[m4gb]  M #b:6396 #cp:166653 #mr:93178 #mc:42573 s=0.0110293
[m4gb]  P lcmdegree=4
[m4gb]  P #b:6396 #cp:166141 #mr:93178 #mc:42573 s=9.93027
[m4gb]  P #n:368
[m4gb]  U #b:6764 #cp:177067 #mr:93546 #mc:42573 s=28.1198
[m4gb]  M #b:6764 #cp:177067 #mr:93546 #mc:42205 s=0.000968
[m4gb]  P lcmdegree=4
[m4gb]  P #b:6764 #cp:176555 #mr:93546 #mc:42205 s=9.85291
[m4gb]  P #n:424
[m4gb]  U #b:7188 #cp:189474 #mr:93970 #mc:42205 s=23.7436
[m4gb]  M #b:7188 #cp:189474 #mr:93970 #mc:41781 s=0.0012172
[m4gb]  P lcmdegree=4
[m4gb]  P #b:7188 #cp:188962 #mr:93970 #mc:41781 s=17.0031
[m4gb]  P #n:701
[m4gb]  U #b:7049 #cp:189992 #mr:95897 #mc:41781 s=56.6575
[m4gb]  M #b:7049 #cp:189992 #mr:95897 #mc:39854 s=0.0108507
[m4gb]  P lcmdegree=4
[m4gb]  P #b:7049 #cp:189480 #mr:95897 #mc:39854 s=14.4301
[m4gb]  P #n:308
[m4gb]  U #b:7357 #cp:199028 #mr:96205 #mc:39854 s=25.8635
[m4gb]  M #b:7357 #cp:199028 #mr:96205 #mc:39546 s=0.0011764
[m4gb]  P lcmdegree=4
[m4gb]  P #b:7357 #cp:198516 #mr:96205 #mc:39546 s=8.67057
[m4gb]  P #n:28
[m4gb]  U #b:7385 #cp:199384 #mr:96233 #mc:39546 s=2.36758
[m4gb]  M #b:7385 #cp:199384 #mr:96233 #mc:39518 s=0.0010744
[m4gb]  P lcmdegree=4
[m4gb]  P #b:7385 #cp:198872 #mr:96233 #mc:39518 s=3.84518
[m4gb]  P #n:0
[m4gb]  U #b:7385 #cp:198872 #mr:96233 #mc:39518 s=5e-07
[m4gb]  M #b:7385 #cp:198872 #mr:96233 #mc:39518 s=0.0003947
[m4gb]  P lcmdegree=4
[m4gb]  P #b:7385 #cp:198360 #mr:96233 #mc:39518 s=3.30799
[m4gb]  P #n:0
[m4gb]  U #b:7385 #cp:198360 #mr:96233 #mc:39518 s=1e-06
[m4gb]  M #b:7385 #cp:198360 #mr:96233 #mc:39518 s=0.0003661
[m4gb]  P lcmdegree=4
[m4gb]  P #b:7385 #cp:197848 #mr:96233 #mc:39518 s=3.49938
[m4gb]  P #n:0
[m4gb]  U #b:7385 #cp:197848 #mr:96233 #mc:39518 s=4e-07
[m4gb]  M #b:7385 #cp:197848 #mr:96233 #mc:39518 s=0.0005577
[m4gb]  P lcmdegree=4
[m4gb]  P #b:7385 #cp:197336 #mr:96233 #mc:39518 s=5.80606
[m4gb]  P #n:28
[m4gb]  U #b:7413 #cp:198204 #mr:96261 #mc:39518 s=2.35941
[m4gb]  M #b:7413 #cp:198204 #mr:96261 #mc:39490 s=0.0009273
[m4gb]  P lcmdegree=4
[m4gb]  P #b:7413 #cp:197692 #mr:96261 #mc:39490 s=3.53869
[m4gb]  P #n:0
[m4gb]  U #b:7413 #cp:197692 #mr:96261 #mc:39490 s=1e-06
[m4gb]  M #b:7413 #cp:197692 #mr:96261 #mc:39490 s=0.0005447
[m4gb]  P lcmdegree=4
[m4gb]  P #b:7413 #cp:197180 #mr:96261 #mc:39490 s=2.27333
[m4gb]  P #n:0
[m4gb]  U #b:7413 #cp:197180 #mr:96261 #mc:39490 s=8e-07
[m4gb]  M #b:7413 #cp:197180 #mr:96261 #mc:39490 s=0.0003563
[m4gb]  P lcmdegree=4
[m4gb]  P #b:7413 #cp:196668 #mr:96261 #mc:39490 s=1.73707
[m4gb]  P #n:0
[m4gb]  U #b:7413 #cp:196668 #mr:96261 #mc:39490 s=8e-07
[m4gb]  M #b:7413 #cp:196668 #mr:96261 #mc:39490 s=0.0003534
[m4gb]  P lcmdegree=4
[m4gb]  P #b:7413 #cp:196156 #mr:96261 #mc:39490 s=1.5646
[m4gb]  P #n:0
[m4gb]  U #b:7413 #cp:196156 #mr:96261 #mc:39490 s=5e-07
[m4gb]  M #b:7413 #cp:196156 #mr:96261 #mc:39490 s=0.0003451
[m4gb]  P lcmdegree=4
[m4gb]  P #b:7413 #cp:195644 #mr:96261 #mc:39490 s=1.79976
[m4gb]  P #n:0
[m4gb]  U #b:7413 #cp:195644 #mr:96261 #mc:39490 s=6e-07
[m4gb]  M #b:7413 #cp:195644 #mr:96261 #mc:39490 s=0.000571
[m4gb]  P lcmdegree=4
[m4gb]  P #b:7413 #cp:195132 #mr:96261 #mc:39490 s=2.97746
[m4gb]  P #n:0
[m4gb]  U #b:7413 #cp:195132 #mr:96261 #mc:39490 s=7e-07
[m4gb]  M #b:7413 #cp:195132 #mr:96261 #mc:39490 s=0.0003653
[m4gb]  P lcmdegree=4
[m4gb]  P #b:7413 #cp:194620 #mr:96261 #mc:39490 s=1.80148
[m4gb]  P #n:0
[m4gb]  U #b:7413 #cp:194620 #mr:96261 #mc:39490 s=9e-07
[m4gb]  M #b:7413 #cp:194620 #mr:96261 #mc:39490 s=0.0003534
[m4gb]  P lcmdegree=4
[m4gb]  P #b:7413 #cp:194108 #mr:96261 #mc:39490 s=1.67327
[m4gb]  P #n:0
[m4gb]  U #b:7413 #cp:194108 #mr:96261 #mc:39490 s=8e-07
[m4gb]  M #b:7413 #cp:194108 #mr:96261 #mc:39490 s=0.0003373
[m4gb]  P lcmdegree=4
[m4gb]  P #b:7413 #cp:193596 #mr:96261 #mc:39490 s=2.9714
[m4gb]  P #n:0
[m4gb]  U #b:7413 #cp:193596 #mr:96261 #mc:39490 s=8e-07
[m4gb]  M #b:7413 #cp:193596 #mr:96261 #mc:39490 s=0.0003861
[m4gb]  P lcmdegree=4
[m4gb]  P #b:7413 #cp:193084 #mr:96261 #mc:39490 s=1.76111
[m4gb]  P #n:0
[m4gb]  U #b:7413 #cp:193084 #mr:96261 #mc:39490 s=1e-06
[m4gb]  M #b:7413 #cp:193084 #mr:96261 #mc:39490 s=0.0003277
[m4gb]  P lcmdegree=4
[m4gb]  P #b:7413 #cp:192572 #mr:96261 #mc:39490 s=1.74509
[m4gb]  P #n:0
[m4gb]  U #b:7413 #cp:192572 #mr:96261 #mc:39490 s=6e-07
[m4gb]  M #b:7413 #cp:192572 #mr:96261 #mc:39490 s=0.0003429
[m4gb]  P lcmdegree=4
[m4gb]  P #b:7413 #cp:192060 #mr:96261 #mc:39490 s=3.6799
[m4gb]  P #n:0
[m4gb]  U #b:7413 #cp:192060 #mr:96261 #mc:39490 s=5e-07
[m4gb]  M #b:7413 #cp:192060 #mr:96261 #mc:39490 s=0.0003577
[m4gb]  P lcmdegree=4
[m4gb]  P #b:7413 #cp:191548 #mr:96261 #mc:39490 s=9.41432
[m4gb]  P #n:0
[m4gb]  U #b:7413 #cp:191548 #mr:96261 #mc:39490 s=8e-07
[m4gb]  M #b:7413 #cp:191548 #mr:96261 #mc:39490 s=0.0003783
[m4gb]  P lcmdegree=4
[m4gb]  P #b:7413 #cp:191036 #mr:96261 #mc:39490 s=3.03809
[m4gb]  P #n:300
[m4gb]  U #b:7713 #cp:200308 #mr:96561 #mc:39490 s=26.5135
[m4gb]  M #b:7713 #cp:200308 #mr:96561 #mc:39190 s=0.0009271
[m4gb]  P lcmdegree=4
[m4gb]  P #b:7713 #cp:199796 #mr:96561 #mc:39190 s=4.44753
[m4gb]  P #n:113
[m4gb]  U #b:7826 #cp:203299 #mr:96674 #mc:39190 s=11.0058
[m4gb]  M #b:7826 #cp:203299 #mr:96674 #mc:39077 s=0.0030488
[m4gb]  P lcmdegree=4
[m4gb]  P #b:7826 #cp:202787 #mr:96674 #mc:39077 s=3.42676
[m4gb]  P #n:0
[m4gb]  U #b:7826 #cp:202787 #mr:96674 #mc:39077 s=1e-06
[m4gb]  M #b:7826 #cp:202787 #mr:96674 #mc:39077 s=0.0004296
[m4gb]  P lcmdegree=4
[m4gb]  P #b:7826 #cp:202519 #mr:96674 #mc:39077 s=1.55618
[m4gb]  P #n:0
[m4gb]  U #b:7826 #cp:202519 #mr:96674 #mc:39077 s=9e-07
[m4gb]  M #b:7826 #cp:202519 #mr:96674 #mc:39077 s=0.0003304
[m4gb]  P lcmdegree=5
[m4gb]  P #b:7826 #cp:202007 #mr:1091296 #mc:130463 s=29.6339
[m4gb]  P #n:121
[m4gb]  U #b: 145 #cp:  4740 #mr:10507 #mc: 7061 s=293.066
[m4gb]  M #b: 145 #cp:  4740 #mr:10507 #mc:  648 s=0.0029983
[m4gb]  P lcmdegree=3
[m4gb]  P #b: 145 #cp:  4228 #mr:11693 #mc:  648 s=0.022499
[m4gb]  P #n:0
[m4gb]  U #b: 145 #cp:  4228 #mr:10507 #mc:  648 s=0.0022536
[m4gb]  M #b: 145 #cp:  4228 #mr:10507 #mc:  648 s=8.75e-05
[m4gb]  P lcmdegree=3
[m4gb]  P #b: 145 #cp:  3716 #mr:11693 #mc:  648 s=0.0261759
[m4gb]  P #n:0
[m4gb]  U #b: 145 #cp:  3716 #mr:10507 #mc:  648 s=0.0022401
[m4gb]  M #b: 145 #cp:  3716 #mr:10507 #mc:  648 s=6.69e-05
[m4gb]  P lcmdegree=3
[m4gb]  P #b: 145 #cp:  3204 #mr:11693 #mc:  648 s=0.0363882
[m4gb]  P #n:0
[m4gb]  U #b: 145 #cp:  3204 #mr:10507 #mc:  648 s=0.0022807
[m4gb]  M #b: 145 #cp:  3204 #mr:10507 #mc:  648 s=6.75e-05
[m4gb]  P lcmdegree=3
[m4gb]  P #b: 145 #cp:  2692 #mr:11693 #mc:  648 s=0.0219269
[m4gb]  P #n:0
[m4gb]  U #b: 145 #cp:  2692 #mr:10507 #mc:  648 s=0.0019294
[m4gb]  M #b: 145 #cp:  2692 #mr:10507 #mc:  648 s=4.79e-05
[m4gb]  P lcmdegree=3
[m4gb]  P #b: 145 #cp:  2180 #mr:11693 #mc:  648 s=0.0463794
[m4gb]  P #n:0
[m4gb]  U #b: 145 #cp:  2180 #mr:10507 #mc:  648 s=0.0020926
[m4gb]  M #b: 145 #cp:  2180 #mr:10507 #mc:  648 s=6.63e-05
[m4gb]  P lcmdegree=3
[m4gb]  P #b: 145 #cp:  1668 #mr:11693 #mc:  648 s=0.0460481
[m4gb]  P #n:0
[m4gb]  U #b: 145 #cp:  1668 #mr:10507 #mc:  648 s=0.0018473
[m4gb]  M #b: 145 #cp:  1668 #mr:10507 #mc:  648 s=5.5e-05
[m4gb]  P lcmdegree=3
[m4gb]  P #b: 145 #cp:  1156 #mr:11693 #mc:  648 s=0.0322522
[m4gb]  P #n:0
[m4gb]  U #b: 145 #cp:  1156 #mr:10507 #mc:  648 s=0.0021124
[m4gb]  M #b: 145 #cp:  1156 #mr:10507 #mc:  648 s=5.63e-05
[m4gb]  P lcmdegree=3
[m4gb]  P #b: 145 #cp:   644 #mr:11693 #mc:  648 s=0.0497036
[m4gb]  P #n:0
[m4gb]  U #b: 145 #cp:   644 #mr:10507 #mc:  648 s=0.0026517
[m4gb]  M #b: 145 #cp:   644 #mr:10507 #mc:  648 s=8.96e-05
[m4gb]  P lcmdegree=3
[m4gb]  P #b: 145 #cp:   132 #mr:11693 #mc:  648 s=0.0388335
[m4gb]  P #n:0
[m4gb]  U #b: 145 #cp:   132 #mr:10507 #mc:  648 s=0.002541
[m4gb]  M #b: 145 #cp:   132 #mr:10507 #mc:  648 s=6.92e-05
[m4gb]  P lcmdegree=3
[m4gb]  P #b: 145 #cp:     0 #mr:11693 #mc:  648 s=0.0171479
[m4gb]  P #n:0
[m4gb]  upper_bound = 12341 = X39^4
[m4gb]  total update time   : 785.172s
[m4gb]  total matrix time   : 0.142592s
[m4gb]  total selection time: 308.019s
[m4gb]  total time          : 1093.33s
X16 + X17 + X18 + X20 + X22 + X26 + X29 + X31
X15 + X17 + X19 + X21 + X24 + X26 + X27 + X28 + 1
X14 + X18 + X21 + X23 + X24 + X27 + X28 + X29
X13 + X24 + X25 + X26 + X27 + X28 + X29 + X30 + 1
X12 + X17 + X18 + X19 + X22 + X24 + X26 + X30 + 1
X11 + X19 + X21 + X22 + X26 + X27 + X28 + 1
X10 + X21 + X23 + X28 + X31
X9 + X17 + X19 + X20 + X21 + X23 + X24 + X26 + X28 + X29 + X31 + 1
X8 + X17 + X19 + X20 + X21 + X22 + X27 + X29
X7 + X17 + X18 + X23 + X25 + X27 + X28 + X29 + X31
X6 + X18 + X20 + X25 + X26 + X27 + X30 + 1
X5 + X18 + X21 + X23 + X25 + X29 + X30 + 1
X4 + X20 + X21 + X22 + X23 + X25 + X26 + X27 + X28 + X29 + X30 + 1
X3 + X19 + X20 + X21 + X22 + X23 + X24 + X26 + X28 + X31 + 1
X2 + X17 + X18 + X23 + X28 + X31 + 1
X1 + X17 + X20 + X21 + X23 + X25 + X31
X0 + X18 + X19 + X20 + X21 + X22 + X23 + X25 + X29 + X30 + 1
^2 + 
^2 + 
^2 + 
^2 + 
^2 + 
^2 + 
^2 + 
^2 + 
X31^2 + X31
X31*X30 + X20 + X21 + X23 + X24 + X25 + X26 + X27 + X31 + 1
X31*X29 + X17 + X18 + X20 + X21 + X23 + X25 + X26 + X27 + X31 + 1
X31*X28 + X25 + X28 + 1
X31*X27 + X18 + X19 + X21 + X22 + X23 + X28 + X29 + X31
X31*X26 + X17 + X18 + X19 + X21 + X23 + X25 + X27 + X28 + X31 + 1
X31*X25 + X31
X31*X24 + X17 + X18 + X19 + X20 + X24 + X26 + X28
X31*X23 + X17 + X18 + X19 + X20 + X23 + X24 + X25 + X28 + X30 + 1
X31*X22 + X17 + X18 + X19 + X22 + X27 + X29 + 1
X31*X21 + X17 + X18 + X23 + X24 + X26 + X28 + X30
X31*X20 + X18 + X20 + X21 + X22 + X23 + X25 + X26 + X28 + X29 + 1
X31*X19 + X17 + X22 + X25 + X27 + X29 + X31 + 1
X31*X18 + X17 + X18 + X19 + X22 + X27 + X29 + 1
X31*X17 + X17 + X18 + X20 + X22 + X26 + X27 + X28 + X29 + 1
X30^2 + X30
X30*X29 + X17 + X18 + X19 + X21 + X22 + X25 + X27 + X29 + X30 + X31 + 1
X30*X28 + X21 + X22 + X25 + X27 + X29 + X30
X30*X27 + X18 + X19 + X20 + X21 + X24 + X25 + X26 + X27 + X28 + X30
X30*X26 + X18 + X19 + X20 + X21 + X24 + X25 + X28 + X30
X30*X25 + X17 + X22 + X25 + X26 + X29 + X30 + 1
X30*X24 + X17 + X18 + X19 + X20 + X21 + X22 + X24 + X26 + X28 + X29 + 1
X30*X23 + X17 + X18 + X19 + X22 + X26 + X27 + X28 + X29 + X30 + 1
X30*X22 + X17 + X18 + X19 + X20 + X21 + X22 + X23 + X24 + X25 + X26 + X27 + X28 + X29 + X31
X30*X21 + X17 + X18 + X19 + X23 + X25 + X26 + X30
X30*X20 + X18 + X19 + X20 + X21 + X22 + X23 + X24 + X26 + X29 + 1
X30*X19 + X19 + X24 + X25 + X26
X30*X18 + X17 + X19 + X20 + X25 + X26 + X27 + X30 + 1
X30*X17 + X18 + X19 + X21 + X23 + X25 + X26 + 1
X29^2 + X29
X29*X28 + X17 + X20 + X22 + X24 + X25 + X26 + X27 + X28 + X29 + X30
X29*X27 + X17 + X18 + X20 + X27 + X28 + 1
X29*X26 + X17 + X19 + X23 + X24 + X25 + X27 + X28
X29*X25 + X18 + X21 + X22 + X23 + X24 + X28 + X30 + X31 + 1
X29*X24 + X17 + X22 + X24 + X25 + X29 + X30 + 1
X29*X23 + X17 + X18 + X20 + X21 + X23 + X25 + X26 + X27 + X31 + 1
X29*X22 + X18 + X19 + X20 + X23 + X24 + X25 + X29 + 1
X29*X21 + X18 + X19 + X20 + X23 + X24 + X25 + X29 + 1
X29*X20 + X17 + X18 + X19 + X20 + X22 + X23 + X30
X29*X19 + X19 + X22 + X23 + X27 + X28 + X30 + 1
X29*X18 + X17 + X19 + X20 + X23 + X24 + X25 + X26 + 1
X29*X17 + X17 + X18 + X20 + X27 + X28 + 1
X28^2 + X28
X28*X27 + X17 + X20 + X21 + X22 + X23 + X24 + X25 + X28 + X29 + X30 + 1
X28*X26 + X19 + X22 + X23 + X24 + X25 + X26 + X29 + X31
X28*X25 + X25 + X28 + 1
X28*X24 + X17 + X19 + X21 + X22 + X23 + X24 + X25 + X27 + X29 + X30 + X31 + 1
X28*X23 + X19 + X21 + X23 + X24 + X26 + X27 + X28 + X30 + X31
X28*X22 + X17 + X20 + X23 + X24 + X25 + X27
X28*X21 + X17 + X20 + X21 + X24 + X26 + X28
X28*X20 + X19 + X21 + X22 + X24 + X25 + X27 + X29 + X31 + 1
X28*X19 + X17 + X23 + X25 + X30 + 1
X28*X18 + X18 + X20 + X21 + X25 + X26 + X27 + X28 + X30 + X31 + 1
X28*X17 + X17 + X19 + X22 + X24 + X25 + X26 + X28 + X29 + X30 + X31
X27^2 + X27
X27*X26 + X17 + X18 + X21 + X22 + X24 + X26 + X29 + X31 + 1
X27*X25 + X17 + X18 + X19 + X20 + X24 + X27 + X28 + X30
X27*X24 + X17 + X18 + X24 + X25 + X26 + X27 + X31 + 1
X27*X23 + X19 + X21 + X24 + X26 + X27 + X28 + X30 + X31
X27*X22 + X20 + X21 + X24 + X27 + X28 + X31
X27*X21 + X19 + X20 + X22 + X25 + X27 + X28 + X29 + X30 + X31 + 1
X27*X20 + X20 + X21 + X22 + X24 + X25 + X26 + X29 + 1
X27*X19 + X17 + X20 + X21 + X24 + X27 + X28 + X31
X27*X18 + X17 + X18 + X20 + X23 + X26 + X27 + X30 + 1
X27*X17 + X17
X26^2 + X26
X26*X25 + X18 + X19 + X20 + X22 + X24 + X25 + X28 + X29 + X30 + 1
X26*X24 + X17 + X21 + X26 + 1
X26*X23 + X18 + X20 + X21 + X22 + X26 + X29 + X31
X26*X22 + X17 + X18 + X19 + X21 + X25 + X27 + X30 + X31 + 1
X26*X21 + X18 + X22 + X23 + X24 + X26 + X28 + X29 + X30 + X31
X26*X20 + X17 + X18 + X20 + X22 + X23 + X28 + X29 + X30 + X31 + 1
X26*X19 + X19 + X22 + X23 + X24 + X25 + X27 + X28 + X29
X26*X18 + X18 + X19 + X21 + X22 + X25 + X26 + X27 + X29 + X30 + X31 + 1
X26*X17 + X17 + X18 + X21 + X22 + X23 + X24 + X28 + X29 + X30 + X31 + 1
X25^2 + X25
X25*X24 + X18 + X19 + X20 + X22 + X25 + X26 + X28 + X29 + X30 + 1
X25*X23 + X17 + X18 + X19 + X20 + X23 + X24 + X25 + X28 + X30 + 1
X25*X22 + X18 + X19 + X20 + X24 + X25 + X26 + X28 + X29 + X30 + 1
X25*X21 + X17 + X18 + X23 + X24 + X25 + X26 + X28 + X30 + X31
X25*X20 + X17 + X18 + X20 + X21 + X23 + X24 + X25 + X26 + X28 + X30 + X31
X25*X19 + X17 + X20 + X21 + X22 + X23 + X25 + X29 + X31
X25*X18 + X17 + X18 + X19 + X20 + X21 + X22 + X23 + X25 + X29 + X31
X25*X17 + X18 + X21 + X23 + X24 + X26 + X28 + X30 + X31 + 1
X24^2 + X24
X24*X23 + X18 + X21 + X24 + X25 + X27 + X31
X24*X22 + X18 + X19 + X23 + X24 + X26 + X30 + 1
X24*X21 + X17 + X18 + X19 + X21 + X23 + X24 + X25 + X26 + 1
X24*X20 + X18 + X19 + X23 + X25
X24*X19 + X17 + X19 + X20 + X21 + X25 + X26 + X27 + X28 + X31
X24*X18 + X17 + X18 + X19 + X22 + X23 + X24 + X29 + X30 + 1
X24*X17 + X17 + X18 + X19 + X21 + X23 + X25 + X26 + 1
X23^2 + X23
X23*X22 + X17 + X22 + X23 + X25 + X27 + X29 + 1
X23*X21 + X17 + X19 + X21 + X22 + X23 + X24 + X25 + X26 + X28 + X29 + X30 + X31 + 1
X23*X20 + X17 + X22 + X23 + X25 + X27 + X29 + 1
X23*X19 + X17 + X22 + X23 + X25 + X27 + X29 + 1
X23*X18 + X17 + X22 + X23 + X25 + X27 + X29 + 1
X23*X17
X22^2 + X22
X22*X21 + X20 + X24 + X29 + 1
X22*X20 + X22 + X24 + X25 + X26 + X30 + 1
X22*X19 + X17 + X20 + X21 + X23 + X25 + X26 + X27 + X29 + X31 + 1
X22*X18 + X21 + X22 + X23 + X24 + X28 + X29 + X30 + X31 + 1
X22*X17 + X20 + X21 + X23 + X24 + X26 + X27 + X30 + X31
X21^2 + X21
X21*X20 + X17 + X24 + X26 + 1
X21*X19 + X17 + X20 + X25 + X26 + X28 + X30 + X31 + 1
X21*X18 + X17 + X20 + X21 + X22 + X23 + X26 + X28 + X29 + X30 + X31
X21*X17 + X19 + X22 + X24 + X25 + X26 + X28 + X29 + X30 + X31
X20^2 + X20
X20*X19 + X17 + X19 + X20 + X22 + X24 + X26 + X27 + X29 + X30 + 1
X20*X18 + X17 + X21 + X23 + X25 + X28 + X31
X20*X17 + X19 + X22 + X24 + X25 + X26 + X28 + X29 + X30 + X31
X19^2 + X19
X19*X18 + X18 + X20 + X21 + X23 + X25 + X27 + X31 + 1
X19*X17 + X17 + X20 + X21 + X23 + X24 + X26 + X27 + X30 + X31
X18^2 + X18
X18*X17 + X17 + X18 + X20 + X27 + X28 + 1
X17^2 + X17
Total CPU time : 1515.88 s
Peak memory    : 1609 MiB
Resource index : 2.43904e+06 s*MiB
