[parser] loading polynomials from 'scan6/wd_N34_n32.in' (format: default)
[m4gb]  I 0 0 71 0
[m4gb]  U #b:  71 #cp:   302 #mr:  111 #mc:  861 s=0.0036702
[m4gb]  M #b:  71 #cp:   302 #mr:  111 #mc:  750 s=0.0002693
[m4gb]  P lcmdegree=3
[m4gb]  P #b:  71 #cp:     0 #mr: 3359 #mc: 8982 s=0.0959051
[m4gb]  P #n:302
[m4gb]  U #b: 373 #cp:  5051 #mr: 4579 #mc: 8982 s=0.188363
[m4gb]  M #b: 373 #cp:  5051 #mr: 4579 #mc: 7762 s=0.0021251
[m4gb]  P lcmdegree=3
[m4gb]  P #b: 373 #cp:  4760 #mr: 4579 #mc: 7762 s=0.10523
[m4gb]  P #n:291
[m4gb]  U #b: 664 #cp: 10283 #mr: 4870 #mc: 7762 s=0.417594
[m4gb]  M #b: 664 #cp: 10283 #mr: 4870 #mc: 7471 s=0.0005995
[m4gb]  P lcmdegree=4
[m4gb]  P #b: 664 #cp:  9771 #mr:84125 #mc:51626 s=2.64092
[m4gb]  P #n:505
[m4gb]  U #b:1169 #cp: 21775 #mr:89069 #mc:51626 s=2.38417
[m4gb]  M #b:1169 #cp: 21775 #mr:89069 #mc:46682 s=0.0143697
[m4gb]  P lcmdegree=4
[m4gb]  P #b:1169 #cp: 21263 #mr:89069 #mc:46682 s=1.59775
[m4gb]  P #n:0
[m4gb]  U #b:1169 #cp: 21263 #mr:89069 #mc:46682 s=8e-07
[m4gb]  M #b:1169 #cp: 21263 #mr:89069 #mc:46682 s=0.0006452
[m4gb]  P lcmdegree=4
[m4gb]  P #b:1169 #cp: 20751 #mr:89069 #mc:46682 s=1.93593
[m4gb]  P #n:0
[m4gb]  U #b:1169 #cp: 20751 #mr:89069 #mc:46682 s=8e-07
[m4gb]  M #b:1169 #cp: 20751 #mr:89069 #mc:46682 s=0.0004104
[m4gb]  P lcmdegree=4
[m4gb]  P #b:1169 #cp: 20239 #mr:89069 #mc:46682 s=1.96261
[m4gb]  P #n:271
[m4gb]  U #b:1440 #cp: 27200 #mr:89340 #mc:46682 s=1.39426
[m4gb]  M #b:1440 #cp: 27200 #mr:89340 #mc:46411 s=0.0009075
[m4gb]  P lcmdegree=4
[m4gb]  P #b:1440 #cp: 26688 #mr:89340 #mc:46411 s=5.13001
[m4gb]  P #n:492
[m4gb]  U #b:1932 #cp: 39304 #mr:89832 #mc:46411 s=4.2915
[m4gb]  M #b:1932 #cp: 39304 #mr:89832 #mc:45919 s=0.0014399
[m4gb]  P lcmdegree=4
[m4gb]  P #b:1932 #cp: 38792 #mr:89832 #mc:45919 s=4.62472
[m4gb]  P #n:483
[m4gb]  U #b:2415 #cp: 51519 #mr:90315 #mc:45919 s=6.53403
[m4gb]  M #b:2415 #cp: 51519 #mr:90315 #mc:45436 s=0.0016833
[m4gb]  P lcmdegree=4
[m4gb]  P #b:2415 #cp: 51007 #mr:90315 #mc:45436 s=4.16991
[m4gb]  P #n:341
[m4gb]  U #b:2756 #cp: 60272 #mr:90656 #mc:45436 s=5.92037
[m4gb]  M #b:2756 #cp: 60272 #mr:90656 #mc:45095 s=0.001423
[m4gb]  P lcmdegree=4
[m4gb]  P #b:2756 #cp: 59760 #mr:90656 #mc:45095 s=4.81358
[m4gb]  P #n:512
[m4gb]  U #b:3268 #cp: 73354 #mr:91168 #mc:45095 s=12.1808
[m4gb]  M #b:3268 #cp: 73354 #mr:91168 #mc:44583 s=0.0016898
[m4gb]  P lcmdegree=4
[m4gb]  P #b:3268 #cp: 72842 #mr:91168 #mc:44583 s=5.45497
[m4gb]  P #n:513
[m4gb]  U #b:3781 #cp: 86632 #mr:91681 #mc:44583 s=15.3234
[m4gb]  M #b:3781 #cp: 86632 #mr:91681 #mc:44070 s=0.0015955
[m4gb]  P lcmdegree=4
[m4gb]  P #b:3781 #cp: 86120 #mr:91681 #mc:44070 s=5.38065
[m4gb]  P #n:511
[m4gb]  U #b:4292 #cp:100875 #mr:92192 #mc:44070 s=17.6105
[m4gb]  M #b:4292 #cp:100875 #mr:92192 #mc:43559 s=0.0017479
[m4gb]  P lcmdegree=4
[m4gb]  P #b:4292 #cp:100363 #mr:92192 #mc:43559 s=10.2832
[m4gb]  P #n:491
[m4gb]  U #b:4783 #cp:114602 #mr:92683 #mc:43559 s=20.1283
[m4gb]  M #b:4783 #cp:114602 #mr:92683 #mc:43068 s=0.0015451
[m4gb]  P lcmdegree=4
[m4gb]  P #b:4783 #cp:114090 #mr:92683 #mc:43068 s=10.1901
[m4gb]  P #n:500
[m4gb]  U #b:5283 #cp:128472 #mr:93183 #mc:43068 s=27.8715
[m4gb]  M #b:5283 #cp:128472 #mr:93183 #mc:42568 s=0.0016815
[m4gb]  P lcmdegree=4
[m4gb]  P #b:5283 #cp:127960 #mr:93183 #mc:42568 s=12.5457
[m4gb]  P #n:581
[m4gb]  U #b:5762 #cp:142970 #mr:93917 #mc:42568 s=36.281
[m4gb]  M #b:5762 #cp:142970 #mr:93917 #mc:41834 s=0.0103481
[m4gb]  P lcmdegree=4
[m4gb]  P #b:5762 #cp:142458 #mr:93917 #mc:41834 s=15.8464
[m4gb]  P #n:755
[m4gb]  U #b:6263 #cp:158925 #mr:94847 #mc:41834 s=52.0324
[m4gb]  M #b:6263 #cp:158925 #mr:94847 #mc:40904 s=0.0099384
[m4gb]  P lcmdegree=4
[m4gb]  P #b:6263 #cp:158413 #mr:94847 #mc:40904 s=16.6126
[m4gb]  P #n:512
[m4gb]  U #b:6775 #cp:173531 #mr:95359 #mc:40904 s=35.984
[m4gb]  M #b:6775 #cp:173531 #mr:95359 #mc:40392 s=0.0016086
[m4gb]  P lcmdegree=4
[m4gb]  P #b:6775 #cp:173019 #mr:95359 #mc:40392 s=19.7874
[m4gb]  P #n:916
[m4gb]  U #b:6666 #cp:179479 #mr:97720 #mc:40392 s=120.421
[m4gb]  M #b:6666 #cp:179479 #mr:97720 #mc:38031 s=0.0103327
[m4gb]  P lcmdegree=4
[m4gb]  P #b:6666 #cp:178967 #mr:97720 #mc:38031 s=27.6109
[m4gb]  P #n:770
[m4gb]  U #b:6893 #cp:190149 #mr:99058 #mc:38031 s=69.0157
[m4gb]  M #b:6893 #cp:190149 #mr:99058 #mc:36693 s=0.014873
[m4gb]  P lcmdegree=4
[m4gb]  P #b:6893 #cp:189637 #mr:99058 #mc:36693 s=26.8407
[m4gb]  P #n:512
[m4gb]  U #b:7405 #cp:205997 #mr:99570 #mc:36693 s=45.6744
[m4gb]  M #b:7405 #cp:205997 #mr:99570 #mc:36181 s=0.0013913
[m4gb]  P lcmdegree=4
[m4gb]  P #b:7405 #cp:205485 #mr:99570 #mc:36181 s=15.0243
[m4gb]  P #n:670
[m4gb]  U #b:7793 #cp:221452 #mr:100493 #mc:36181 s=69.2613
[m4gb]  M #b:7793 #cp:221452 #mr:100493 #mc:35258 s=0.0167955
[m4gb]  P lcmdegree=4
[m4gb]  P #b:7793 #cp:220940 #mr:100493 #mc:35258 s=16.3116
[m4gb]  P #n:298
[m4gb]  U #b:8091 #cp:230476 #mr:100791 #mc:35258 s=31.0236
[m4gb]  M #b:8091 #cp:230476 #mr:100791 #mc:34960 s=0.0012287
[m4gb]  P lcmdegree=4
[m4gb]  P #b:8091 #cp:229964 #mr:100791 #mc:34960 s=8.83802
[m4gb]  P #n:465
[m4gb]  U #b:8556 #cp:244662 #mr:101256 #mc:34960 s=33.7064
[m4gb]  M #b:8556 #cp:244662 #mr:101256 #mc:34495 s=0.000947
[m4gb]  P lcmdegree=4
[m4gb]  P #b:8556 #cp:244150 #mr:101256 #mc:34495 s=12.3037
[m4gb]  P #n:328
[m4gb]  U #b:8884 #cp:254772 #mr:101584 #mc:34495 s=27.5941
[m4gb]  M #b:8884 #cp:254772 #mr:101584 #mc:34167 s=0.001263
[m4gb]  P lcmdegree=4
[m4gb]  P #b:8884 #cp:254260 #mr:101584 #mc:34167 s=7.70446
[m4gb]  P #n:318
[m4gb]  U #b:9202 #cp:264754 #mr:101902 #mc:34167 s=36.8259
[m4gb]  M #b:9202 #cp:264754 #mr:101902 #mc:33849 s=0.0012548
[m4gb]  P lcmdegree=4
[m4gb]  P #b:9202 #cp:264242 #mr:101902 #mc:33849 s=9.20247
[m4gb]  P #n:320
[m4gb]  U #b:9522 #cp:274802 #mr:102222 #mc:33849 s=39.0431
[m4gb]  M #b:9522 #cp:274802 #mr:102222 #mc:33529 s=0.0013315
[m4gb]  P lcmdegree=4
[m4gb]  P #b:9522 #cp:274290 #mr:102222 #mc:33529 s=15.9456
[m4gb]  P #n:661
[m4gb]  U #b:9225 #cp:271789 #mr:104039 #mc:33529 s=97.9071
[m4gb]  M #b:9225 #cp:271789 #mr:104039 #mc:31712 s=0.0084865
[m4gb]  P lcmdegree=4
[m4gb]  P #b:9225 #cp:271277 #mr:104039 #mc:31712 s=14.1886
[m4gb]  P #n:257
[m4gb]  U #b:9482 #cp:279758 #mr:104296 #mc:31712 s=31.9351
[m4gb]  M #b:9482 #cp:279758 #mr:104296 #mc:31455 s=0.0008678
[m4gb]  P lcmdegree=4
[m4gb]  P #b:9482 #cp:279246 #mr:104296 #mc:31455 s=7.17057
[m4gb]  P #n:125
[m4gb]  U #b:9607 #cp:283371 #mr:104421 #mc:31455 s=16.2485
[m4gb]  M #b:9607 #cp:283371 #mr:104421 #mc:31330 s=0.0265399
[m4gb]  P lcmdegree=4
[m4gb]  P #b:9607 #cp:282859 #mr:104421 #mc:31330 s=5.80998
[m4gb]  P #n:0
[m4gb]  U #b:9607 #cp:282859 #mr:104421 #mc:31330 s=6e-07
[m4gb]  M #b:9607 #cp:282859 #mr:104421 #mc:31330 s=0.0003163
[m4gb]  P lcmdegree=4
[m4gb]  P #b:9607 #cp:282347 #mr:104421 #mc:31330 s=3.07372
[m4gb]  P #n:32
[m4gb]  U #b:9639 #cp:283403 #mr:104453 #mc:31330 s=4.27603
[m4gb]  M #b:9639 #cp:283403 #mr:104453 #mc:31298 s=0.0005693
[m4gb]  P lcmdegree=4
[m4gb]  P #b:9639 #cp:282891 #mr:104453 #mc:31298 s=6.81193
[m4gb]  P #n:32
[m4gb]  U #b:9671 #cp:283947 #mr:104485 #mc:31298 s=4.59047
[m4gb]  M #b:9671 #cp:283947 #mr:104485 #mc:31266 s=0.0005265
[m4gb]  P lcmdegree=4
[m4gb]  P #b:9671 #cp:283435 #mr:104485 #mc:31266 s=4.43637
[m4gb]  P #n:0
[m4gb]  U #b:9671 #cp:283435 #mr:104485 #mc:31266 s=6e-07
[m4gb]  M #b:9671 #cp:283435 #mr:104485 #mc:31266 s=0.0002575
[m4gb]  P lcmdegree=4
[m4gb]  P #b:9671 #cp:282923 #mr:104485 #mc:31266 s=3.58692
[m4gb]  P #n:0
[m4gb]  U #b:9671 #cp:282923 #mr:104485 #mc:31266 s=6e-07
[m4gb]  M #b:9671 #cp:282923 #mr:104485 #mc:31266 s=0.0002811
[m4gb]  P lcmdegree=4
[m4gb]  P #b:9671 #cp:282411 #mr:104485 #mc:31266 s=4.49436
[m4gb]  P #n:0
[m4gb]  U #b:9671 #cp:282411 #mr:104485 #mc:31266 s=7e-07
[m4gb]  M #b:9671 #cp:282411 #mr:104485 #mc:31266 s=0.0003178
[m4gb]  P lcmdegree=4
[m4gb]  P #b:9671 #cp:281899 #mr:104485 #mc:31266 s=2.95523
[m4gb]  P #n:0
[m4gb]  U #b:9671 #cp:281899 #mr:104485 #mc:31266 s=6e-07
[m4gb]  M #b:9671 #cp:281899 #mr:104485 #mc:31266 s=0.0002603
[m4gb]  P lcmdegree=4
[m4gb]  P #b:9671 #cp:281387 #mr:104485 #mc:31266 s=2.01952
[m4gb]  P #n:0
[m4gb]  U #b:9671 #cp:281387 #mr:104485 #mc:31266 s=8e-07
[m4gb]  M #b:9671 #cp:281387 #mr:104485 #mc:31266 s=0.0006254
[m4gb]  P lcmdegree=4
[m4gb]  P #b:9671 #cp:280875 #mr:104485 #mc:31266 s=3.37779
[m4gb]  P #n:0
[m4gb]  U #b:9671 #cp:280875 #mr:104485 #mc:31266 s=8e-07
[m4gb]  M #b:9671 #cp:280875 #mr:104485 #mc:31266 s=0.0002698
[m4gb]  P lcmdegree=4
[m4gb]  P #b:9671 #cp:280363 #mr:104485 #mc:31266 s=1.85241
[m4gb]  P #n:0
[m4gb]  U #b:9671 #cp:280363 #mr:104485 #mc:31266 s=8e-07
[m4gb]  M #b:9671 #cp:280363 #mr:104485 #mc:31266 s=0.00026
[m4gb]  P lcmdegree=4
[m4gb]  P #b:9671 #cp:279851 #mr:104485 #mc:31266 s=1.71186
[m4gb]  P #n:0
[m4gb]  U #b:9671 #cp:279851 #mr:104485 #mc:31266 s=7e-07
[m4gb]  M #b:9671 #cp:279851 #mr:104485 #mc:31266 s=0.0002676
[m4gb]  P lcmdegree=4
[m4gb]  P #b:9671 #cp:279339 #mr:104485 #mc:31266 s=1.59444
[m4gb]  P #n:0
[m4gb]  U #b:9671 #cp:279339 #mr:104485 #mc:31266 s=7e-07
[m4gb]  M #b:9671 #cp:279339 #mr:104485 #mc:31266 s=0.0003166
[m4gb]  P lcmdegree=4
[m4gb]  P #b:9671 #cp:278827 #mr:104485 #mc:31266 s=2.64461
[m4gb]  P #n:0
[m4gb]  U #b:9671 #cp:278827 #mr:104485 #mc:31266 s=7e-07
[m4gb]  M #b:9671 #cp:278827 #mr:104485 #mc:31266 s=0.000261
[m4gb]  P lcmdegree=4
[m4gb]  P #b:9671 #cp:278315 #mr:104485 #mc:31266 s=3.20658
[m4gb]  P #n:0
[m4gb]  U #b:9671 #cp:278315 #mr:104485 #mc:31266 s=7e-07
[m4gb]  M #b:9671 #cp:278315 #mr:104485 #mc:31266 s=0.0002689
[m4gb]  P lcmdegree=4
[m4gb]  P #b:9671 #cp:277803 #mr:104485 #mc:31266 s=1.79367
[m4gb]  P #n:0
[m4gb]  U #b:9671 #cp:277803 #mr:104485 #mc:31266 s=8e-07
[m4gb]  M #b:9671 #cp:277803 #mr:104485 #mc:31266 s=0.0002638
[m4gb]  P lcmdegree=4
[m4gb]  P #b:9671 #cp:277291 #mr:104485 #mc:31266 s=1.68914
[m4gb]  P #n:0
[m4gb]  U #b:9671 #cp:277291 #mr:104485 #mc:31266 s=7e-07
[m4gb]  M #b:9671 #cp:277291 #mr:104485 #mc:31266 s=0.0002617
[m4gb]  P lcmdegree=4
[m4gb]  P #b:9671 #cp:276779 #mr:104485 #mc:31266 s=3.68474
[m4gb]  P #n:0
[m4gb]  U #b:9671 #cp:276779 #mr:104485 #mc:31266 s=8e-07
[m4gb]  M #b:9671 #cp:276779 #mr:104485 #mc:31266 s=0.0002728
[m4gb]  P lcmdegree=4
[m4gb]  P #b:9671 #cp:276267 #mr:104485 #mc:31266 s=1.99324
[m4gb]  P #n:0
[m4gb]  U #b:9671 #cp:276267 #mr:104485 #mc:31266 s=7e-07
[m4gb]  M #b:9671 #cp:276267 #mr:104485 #mc:31266 s=0.0002707
[m4gb]  P lcmdegree=4
[m4gb]  P #b:9671 #cp:275755 #mr:104485 #mc:31266 s=1.77166
[m4gb]  P #n:0
[m4gb]  U #b:9671 #cp:275755 #mr:104485 #mc:31266 s=5e-07
[m4gb]  M #b:9671 #cp:275755 #mr:104485 #mc:31266 s=0.0003066
[m4gb]  P lcmdegree=4
[m4gb]  P #b:9671 #cp:275243 #mr:104485 #mc:31266 s=1.76784
[m4gb]  P #n:0
[m4gb]  U #b:9671 #cp:275243 #mr:104485 #mc:31266 s=9e-07
[m4gb]  M #b:9671 #cp:275243 #mr:104485 #mc:31266 s=0.0002892
[m4gb]  P lcmdegree=4
[m4gb]  P #b:9671 #cp:274731 #mr:104485 #mc:31266 s=12.0851
[m4gb]  P #n:0
[m4gb]  U #b:9671 #cp:274731 #mr:104485 #mc:31266 s=6e-07
[m4gb]  M #b:9671 #cp:274731 #mr:104485 #mc:31266 s=0.0002861
[m4gb]  P lcmdegree=4
[m4gb]  P #b:9671 #cp:274219 #mr:104485 #mc:31266 s=3.69818
[m4gb]  P #n:131
[m4gb]  U #b:9802 #cp:278503 #mr:104616 #mc:31266 s=17.5053
[m4gb]  M #b:9802 #cp:278503 #mr:104616 #mc:31135 s=0.0009269
[m4gb]  P lcmdegree=4
[m4gb]  P #b:9802 #cp:277991 #mr:104616 #mc:31135 s=41.0518
[m4gb]  P #n:35
[m4gb]  U #b:  46 #cp:  1963 #mr: 7247 #mc: 5570 s=355.642
[m4gb]  M #b:  46 #cp:  1963 #mr: 7247 #mc:  130 s=0.026162
[m4gb]  P lcmdegree=3
[m4gb]  P #b:  46 #cp:  1451 #mr:12211 #mc:  130 s=0.0228737
[m4gb]  P #n:0
[m4gb]  U #b:  46 #cp:  1451 #mr: 7247 #mc:  130 s=0.0018432
[m4gb]  M #b:  46 #cp:  1451 #mr: 7247 #mc:  130 s=3.75e-05
[m4gb]  P lcmdegree=3
[m4gb]  P #b:  46 #cp:   939 #mr:12211 #mc:  130 s=0.0291252
[m4gb]  P #n:0
[m4gb]  U #b:  46 #cp:   939 #mr: 7247 #mc:  130 s=0.0018456
[m4gb]  M #b:  46 #cp:   939 #mr: 7247 #mc:  130 s=4.45e-05
[m4gb]  P lcmdegree=3
[m4gb]  P #b:  46 #cp:   427 #mr:12211 #mc:  130 s=0.0652591
[m4gb]  P #n:0
[m4gb]  U #b:  46 #cp:   427 #mr: 7247 #mc:  130 s=0.0018281
[m4gb]  M #b:  46 #cp:   427 #mr: 7247 #mc:  130 s=3.54e-05
[m4gb]  P lcmdegree=3
[m4gb]  P #b:  46 #cp:     0 #mr:12211 #mc:  130 s=0.0187589
[m4gb]  P #n:0
[m4gb]  upper_bound = 12341 = X39^4
[m4gb]  total update time   : 1239.22s
[m4gb]  total matrix time   : 0.173295s
[m4gb]  total selection time: 401.566s
[m4gb]  total time          : 1640.96s
X29 + X30 + X31 + X32 + 1
X28 + X30 + X32
X27 + X32
X26 + 1
X25 + X30 + X32 + 1
X24 + X30 + X31 + X32 + X33 + 1
X23 + X31 + X32 + X33
X22 + X31 + X32
X21 + X30 + X33
X20 + X32
X19 + X30 + X31
X18 + X30 + X31 + X32 + X33 + 1
X17 + X30 + X33 + 1
X16 + X31 + X32 + 1
X15 + X30 + X31 + X32
X14 + X33
X13 + X31 + X32
X12 + X30 + X31 + X32 + X33 + 1
X11
X10 + X31 + 1
X9 + X31 + X32
X8 + X31 + X32 + X33
X7 + X30 + X31 + X32 + X33
X6 + X32
X5 + X31 + X32 + X33
X4 + X31 + X33 + 1
X3 + X32 + X33 + 1
X2 + X31
X1 + X31 + X33 + 1
X0 + X30 + X32 + X33
^2 + 
^2 + 
^2 + 
^2 + 
^2 + 
^2 + 
X33^2 + X33
X33*X32
X33*X31 + X33
X33*X30
X32^2 + X32
X32*X31 + X32
X32*X30 + X32
X31^2 + X31
X31*X30 + X31 + X33
X30^2 + X30
Total CPU time : 2040.52 s
Peak memory    : 1654 MiB
Resource index : 3.37501e+06 s*MiB
