[parser] loading polynomials from 'scan6/wd_N34_n31.in' (format: default)
[m4gb]  I 0 0 70 0
[m4gb]  U #b:  70 #cp:   285 #mr:  110 #mc:  861 s=0.003325
[m4gb]  M #b:  70 #cp:   285 #mr:  110 #mc:  751 s=0.0003354
[m4gb]  P lcmdegree=3
[m4gb]  P #b:  70 #cp:     0 #mr: 3336 #mc: 9005 s=0.12968
[m4gb]  P #n:285
[m4gb]  U #b: 355 #cp:  4798 #mr: 4484 #mc: 9005 s=0.233005
[m4gb]  M #b: 355 #cp:  4798 #mr: 4484 #mc: 7857 s=0.0020139
[m4gb]  P lcmdegree=3
[m4gb]  P #b: 355 #cp:  4530 #mr: 4484 #mc: 7857 s=0.0696372
[m4gb]  P #n:268
[m4gb]  U #b: 623 #cp:  9451 #mr: 4752 #mc: 7857 s=0.396401
[m4gb]  M #b: 623 #cp:  9451 #mr: 4752 #mc: 7589 s=0.0006698
[m4gb]  P lcmdegree=4
[m4gb]  P #b: 623 #cp:  8939 #mr:82393 #mc:53358 s=3.40333
[m4gb]  P #n:502
[m4gb]  U #b:1125 #cp: 20639 #mr:87783 #mc:53358 s=2.3385
[m4gb]  M #b:1125 #cp: 20639 #mr:87783 #mc:47968 s=0.0116373
[m4gb]  P lcmdegree=4
[m4gb]  P #b:1125 #cp: 20127 #mr:87783 #mc:47968 s=1.87306
[m4gb]  P #n:0
[m4gb]  U #b:1125 #cp: 20127 #mr:87783 #mc:47968 s=1.4e-06
[m4gb]  M #b:1125 #cp: 20127 #mr:87783 #mc:47968 s=0.0010348
[m4gb]  P lcmdegree=4
[m4gb]  P #b:1125 #cp: 19615 #mr:87783 #mc:47968 s=2.25235
[m4gb]  P #n:0
[m4gb]  U #b:1125 #cp: 19615 #mr:87783 #mc:47968 s=8e-07
[m4gb]  M #b:1125 #cp: 19615 #mr:87783 #mc:47968 s=0.0007713
[m4gb]  P lcmdegree=4
[m4gb]  P #b:1125 #cp: 19103 #mr:87783 #mc:47968 s=2.71364
[m4gb]  P #n:261
[m4gb]  U #b:1386 #cp: 25752 #mr:88044 #mc:47968 s=1.5295
[m4gb]  M #b:1386 #cp: 25752 #mr:88044 #mc:47707 s=0.0015044
[m4gb]  P lcmdegree=4
[m4gb]  P #b:1386 #cp: 25240 #mr:88044 #mc:47707 s=5.92784
[m4gb]  P #n:384
[m4gb]  U #b:1770 #cp: 34911 #mr:88428 #mc:47707 s=3.46613
[m4gb]  M #b:1770 #cp: 34911 #mr:88428 #mc:47323 s=0.0019275
[m4gb]  P lcmdegree=4
[m4gb]  P #b:1770 #cp: 34399 #mr:88428 #mc:47323 s=5.37818
[m4gb]  P #n:430
[m4gb]  U #b:2200 #cp: 45893 #mr:88858 #mc:47323 s=5.75521
[m4gb]  M #b:2200 #cp: 45893 #mr:88858 #mc:46893 s=0.0017391
[m4gb]  P lcmdegree=4
[m4gb]  P #b:2200 #cp: 45381 #mr:88858 #mc:46893 s=4.61746
[m4gb]  P #n:512
[m4gb]  U #b:2712 #cp: 58517 #mr:89370 #mc:46893 s=8.02021
[m4gb]  M #b:2712 #cp: 58517 #mr:89370 #mc:46381 s=0.0018433
[m4gb]  P lcmdegree=4
[m4gb]  P #b:2712 #cp: 58005 #mr:89370 #mc:46381 s=4.15499
[m4gb]  P #n:513
[m4gb]  U #b:3225 #cp: 71326 #mr:89883 #mc:46381 s=12.4316
[m4gb]  M #b:3225 #cp: 71326 #mr:89883 #mc:45868 s=0.0017104
[m4gb]  P lcmdegree=4
[m4gb]  P #b:3225 #cp: 70814 #mr:89883 #mc:45868 s=5.01426
[m4gb]  P #n:490
[m4gb]  U #b:3715 #cp: 84534 #mr:90373 #mc:45868 s=14.3209
[m4gb]  M #b:3715 #cp: 84534 #mr:90373 #mc:45378 s=0.00171
[m4gb]  P lcmdegree=4
[m4gb]  P #b:3715 #cp: 84022 #mr:90373 #mc:45378 s=10.3736
[m4gb]  P #n:501
[m4gb]  U #b:4216 #cp: 97914 #mr:90874 #mc:45378 s=18.4208
[m4gb]  M #b:4216 #cp: 97914 #mr:90874 #mc:44877 s=0.0016708
[m4gb]  P lcmdegree=4
[m4gb]  P #b:4216 #cp: 97402 #mr:90874 #mc:44877 s=10.5652
[m4gb]  P #n:491
[m4gb]  U #b:4707 #cp:111641 #mr:91365 #mc:44877 s=20.826
[m4gb]  M #b:4707 #cp:111641 #mr:91365 #mc:44386 s=0.0019419
[m4gb]  P lcmdegree=4
[m4gb]  P #b:4707 #cp:111129 #mr:91365 #mc:44386 s=10.3247
[m4gb]  P #n:324
[m4gb]  U #b:5031 #cp:120807 #mr:91689 #mc:44386 s=13.6576
[m4gb]  M #b:5031 #cp:120807 #mr:91689 #mc:44062 s=0.0019272
[m4gb]  P lcmdegree=4
[m4gb]  P #b:5031 #cp:120295 #mr:91689 #mc:44062 s=17.2916
[m4gb]  P #n:1208
[m4gb]  U #b:5185 #cp:134520 #mr:94443 #mc:44062 s=105.25
[m4gb]  M #b:5185 #cp:134520 #mr:94443 #mc:41308 s=0.0099217
[m4gb]  P lcmdegree=4
[m4gb]  P #b:5185 #cp:134008 #mr:94443 #mc:41308 s=26.9074
[m4gb]  P #n:842
[m4gb]  U #b:5562 #cp:145997 #mr:96127 #mc:41308 s=55.3627
[m4gb]  M #b:5562 #cp:145997 #mr:96127 #mc:39624 s=0.0151002
[m4gb]  P lcmdegree=4
[m4gb]  P #b:5562 #cp:145485 #mr:96127 #mc:39624 s=29.4329
[m4gb]  P #n:513
[m4gb]  U #b:6075 #cp:161093 #mr:96640 #mc:39624 s=26.2711
[m4gb]  M #b:6075 #cp:161093 #mr:96640 #mc:39111 s=0.0014695
[m4gb]  P lcmdegree=4
[m4gb]  P #b:6075 #cp:160581 #mr:96640 #mc:39111 s=12.5542
[m4gb]  P #n:616
[m4gb]  U #b:6494 #cp:175013 #mr:97504 #mc:39111 s=41.4057
[m4gb]  M #b:6494 #cp:175013 #mr:97504 #mc:38247 s=0.0110626
[m4gb]  P lcmdegree=4
[m4gb]  P #b:6494 #cp:174501 #mr:97504 #mc:38247 s=13.9934
[m4gb]  P #n:368
[m4gb]  U #b:6862 #cp:185909 #mr:97872 #mc:38247 s=28.8354
[m4gb]  M #b:6862 #cp:185909 #mr:97872 #mc:37879 s=0.0027217
[m4gb]  P lcmdegree=4
[m4gb]  P #b:6862 #cp:185397 #mr:97872 #mc:37879 s=9.06257
[m4gb]  P #n:377
[m4gb]  U #b:7239 #cp:196828 #mr:98249 #mc:37879 s=31.5253
[m4gb]  M #b:7239 #cp:196828 #mr:98249 #mc:37502 s=0.0024424
[m4gb]  P lcmdegree=4
[m4gb]  P #b:7239 #cp:196316 #mr:98249 #mc:37502 s=9.42025
[m4gb]  P #n:385
[m4gb]  U #b:7624 #cp:208500 #mr:98634 #mc:37502 s=32.2589
[m4gb]  M #b:7624 #cp:208500 #mr:98634 #mc:37117 s=0.0014526
[m4gb]  P lcmdegree=4
[m4gb]  P #b:7624 #cp:207988 #mr:98634 #mc:37117 s=10.9211
[m4gb]  P #n:195
[m4gb]  U #b:7819 #cp:214228 #mr:98829 #mc:37117 s=15.967
[m4gb]  M #b:7819 #cp:214228 #mr:98829 #mc:36922 s=0.0014079
[m4gb]  P lcmdegree=4
[m4gb]  P #b:7819 #cp:213716 #mr:98829 #mc:36922 s=7.83719
[m4gb]  P #n:442
[m4gb]  U #b:8261 #cp:227860 #mr:99271 #mc:36922 s=40.418
[m4gb]  M #b:8261 #cp:227860 #mr:99271 #mc:36480 s=0.008712
[m4gb]  P lcmdegree=4
[m4gb]  P #b:8261 #cp:227348 #mr:99271 #mc:36480 s=11.1613
[m4gb]  P #n:477
[m4gb]  U #b:8738 #cp:242612 #mr:99748 #mc:36480 s=54.0698
[m4gb]  M #b:8738 #cp:242612 #mr:99748 #mc:36003 s=0.0016157
[m4gb]  P lcmdegree=4
[m4gb]  P #b:8738 #cp:242100 #mr:99748 #mc:36003 s=14.7342
[m4gb]  P #n:317
[m4gb]  U #b:9055 #cp:252244 #mr:100065 #mc:36003 s=28.9543
[m4gb]  M #b:9055 #cp:252244 #mr:100065 #mc:35686 s=0.0014831
[m4gb]  P lcmdegree=4
[m4gb]  P #b:9055 #cp:251732 #mr:100065 #mc:35686 s=15.7259
[m4gb]  P #n:765
[m4gb]  U #b:8863 #cp:254522 #mr:102156 #mc:35686 s=103.674
[m4gb]  M #b:8863 #cp:254522 #mr:102156 #mc:33595 s=0.0089954
[m4gb]  P lcmdegree=4
[m4gb]  P #b:8863 #cp:254010 #mr:102156 #mc:33595 s=18.8774
[m4gb]  P #n:194
[m4gb]  U #b:9057 #cp:260412 #mr:102350 #mc:33595 s=16.5994
[m4gb]  M #b:9057 #cp:260412 #mr:102350 #mc:33401 s=0.0033827
[m4gb]  P lcmdegree=4
[m4gb]  P #b:9057 #cp:259900 #mr:102350 #mc:33401 s=6.91264
[m4gb]  P #n:58
[m4gb]  U #b:9115 #cp:261814 #mr:102408 #mc:33401 s=6.39
[m4gb]  M #b:9115 #cp:261814 #mr:102408 #mc:33343 s=0.0013349
[m4gb]  P lcmdegree=4
[m4gb]  P #b:9115 #cp:261302 #mr:102408 #mc:33343 s=5.43253
[m4gb]  P #n:0
[m4gb]  U #b:9115 #cp:261302 #mr:102408 #mc:33343 s=8e-07
[m4gb]  M #b:9115 #cp:261302 #mr:102408 #mc:33343 s=0.0003469
[m4gb]  P lcmdegree=4
[m4gb]  P #b:9115 #cp:260790 #mr:102408 #mc:33343 s=7.61415
[m4gb]  P #n:31
[m4gb]  U #b:9146 #cp:261813 #mr:102439 #mc:33343 s=3.40766
[m4gb]  M #b:9146 #cp:261813 #mr:102439 #mc:33312 s=0.0013325
[m4gb]  P lcmdegree=4
[m4gb]  P #b:9146 #cp:261301 #mr:102439 #mc:33312 s=5.39612
[m4gb]  P #n:0
[m4gb]  U #b:9146 #cp:261301 #mr:102439 #mc:33312 s=8e-07
[m4gb]  M #b:9146 #cp:261301 #mr:102439 #mc:33312 s=0.0005128
[m4gb]  P lcmdegree=4
[m4gb]  P #b:9146 #cp:260789 #mr:102439 #mc:33312 s=4.44638
[m4gb]  P #n:0
[m4gb]  U #b:9146 #cp:260789 #mr:102439 #mc:33312 s=7e-07
[m4gb]  M #b:9146 #cp:260789 #mr:102439 #mc:33312 s=0.0004838
[m4gb]  P lcmdegree=4
[m4gb]  P #b:9146 #cp:260277 #mr:102439 #mc:33312 s=3.51092
[m4gb]  P #n:0
[m4gb]  U #b:9146 #cp:260277 #mr:102439 #mc:33312 s=5e-07
[m4gb]  M #b:9146 #cp:260277 #mr:102439 #mc:33312 s=0.000543
[m4gb]  P lcmdegree=4
[m4gb]  P #b:9146 #cp:259765 #mr:102439 #mc:33312 s=1.93654
[m4gb]  P #n:0
[m4gb]  U #b:9146 #cp:259765 #mr:102439 #mc:33312 s=6e-07
[m4gb]  M #b:9146 #cp:259765 #mr:102439 #mc:33312 s=0.0002856
[m4gb]  P lcmdegree=4
[m4gb]  P #b:9146 #cp:259253 #mr:102439 #mc:33312 s=2.64713
[m4gb]  P #n:0
[m4gb]  U #b:9146 #cp:259253 #mr:102439 #mc:33312 s=8e-07
[m4gb]  M #b:9146 #cp:259253 #mr:102439 #mc:33312 s=0.0003236
[m4gb]  P lcmdegree=4
[m4gb]  P #b:9146 #cp:258741 #mr:102439 #mc:33312 s=1.8077
[m4gb]  P #n:0
[m4gb]  U #b:9146 #cp:258741 #mr:102439 #mc:33312 s=1e-06
[m4gb]  M #b:9146 #cp:258741 #mr:102439 #mc:33312 s=0.000302
[m4gb]  P lcmdegree=4
[m4gb]  P #b:9146 #cp:258229 #mr:102439 #mc:33312 s=1.7891
[m4gb]  P #n:0
[m4gb]  U #b:9146 #cp:258229 #mr:102439 #mc:33312 s=8e-07
[m4gb]  M #b:9146 #cp:258229 #mr:102439 #mc:33312 s=0.0003944
[m4gb]  P lcmdegree=4
[m4gb]  P #b:9146 #cp:257717 #mr:102439 #mc:33312 s=1.6968
[m4gb]  P #n:0
[m4gb]  U #b:9146 #cp:257717 #mr:102439 #mc:33312 s=1.4e-06
[m4gb]  M #b:9146 #cp:257717 #mr:102439 #mc:33312 s=0.0003193
[m4gb]  P lcmdegree=4
[m4gb]  P #b:9146 #cp:257205 #mr:102439 #mc:33312 s=1.68361
[m4gb]  P #n:0
[m4gb]  U #b:9146 #cp:257205 #mr:102439 #mc:33312 s=9e-07
[m4gb]  M #b:9146 #cp:257205 #mr:102439 #mc:33312 s=0.0003101
[m4gb]  P lcmdegree=4
[m4gb]  P #b:9146 #cp:256693 #mr:102439 #mc:33312 s=2.43389
[m4gb]  P #n:0
[m4gb]  U #b:9146 #cp:256693 #mr:102439 #mc:33312 s=8e-07
[m4gb]  M #b:9146 #cp:256693 #mr:102439 #mc:33312 s=0.0003018
[m4gb]  P lcmdegree=4
[m4gb]  P #b:9146 #cp:256181 #mr:102439 #mc:33312 s=1.85052
[m4gb]  P #n:0
[m4gb]  U #b:9146 #cp:256181 #mr:102439 #mc:33312 s=8e-07
[m4gb]  M #b:9146 #cp:256181 #mr:102439 #mc:33312 s=0.0003218
[m4gb]  P lcmdegree=4
[m4gb]  P #b:9146 #cp:255669 #mr:102439 #mc:33312 s=1.76291
[m4gb]  P #n:0
[m4gb]  U #b:9146 #cp:255669 #mr:102439 #mc:33312 s=6e-07
[m4gb]  M #b:9146 #cp:255669 #mr:102439 #mc:33312 s=0.0003204
[m4gb]  P lcmdegree=4
[m4gb]  P #b:9146 #cp:255157 #mr:102439 #mc:33312 s=1.70817
[m4gb]  P #n:0
[m4gb]  U #b:9146 #cp:255157 #mr:102439 #mc:33312 s=5e-07
[m4gb]  M #b:9146 #cp:255157 #mr:102439 #mc:33312 s=0.0002913
[m4gb]  P lcmdegree=4
[m4gb]  P #b:9146 #cp:254645 #mr:102439 #mc:33312 s=2.61226
[m4gb]  P #n:0
[m4gb]  U #b:9146 #cp:254645 #mr:102439 #mc:33312 s=1e-06
[m4gb]  M #b:9146 #cp:254645 #mr:102439 #mc:33312 s=0.0002851
[m4gb]  P lcmdegree=4
[m4gb]  P #b:9146 #cp:254133 #mr:102439 #mc:33312 s=1.84497
[m4gb]  P #n:0
[m4gb]  U #b:9146 #cp:254133 #mr:102439 #mc:33312 s=6e-07
[m4gb]  M #b:9146 #cp:254133 #mr:102439 #mc:33312 s=0.0002951
[m4gb]  P lcmdegree=4
[m4gb]  P #b:9146 #cp:253621 #mr:102439 #mc:33312 s=1.76021
[m4gb]  P #n:0
[m4gb]  U #b:9146 #cp:253621 #mr:102439 #mc:33312 s=6e-07
[m4gb]  M #b:9146 #cp:253621 #mr:102439 #mc:33312 s=0.0002959
[m4gb]  P lcmdegree=4
[m4gb]  P #b:9146 #cp:253109 #mr:102439 #mc:33312 s=1.68014
[m4gb]  P #n:0
[m4gb]  U #b:9146 #cp:253109 #mr:102439 #mc:33312 s=5e-07
[m4gb]  M #b:9146 #cp:253109 #mr:102439 #mc:33312 s=0.0002889
[m4gb]  P lcmdegree=4
[m4gb]  P #b:9146 #cp:252597 #mr:102439 #mc:33312 s=13.0749
[m4gb]  P #n:0
[m4gb]  U #b:9146 #cp:252597 #mr:102439 #mc:33312 s=8e-07
[m4gb]  M #b:9146 #cp:252597 #mr:102439 #mc:33312 s=0.0003452
[m4gb]  P lcmdegree=4
[m4gb]  P #b:9146 #cp:252085 #mr:102439 #mc:33312 s=3.34404
[m4gb]  P #n:176
[m4gb]  U #b:9322 #cp:257841 #mr:102615 #mc:33312 s=21.1306
[m4gb]  M #b:9322 #cp:257841 #mr:102615 #mc:33136 s=0.000941
[m4gb]  P lcmdegree=4
[m4gb]  P #b:9322 #cp:257329 #mr:102615 #mc:33136 s=2.71364
[m4gb]  P #n:350
[m4gb]  U #b:9672 #cp:268879 #mr:102965 #mc:33136 s=37.1087
[m4gb]  M #b:9672 #cp:268879 #mr:102965 #mc:32786 s=0.0011002
[m4gb]  P lcmdegree=4
[m4gb]  P #b:9672 #cp:268367 #mr:102965 #mc:32786 s=8.23317
[m4gb]  P #n:0
[m4gb]  U #b:9672 #cp:268367 #mr:102965 #mc:32786 s=6e-07
[m4gb]  M #b:9672 #cp:268367 #mr:102965 #mc:32786 s=0.0003073
[m4gb]  P lcmdegree=4
[m4gb]  P #b:9672 #cp:267855 #mr:102965 #mc:32786 s=2.15417
[m4gb]  P #n:0
[m4gb]  U #b:9672 #cp:267855 #mr:102965 #mc:32786 s=6e-07
[m4gb]  M #b:9672 #cp:267855 #mr:102965 #mc:32786 s=0.0003665
[m4gb]  P lcmdegree=4
[m4gb]  P #b:9672 #cp:267603 #mr:102965 #mc:32786 s=1.30055
[m4gb]  P #n:0
[m4gb]  U #b:9672 #cp:267603 #mr:102965 #mc:32786 s=8e-07
[m4gb]  M #b:9672 #cp:267603 #mr:102965 #mc:32786 s=0.0002558
[m4gb]  P lcmdegree=5
[m4gb]  P #b:9672 #cp:267091 #mr:1129136 #mc:92623 s=4.23133
[m4gb]  P #n:512
[m4gb]  U #b:10184 #cp:283987 #mr:1118571 #mc:92623 s=53.9366
[m4gb]  M #b:10184 #cp:283987 #mr:1118571 #mc:89039 s=0.0303762
[m4gb]  P lcmdegree=5
[m4gb]  P #b:10184 #cp:283475 #mr:1132720 #mc:89039 s=3.16996
[m4gb]  P #n:512
[m4gb]  U #b:10696 #cp:300371 #mr:1122155 #mc:89039 s=59.4386
[m4gb]  M #b:10696 #cp:300371 #mr:1122155 #mc:85455 s=0.0300057
[m4gb]  P lcmdegree=5
[m4gb]  P #b:10696 #cp:299859 #mr:1136304 #mc:85455 s=2.22448
[m4gb]  P #n:92
[m4gb]  U #b:10788 #cp:302895 #mr:1122799 #mc:85455 s=11.3211
[m4gb]  M #b:10788 #cp:302895 #mr:1122799 #mc:84811 s=0.0411235
[m4gb]  P lcmdegree=5
[m4gb]  P #b:10788 #cp:302383 #mr:1136948 #mc:84811 s=1.6714
[m4gb]  P #n:0
[m4gb]  U #b:10788 #cp:302383 #mr:1122799 #mc:84811 s=0.0685948
[m4gb]  M #b:10788 #cp:302383 #mr:1122799 #mc:84811 s=0.0014188
[m4gb]  P lcmdegree=5
[m4gb]  P #b:10788 #cp:301871 #mr:1136948 #mc:84811 s=4.10751
[m4gb]  P #n:46
[m4gb]  U #b:10834 #cp:303389 #mr:1123121 #mc:84811 s=5.9641
[m4gb]  M #b:10834 #cp:303389 #mr:1123121 #mc:84489 s=0.0496172
[m4gb]  P lcmdegree=5
[m4gb]  P #b:10834 #cp:302877 #mr:1137270 #mc:84489 s=65.1254
[m4gb]  P #n:110
[m4gb]  U #b: 131 #cp:  5060 #mr:10583 #mc: 6658 s=464.25
[m4gb]  M #b: 131 #cp:  5060 #mr:10583 #mc:  350 s=0.0032649
[m4gb]  P lcmdegree=3
[m4gb]  P #b: 131 #cp:  4548 #mr:11991 #mc:  350 s=0.0297447
[m4gb]  P #n:0
[m4gb]  U #b: 131 #cp:  4548 #mr:10583 #mc:  350 s=0.0022003
[m4gb]  M #b: 131 #cp:  4548 #mr:10583 #mc:  350 s=6.37e-05
[m4gb]  P lcmdegree=3
[m4gb]  P #b: 131 #cp:  4036 #mr:11991 #mc:  350 s=0.0289287
[m4gb]  P #n:0
[m4gb]  U #b: 131 #cp:  4036 #mr:10583 #mc:  350 s=0.0019665
[m4gb]  M #b: 131 #cp:  4036 #mr:10583 #mc:  350 s=4.59e-05
[m4gb]  P lcmdegree=3
[m4gb]  P #b: 131 #cp:  3524 #mr:11991 #mc:  350 s=0.0397859
[m4gb]  P #n:0
[m4gb]  U #b: 131 #cp:  3524 #mr:10583 #mc:  350 s=0.0019182
[m4gb]  M #b: 131 #cp:  3524 #mr:10583 #mc:  350 s=4.67e-05
[m4gb]  P lcmdegree=3
[m4gb]  P #b: 131 #cp:  3012 #mr:11991 #mc:  350 s=0.0282282
[m4gb]  P #n:0
[m4gb]  U #b: 131 #cp:  3012 #mr:10583 #mc:  350 s=0.0018997
[m4gb]  M #b: 131 #cp:  3012 #mr:10583 #mc:  350 s=6.09e-05
[m4gb]  P lcmdegree=3
[m4gb]  P #b: 131 #cp:  2500 #mr:11991 #mc:  350 s=0.0339777
[m4gb]  P #n:0
[m4gb]  U #b: 131 #cp:  2500 #mr:10583 #mc:  350 s=0.0018727
[m4gb]  M #b: 131 #cp:  2500 #mr:10583 #mc:  350 s=5.19e-05
[m4gb]  P lcmdegree=3
[m4gb]  P #b: 131 #cp:  1988 #mr:11991 #mc:  350 s=0.0509573
[m4gb]  P #n:0
[m4gb]  U #b: 131 #cp:  1988 #mr:10583 #mc:  350 s=0.0021614
[m4gb]  M #b: 131 #cp:  1988 #mr:10583 #mc:  350 s=4.89e-05
[m4gb]  P lcmdegree=3
[m4gb]  P #b: 131 #cp:  1476 #mr:11991 #mc:  350 s=0.0521245
[m4gb]  P #n:0
[m4gb]  U #b: 131 #cp:  1476 #mr:10583 #mc:  350 s=0.0021419
[m4gb]  M #b: 131 #cp:  1476 #mr:10583 #mc:  350 s=4.83e-05
[m4gb]  P lcmdegree=3
[m4gb]  P #b: 131 #cp:   964 #mr:11991 #mc:  350 s=0.0491958
[m4gb]  P #n:0
[m4gb]  U #b: 131 #cp:   964 #mr:10583 #mc:  350 s=0.0020019
[m4gb]  M #b: 131 #cp:   964 #mr:10583 #mc:  350 s=4.15e-05
[m4gb]  P lcmdegree=3
[m4gb]  P #b: 131 #cp:   452 #mr:11991 #mc:  350 s=0.0508857
[m4gb]  P #n:0
[m4gb]  U #b: 131 #cp:   452 #mr:10583 #mc:  350 s=0.0022502
[m4gb]  M #b: 131 #cp:   452 #mr:10583 #mc:  350 s=4.29e-05
[m4gb]  P lcmdegree=3
[m4gb]  P #b: 131 #cp:     0 #mr:11991 #mc:  350 s=0.0477358
[m4gb]  P #n:0
[m4gb]  upper_bound = 12341 = X39^4
[m4gb]  total update time   : 1345.03s
[m4gb]  total matrix time   : 0.270667s
[m4gb]  total selection time: 437.006s
[m4gb]  total time          : 1782.3s
X23 + X24 + X25 + X28 + X29 + X31 + X32 + X33
X22 + X24 + X25 + X26 + X27 + X28 + X31 + X32
X18 + X20 + X25 + X28 + X29 + X30 + X31 + 1
X16 + X19 + X20 + X24 + X30 + X32 + 1
X15 + X21 + X24 + X25 + X28 + X29 + X30 + 1
X14 + X17 + X20 + X24 + X25 + X26 + X27 + X28 + X29 + X30 + X31
X13 + X20 + X24 + X25 + X28 + X30 + X31 + X32 + X33 + 1
X12 + X17 + X19 + X20 + X21 + X24 + X25 + X26 + X28 + X29 + X32 + 1
X11 + X21 + X24 + X31 + X33 + 1
X10 + X20 + X21 + X26 + X27 + X29 + X30 + X31 + X32 + X33
X9 + X24 + X25 + X27 + X31
X8 + X17 + X20 + X25 + X26 + X28 + X30 + X33 + 1
X7 + X17 + X24 + X27 + X28 + X29 + X30 + X31 + X32
X6 + X17 + X20 + X21 + X25 + X26 + X28 + X30 + X32 + X33
X5 + X17 + X19 + X24 + X27 + X29 + X32 + 1
X4 + X17 + X20 + X21 + X25 + X29 + X30 + X31
X3 + X17 + X19 + X20 + X21 + X24 + X27 + X28 + X29 + X31 + X32 + 1
X2 + X27 + X32 + X33 + 1
X1 + X19 + X20 + X32
X0 + X17 + X24 + X25 + X26 + X27 + X31 + X32 + X33
^2 + 
^2 + 
^2 + 
^2 + 
^2 + 
^2 + 
X33^2 + X33
X33*X32 + X19 + X26 + X27 + X29 + X31 + X32
X33*X31 + X17 + X19 + X28 + X31 + X33 + 1
X33*X30 + X17 + X26 + X27 + X28 + X29 + X32 + 1
X33*X29 + X19 + X25 + X26 + X28 + X29 + X30 + 1
X33*X28 + X19 + X26 + X27 + X29 + X31 + X32
X33*X27 + X17 + X20 + X21 + X25 + X28 + X31 + 1
X33*X26 + X20 + X21 + X26 + X28 + X29 + X30 + X33 + 1
X33*X25 + X17 + X19 + X20 + X21 + X26 + X29 + X30 + X31
X33*X24 + X20 + X21 + X25 + X26 + X27 + X29 + X31 + X32 + X33
X33*X21 + X19 + X20 + X21 + X25 + X33
X33*X20 + X17 + X19 + X20 + X21 + X26 + X29 + X30 + X31 + X33
X33*X19
X33*X17 + X19 + X26 + X27 + X29 + X31 + X32
X32^2 + X32
X32*X31 + X19 + X27 + X29 + X33
X32*X30 + X19 + X27 + X29 + X33
X32*X29 + X17 + X19 + X25 + X26 + X27 + X29 + X30 + X32 + X33 + 1
X32*X28 + X32
X32*X27 + X19 + X26 + X27 + X29 + X31
X32*X26 + X32
X32*X25 + X17 + X20 + X21 + X27 + X30 + X32 + X33
X32*X24 + X17 + X19 + X20 + X21 + X24 + X25 + X27 + X28 + X29 + X33 + 1
X32*X21 + X20 + X26 + X27 + X29 + X30 + X32 + X33
X32*X20 + X17 + X20 + X25 + X27 + X29 + X32 + X33 + 1
X32*X19 + X17 + X25 + X26 + X30 + 1
X32*X17 + X19 + X20 + X21 + X25 + X26 + X29 + X32 + 1
X31^2 + X31
X31*X30 + X19 + X27 + X29 + X33
X31*X29 + X19 + X20 + X21 + X25 + X26 + X29 + 1
X31*X28 + X19 + X20 + X21 + X27 + X31 + X33 + 1
X31*X27 + X19 + X20 + X21 + X25 + X26 + X27 + X31
X31*X26 + X20 + X21 + X26 + X28 + X29 + X30 + X31 + 1
X31*X25 + X17 + X19 + X20 + X21 + X25 + X29 + X30 + X31 + 1
X31*X24 + X17 + X19 + X24 + X25 + X26 + X27 + X30 + X31 + X32 + X33
X31*X21 + X19 + X20 + X25 + X26 + X30 + X32 + 1
X31*X20 + X20 + X30 + X31 + X32 + 1
X31*X19 + X17 + X28
X31*X17 + X17 + X19 + X20 + X21 + X27 + X28 + X31 + X33 + 1
X30^2 + X30
X30*X29 + X17 + X20 + X21 + X27 + X29 + X31 + X33 + 1
X30*X28 + X19 + X20 + X21 + X27 + X28 + X31 + X32 + X33 + 1
X30*X27 + X20 + X21 + X25 + X27 + X29
X30*X26 + X20 + X21 + X28 + X29 + X30 + X31 + X32 + 1
X30*X25 + X19 + X27 + X29 + X30 + X33
X30*X24 + X20 + X21 + X24 + X26 + X28 + X29 + X30 + X31 + X32 + 1
X30*X21 + X19 + X21 + X25 + X27 + X29 + X30 + X31 + X32 + X33
X30*X20 + X17 + X20 + X25 + X27 + X29 + X32 + X33 + 1
X30*X19 + X19 + X25 + X26 + X28 + X31 + X32
X30*X17 + X25 + X26 + X27 + X28 + X29 + X31 + X32 + X33
X29^2 + X29
X29*X28 + X17 + X19 + X20 + X21 + X25 + X26 + X27 + X28 + X30 + X31 + X33
X29*X27 + X19 + X20 + X21 + X25 + X26 + X29 + 1
X29*X26 + X20 + X21 + X28 + X30
X29*X25 + X19 + X20 + X21 + X25 + X26 + 1
X29*X24 + X17 + X19 + X25 + X26 + X27 + X29 + X30 + X32 + X33 + 1
X29*X21 + X19 + X20 + X21 + X25 + X26 + X29 + X30 + X31 + X32
X29*X20 + X30 + X31 + X32 + 1
X29*X19 + X19 + X25 + X26 + X28 + X30 + 1
X29*X17 + X17 + X27 + X28 + X29 + X30 + X31 + X33 + 1
X28^2 + X28
X28*X27 + X19 + X26 + X27 + X29 + X31
X28*X26 + X20 + X21 + X29 + X31 + X32 + 1
X28*X25 + X17 + X20 + X21 + X27 + X28 + X30 + X33
X28*X24 + X17 + X19 + X24 + X25 + X27 + X28 + X31 + X33
X28*X21 + X20 + X26 + X27 + X29 + X30 + X32 + X33
X28*X20 + X17 + X21 + X25 + X27 + X31 + X32 + X33
X28*X19 + X17 + X20 + X21 + X25 + X26 + X28 + X29 + X30 + X31 + X32
X28*X17 + X19 + X20 + X21 + X25 + X26 + X28 + X29 + 1
X27^2 + X27
X27*X26 + X20 + X21 + X26 + X27 + X28 + X29 + X30 + 1
X27*X25 + X19 + X26 + X29 + X31
X27*X24 + X20 + X21 + X24 + X25 + X29 + X31 + X32
X27*X21 + X19 + X21 + X25 + X26 + X27 + X29 + X30 + X32
X27*X20 + X19 + X21 + X25 + X26 + X27 + X30 + X31 + X32 + 1
X27*X19 + X19 + X20 + X21 + X28 + X29 + X30
X27*X17 + X17 + X19 + X26 + X27 + X28 + X29 + X31
X26^2 + X26
X26*X25 + X25 + X26 + 1
X26*X24 + X24
X26*X21 + X21 + X30 + X31 + X32 + 1
X26*X20 + X20 + X30 + X31 + X32 + 1
X26*X19 + X19 + X20 + X21 + X28 + X29 + X30
X26*X17 + X17 + X20 + X21 + X28 + X29 + X31 + X32 + 1
X25^2 + X25
X25*X24 + X17 + X19 + X20 + X21 + X27 + X28 + X29 + X32 + X33
X25*X21 + X17 + X25 + X26 + X29 + X32 + 1
X25*X20 + X20 + X21 + X29 + X30 + X32
X25*X19 + X17 + X19 + X25 + X26 + X30 + 1
X25*X17 + X19 + X25 + X26 + X27 + X29 + X30 + X33 + 1
X24^2 + X24
X24*X21 + X17 + X19 + X20 + X24 + X25 + X27 + X28 + X29 + X30 + X31 + X33
X24*X20 + X17 + X19 + X21 + X24 + X25 + X27 + X28 + X29 + X30 + X31 + X33
X24*X19 + X19 + X20 + X21 + X28 + X29 + X30
X24*X17 + X19 + X24 + X25 + X27 + X31 + X33
X21^2 + X21
X21*X20 + X21 + X29 + X31 + 1
X21*X19 + X17 + X25 + X26 + X31 + X32
X21*X17 + X19 + X21 + X25 + X27 + X30 + X32 + X33 + 1
X20^2 + X20
X20*X19 + X30 + X31 + X32 + 1
X20*X17 + X17 + X21 + X25 + X27 + X31 + X32 + X33
X19^2 + X19
X19*X17 + X20 + X21 + X25 + X26 + X29 + X30 + X31 + X32
X17^2 + X17
Total CPU time : 2306.36 s
Peak memory    : 1327 MiB
Resource index : 3.06054e+06 s*MiB
