[parser] loading polynomials from 'scan3/wd_n38_s38000.in' (format: default)
[m4gb]  I 0 0 75 0
[m4gb]  U #b:  75 #cp:   400 #mr:  113 #mc:  780 s=0.0038193
[m4gb]  M #b:  75 #cp:   400 #mr:  113 #mc:  667 s=0.000247
[m4gb]  P lcmdegree=3
[m4gb]  P #b:  75 #cp:     0 #mr: 3192 #mc: 7468 s=0.0939124
[m4gb]  P #n:400
[m4gb]  U #b: 475 #cp:  7245 #mr: 4618 #mc: 7468 s=0.300636
[m4gb]  M #b: 475 #cp:  7245 #mr: 4618 #mc: 6042 s=0.001514
[m4gb]  P lcmdegree=3
[m4gb]  P #b: 475 #cp:  6828 #mr: 4618 #mc: 6042 s=0.13898
[m4gb]  P #n:417
[m4gb]  U #b: 892 #cp: 15765 #mr: 5035 #mc: 6042 s=0.924758
[m4gb]  M #b: 892 #cp: 15765 #mr: 5035 #mc: 5625 s=0.0070255
[m4gb]  P lcmdegree=4
[m4gb]  P #b: 892 #cp: 15253 #mr:79355 #mc:32575 s=10.1018
[m4gb]  P #n:502
[m4gb]  U #b:1394 #cp: 27958 #mr:84373 #mc:32575 s=2.9297
[m4gb]  M #b:1394 #cp: 27958 #mr:84373 #mc:27557 s=0.0075241
[m4gb]  P lcmdegree=4
[m4gb]  P #b:1394 #cp: 27446 #mr:84373 #mc:27557 s=1.03836
[m4gb]  P #n:0
[m4gb]  U #b:1394 #cp: 27446 #mr:84373 #mc:27557 s=1.3e-06
[m4gb]  M #b:1394 #cp: 27446 #mr:84373 #mc:27557 s=0.0005832
[m4gb]  P lcmdegree=4
[m4gb]  P #b:1394 #cp: 26934 #mr:84373 #mc:27557 s=0.808284
[m4gb]  P #n:0
[m4gb]  U #b:1394 #cp: 26934 #mr:84373 #mc:27557 s=7e-07
[m4gb]  M #b:1394 #cp: 26934 #mr:84373 #mc:27557 s=0.0005432
[m4gb]  P lcmdegree=4
[m4gb]  P #b:1394 #cp: 26422 #mr:84373 #mc:27557 s=1.03219
[m4gb]  P #n:0
[m4gb]  U #b:1394 #cp: 26422 #mr:84373 #mc:27557 s=6e-07
[m4gb]  M #b:1394 #cp: 26422 #mr:84373 #mc:27557 s=0.0008219
[m4gb]  P lcmdegree=4
[m4gb]  P #b:1394 #cp: 25910 #mr:84373 #mc:27557 s=1.39343
[m4gb]  P #n:299
[m4gb]  U #b:1693 #cp: 34181 #mr:84672 #mc:27557 s=2.62093
[m4gb]  M #b:1693 #cp: 34181 #mr:84672 #mc:27258 s=0.0130525
[m4gb]  P lcmdegree=4
[m4gb]  P #b:1693 #cp: 33669 #mr:84672 #mc:27258 s=3.19315
[m4gb]  P #n:259
[m4gb]  U #b:1952 #cp: 41113 #mr:84931 #mc:27258 s=3.27111
[m4gb]  M #b:1952 #cp: 41113 #mr:84931 #mc:26999 s=0.0016233
[m4gb]  P lcmdegree=4
[m4gb]  P #b:1952 #cp: 40601 #mr:84931 #mc:26999 s=7.26896
[m4gb]  P #n:512
[m4gb]  U #b:2464 #cp: 54780 #mr:85443 #mc:26999 s=9.65817
[m4gb]  M #b:2464 #cp: 54780 #mr:85443 #mc:26487 s=0.0013147
[m4gb]  P lcmdegree=4
[m4gb]  P #b:2464 #cp: 54268 #mr:85443 #mc:26487 s=3.98105
[m4gb]  P #n:512
[m4gb]  U #b:2976 #cp: 68373 #mr:85955 #mc:26487 s=11.8825
[m4gb]  M #b:2976 #cp: 68373 #mr:85955 #mc:25975 s=0.0047592
[m4gb]  P lcmdegree=4
[m4gb]  P #b:2976 #cp: 67861 #mr:85955 #mc:25975 s=2.25608
[m4gb]  P #n:500
[m4gb]  U #b:3476 #cp: 82108 #mr:86455 #mc:25975 s=10.3686
[m4gb]  M #b:3476 #cp: 82108 #mr:86455 #mc:25475 s=0.0011923
[m4gb]  P lcmdegree=4
[m4gb]  P #b:3476 #cp: 81596 #mr:86455 #mc:25475 s=4.54229
[m4gb]  P #n:501
[m4gb]  U #b:3977 #cp: 96498 #mr:86956 #mc:25475 s=13.057
[m4gb]  M #b:3977 #cp: 96498 #mr:86956 #mc:24974 s=0.0012665
[m4gb]  P lcmdegree=4
[m4gb]  P #b:3977 #cp: 95986 #mr:86956 #mc:24974 s=4.81077
[m4gb]  P #n:499
[m4gb]  U #b:4476 #cp:110675 #mr:87455 #mc:24974 s=15.9004
[m4gb]  M #b:4476 #cp:110675 #mr:87455 #mc:24475 s=0.0014582
[m4gb]  P lcmdegree=4
[m4gb]  P #b:4476 #cp:110163 #mr:87455 #mc:24475 s=4.99732
[m4gb]  P #n:513
[m4gb]  U #b:4989 #cp:125988 #mr:87968 #mc:24475 s=23.7516
[m4gb]  M #b:4989 #cp:125988 #mr:87968 #mc:23962 s=0.0011731
[m4gb]  P lcmdegree=4
[m4gb]  P #b:4989 #cp:125476 #mr:87968 #mc:23962 s=6.66667
[m4gb]  P #n:500
[m4gb]  U #b:5489 #cp:140809 #mr:88468 #mc:23962 s=22.6179
[m4gb]  M #b:5489 #cp:140809 #mr:88468 #mc:23462 s=0.0011479
[m4gb]  P lcmdegree=4
[m4gb]  P #b:5489 #cp:140297 #mr:88468 #mc:23462 s=6.43182
[m4gb]  P #n:395
[m4gb]  U #b:5884 #cp:152341 #mr:88863 #mc:23462 s=24.5859
[m4gb]  M #b:5884 #cp:152341 #mr:88863 #mc:23067 s=0.001004
[m4gb]  P lcmdegree=4
[m4gb]  P #b:5884 #cp:151829 #mr:88863 #mc:23067 s=7.35988
[m4gb]  P #n:364
[m4gb]  U #b:6248 #cp:163477 #mr:89227 #mc:23067 s=22.917
[m4gb]  M #b:6248 #cp:163477 #mr:89227 #mc:22703 s=0.0011644
[m4gb]  P lcmdegree=4
[m4gb]  P #b:6248 #cp:162965 #mr:89227 #mc:22703 s=6.42461
[m4gb]  P #n:512
[m4gb]  U #b:6760 #cp:179314 #mr:89739 #mc:22703 s=36.7157
[m4gb]  M #b:6760 #cp:179314 #mr:89739 #mc:22191 s=0.0033667
[m4gb]  P lcmdegree=4
[m4gb]  P #b:6760 #cp:178802 #mr:89739 #mc:22191 s=6.76279
[m4gb]  P #n:512
[m4gb]  U #b:7272 #cp:195186 #mr:90251 #mc:22191 s=44.6671
[m4gb]  M #b:7272 #cp:195186 #mr:90251 #mc:21679 s=0.0011196
[m4gb]  P lcmdegree=4
[m4gb]  P #b:7272 #cp:194674 #mr:90251 #mc:21679 s=8.99602
[m4gb]  P #n:512
[m4gb]  U #b:7784 #cp:210718 #mr:90763 #mc:21679 s=39.2345
[m4gb]  M #b:7784 #cp:210718 #mr:90763 #mc:21167 s=0.0012472
[m4gb]  P lcmdegree=4
[m4gb]  P #b:7784 #cp:210206 #mr:90763 #mc:21167 s=8.15466
[m4gb]  P #n:498
[m4gb]  U #b:8282 #cp:226640 #mr:91261 #mc:21167 s=41.2276
[m4gb]  M #b:8282 #cp:226640 #mr:91261 #mc:20669 s=0.001912
[m4gb]  P lcmdegree=4
[m4gb]  P #b:8282 #cp:226128 #mr:91261 #mc:20669 s=13.7224
[m4gb]  P #n:498
[m4gb]  U #b:8780 #cp:242562 #mr:91759 #mc:20669 s=47.4722
[m4gb]  M #b:8780 #cp:242562 #mr:91759 #mc:20171 s=0.0010365
[m4gb]  P lcmdegree=4
[m4gb]  P #b:8780 #cp:242050 #mr:91759 #mc:20171 s=12.2056
[m4gb]  P #n:758
[m4gb]  U #b:9266 #cp:260977 #mr:92734 #mc:20171 s=82.146
[m4gb]  M #b:9266 #cp:260977 #mr:92734 #mc:19196 s=0.0050323
[m4gb]  P lcmdegree=4
[m4gb]  P #b:9266 #cp:260465 #mr:92734 #mc:19196 s=14.3315
[m4gb]  P #n:1134
[m4gb]  U #b:9640 #cp:274359 #mr:93868 #mc:19196 s=101.287
[m4gb]  M #b:9640 #cp:274359 #mr:93868 #mc:18062 s=0.0046754
[m4gb]  P lcmdegree=4
[m4gb]  P #b:9640 #cp:273847 #mr:93868 #mc:18062 s=12.4679
[m4gb]  P #n:512
[m4gb]  U #b:10152 #cp:291255 #mr:94380 #mc:18062 s=50.7692
[m4gb]  M #b:10152 #cp:291255 #mr:94380 #mc:17550 s=0.0022069
[m4gb]  P lcmdegree=4
[m4gb]  P #b:10152 #cp:290743 #mr:94380 #mc:17550 s=6.72348
[m4gb]  P #n:512
[m4gb]  U #b:10664 #cp:308151 #mr:94892 #mc:17550 s=63.7742
[m4gb]  M #b:10664 #cp:308151 #mr:94892 #mc:17038 s=0.0005261
[m4gb]  P lcmdegree=4
[m4gb]  P #b:10664 #cp:307639 #mr:94892 #mc:17038 s=7.73224
[m4gb]  P #n:513
[m4gb]  U #b:11177 #cp:325081 #mr:95405 #mc:17038 s=68.569
[m4gb]  M #b:11177 #cp:325081 #mr:95405 #mc:16525 s=0.0006461
[m4gb]  P lcmdegree=4
[m4gb]  P #b:11177 #cp:324569 #mr:95405 #mc:16525 s=7.81005
[m4gb]  P #n:511
[m4gb]  U #b:11688 #cp:341731 #mr:95916 #mc:16525 s=72.1345
[m4gb]  M #b:11688 #cp:341731 #mr:95916 #mc:16014 s=0.0005393
[m4gb]  P lcmdegree=4
[m4gb]  P #b:11688 #cp:341219 #mr:95916 #mc:16014 s=8.76016
[m4gb]  P #n:829
[m4gb]  U #b:12183 #cp:359283 #mr:96745 #mc:16014 s=120.124
[m4gb]  M #b:12183 #cp:359283 #mr:96745 #mc:15185 s=0.0045286
[m4gb]  P lcmdegree=4
[m4gb]  P #b:12183 #cp:358771 #mr:96745 #mc:15185 s=11.4479
[m4gb]  P #n:512
[m4gb]  U #b:12695 #cp:376691 #mr:97257 #mc:15185 s=78.0379
[m4gb]  M #b:12695 #cp:376691 #mr:97257 #mc:14673 s=0.0008407
[m4gb]  P lcmdegree=4
[m4gb]  P #b:12695 #cp:376179 #mr:97257 #mc:14673 s=17.9432
[m4gb]  P #n:1618
[m4gb]  U #b:12729 #cp:395829 #mr:99552 #mc:14673 s=319.37
[m4gb]  M #b:12729 #cp:395829 #mr:99552 #mc:12378 s=0.0045502
[m4gb]  P lcmdegree=4
[m4gb]  P #b:12729 #cp:395317 #mr:99552 #mc:12378 s=7.21767
[m4gb]  P #n:114
[m4gb]  U #b:12843 #cp:399381 #mr:99666 #mc:12378 s=16.3166
[m4gb]  M #b:12843 #cp:399381 #mr:99666 #mc:12264 s=0.0003572
[m4gb]  P lcmdegree=4
[m4gb]  P #b:12843 #cp:398869 #mr:99666 #mc:12264 s=20.6103
[m4gb]  P #n:195
[m4gb]  U #b:13038 #cp:405889 #mr:99861 #mc:12264 s=31.7552
[m4gb]  M #b:13038 #cp:405889 #mr:99861 #mc:12069 s=0.0004168
[m4gb]  P lcmdegree=4
[m4gb]  P #b:13038 #cp:405377 #mr:99861 #mc:12069 s=3.79025
[m4gb]  P #n:275
[m4gb]  U #b:13313 #cp:415277 #mr:100136 #mc:12069 s=47.1888
[m4gb]  M #b:13313 #cp:415277 #mr:100136 #mc:11794 s=0.0006816
[m4gb]  P lcmdegree=4
[m4gb]  P #b:13313 #cp:414765 #mr:100136 #mc:11794 s=4.16393
[m4gb]  P #n:305
[m4gb]  U #b:13618 #cp:425745 #mr:100441 #mc:11794 s=53.1253
[m4gb]  M #b:13618 #cp:425745 #mr:100441 #mc:11489 s=0.0010145
[m4gb]  P lcmdegree=4
[m4gb]  P #b:13618 #cp:425233 #mr:100441 #mc:11489 s=6.03765
[m4gb]  P #n:542
[m4gb]  U #b:13968 #cp:439273 #mr:101127 #mc:11489 s=100.662
[m4gb]  M #b:13968 #cp:439273 #mr:101127 #mc:10803 s=0.0033189
[m4gb]  P lcmdegree=4
[m4gb]  P #b:13968 #cp:438761 #mr:101127 #mc:10803 s=10.424
[m4gb]  P #n:563
[m4gb]  U #b:13260 #cp:423038 #mr:102121 #mc:10803 s=122.548
[m4gb]  M #b:13260 #cp:423038 #mr:102121 #mc: 9809 s=0.0045393
[m4gb]  P lcmdegree=4
[m4gb]  P #b:13260 #cp:422526 #mr:102121 #mc: 9809 s=5.68291
[m4gb]  P #n:331
[m4gb]  U #b:13591 #cp:434442 #mr:102452 #mc: 9809 s=61.3893
[m4gb]  M #b:13591 #cp:434442 #mr:102452 #mc: 9478 s=0.0004459
[m4gb]  P lcmdegree=4
[m4gb]  P #b:13591 #cp:433930 #mr:102452 #mc: 9478 s=4.05231
[m4gb]  P #n:239
[m4gb]  U #b:13830 #cp:442534 #mr:102691 #mc: 9478 s=37.4878
[m4gb]  M #b:13830 #cp:442534 #mr:102691 #mc: 9239 s=0.0003679
[m4gb]  P lcmdegree=4
[m4gb]  P #b:13830 #cp:442022 #mr:102691 #mc: 9239 s=3.80932
[m4gb]  P #n:0
[m4gb]  U #b:13830 #cp:442022 #mr:102691 #mc: 9239 s=6e-07
[m4gb]  M #b:13830 #cp:442022 #mr:102691 #mc: 9239 s=8.99e-05
[m4gb]  P lcmdegree=4
[m4gb]  P #b:13830 #cp:441510 #mr:102691 #mc: 9239 s=1.44134
[m4gb]  P #n:0
[m4gb]  U #b:13830 #cp:441510 #mr:102691 #mc: 9239 s=6e-07
[m4gb]  M #b:13830 #cp:441510 #mr:102691 #mc: 9239 s=8.98e-05
[m4gb]  P lcmdegree=4
[m4gb]  P #b:13830 #cp:440998 #mr:102691 #mc: 9239 s=1.35783
[m4gb]  P #n:38
[m4gb]  U #b:13868 #cp:442366 #mr:102729 #mc: 9239 s=7.86008
[m4gb]  M #b:13868 #cp:442366 #mr:102729 #mc: 9201 s=0.0002351
[m4gb]  P lcmdegree=4
[m4gb]  P #b:13868 #cp:441854 #mr:102729 #mc: 9201 s=2.69953
[m4gb]  P #n:0
[m4gb]  U #b:13868 #cp:441854 #mr:102729 #mc: 9201 s=8e-07
[m4gb]  M #b:13868 #cp:441854 #mr:102729 #mc: 9201 s=9.71e-05
[m4gb]  P lcmdegree=4
[m4gb]  P #b:13868 #cp:441342 #mr:102729 #mc: 9201 s=5.03108
[m4gb]  P #n:76
[m4gb]  U #b:13944 #cp:444078 #mr:102805 #mc: 9201 s=15.2368
[m4gb]  M #b:13944 #cp:444078 #mr:102805 #mc: 9125 s=0.0002725
[m4gb]  P lcmdegree=4
[m4gb]  P #b:13944 #cp:443566 #mr:102805 #mc: 9125 s=4.00167
[m4gb]  P #n:0
[m4gb]  U #b:13944 #cp:443566 #mr:102805 #mc: 9125 s=6e-07
[m4gb]  M #b:13944 #cp:443566 #mr:102805 #mc: 9125 s=8.81e-05
[m4gb]  P lcmdegree=4
[m4gb]  P #b:13944 #cp:443054 #mr:102805 #mc: 9125 s=3.20122
[m4gb]  P #n:0
[m4gb]  U #b:13944 #cp:443054 #mr:102805 #mc: 9125 s=7e-07
[m4gb]  M #b:13944 #cp:443054 #mr:102805 #mc: 9125 s=7.73e-05
[m4gb]  P lcmdegree=4
[m4gb]  P #b:13944 #cp:442542 #mr:102805 #mc: 9125 s=1.05243
[m4gb]  P #n:0
[m4gb]  U #b:13944 #cp:442542 #mr:102805 #mc: 9125 s=6e-07
[m4gb]  M #b:13944 #cp:442542 #mr:102805 #mc: 9125 s=9.03e-05
[m4gb]  P lcmdegree=4
[m4gb]  P #b:13944 #cp:442030 #mr:102805 #mc: 9125 s=1.0782
[m4gb]  P #n:0
[m4gb]  U #b:13944 #cp:442030 #mr:102805 #mc: 9125 s=8e-07
[m4gb]  M #b:13944 #cp:442030 #mr:102805 #mc: 9125 s=7.85e-05
[m4gb]  P lcmdegree=4
[m4gb]  P #b:13944 #cp:441518 #mr:102805 #mc: 9125 s=0.981411
[m4gb]  P #n:0
[m4gb]  U #b:13944 #cp:441518 #mr:102805 #mc: 9125 s=7e-07
[m4gb]  M #b:13944 #cp:441518 #mr:102805 #mc: 9125 s=7.85e-05
[m4gb]  P lcmdegree=4
[m4gb]  P #b:13944 #cp:441006 #mr:102805 #mc: 9125 s=0.936181
[m4gb]  P #n:0
[m4gb]  U #b:13944 #cp:441006 #mr:102805 #mc: 9125 s=1e-06
[m4gb]  M #b:13944 #cp:441006 #mr:102805 #mc: 9125 s=0.0001028
[m4gb]  P lcmdegree=4
[m4gb]  P #b:13944 #cp:440494 #mr:102805 #mc: 9125 s=0.770725
[m4gb]  P #n:0
[m4gb]  U #b:13944 #cp:440494 #mr:102805 #mc: 9125 s=1.1e-06
[m4gb]  M #b:13944 #cp:440494 #mr:102805 #mc: 9125 s=8.47e-05
[m4gb]  P lcmdegree=4
[m4gb]  P #b:13944 #cp:439982 #mr:102805 #mc: 9125 s=1.09387
[m4gb]  P #n:0
[m4gb]  U #b:13944 #cp:439982 #mr:102805 #mc: 9125 s=6e-07
[m4gb]  M #b:13944 #cp:439982 #mr:102805 #mc: 9125 s=8.28e-05
[m4gb]  P lcmdegree=4
[m4gb]  P #b:13944 #cp:439470 #mr:102805 #mc: 9125 s=1.54717
[m4gb]  P #n:0
[m4gb]  U #b:13944 #cp:439470 #mr:102805 #mc: 9125 s=1e-06
[m4gb]  M #b:13944 #cp:439470 #mr:102805 #mc: 9125 s=0.0001024
[m4gb]  P lcmdegree=4
[m4gb]  P #b:13944 #cp:438958 #mr:102805 #mc: 9125 s=2.41626
[m4gb]  P #n:0
[m4gb]  U #b:13944 #cp:438958 #mr:102805 #mc: 9125 s=5e-07
[m4gb]  M #b:13944 #cp:438958 #mr:102805 #mc: 9125 s=9.01e-05
[m4gb]  P lcmdegree=4
[m4gb]  P #b:13944 #cp:438446 #mr:102805 #mc: 9125 s=0.940464
[m4gb]  P #n:0
[m4gb]  U #b:13944 #cp:438446 #mr:102805 #mc: 9125 s=4e-07
[m4gb]  M #b:13944 #cp:438446 #mr:102805 #mc: 9125 s=0.0001062
[m4gb]  P lcmdegree=4
[m4gb]  P #b:13944 #cp:437934 #mr:102805 #mc: 9125 s=0.994296
[m4gb]  P #n:0
[m4gb]  U #b:13944 #cp:437934 #mr:102805 #mc: 9125 s=5e-07
[m4gb]  M #b:13944 #cp:437934 #mr:102805 #mc: 9125 s=0.0001293
[m4gb]  P lcmdegree=4
[m4gb]  P #b:13944 #cp:437422 #mr:102805 #mc: 9125 s=0.958255
[m4gb]  P #n:0
[m4gb]  U #b:13944 #cp:437422 #mr:102805 #mc: 9125 s=8e-07
[m4gb]  M #b:13944 #cp:437422 #mr:102805 #mc: 9125 s=0.0001078
[m4gb]  P lcmdegree=4
[m4gb]  P #b:13944 #cp:436910 #mr:102805 #mc: 9125 s=0.950761
[m4gb]  P #n:0
[m4gb]  U #b:13944 #cp:436910 #mr:102805 #mc: 9125 s=7e-07
[m4gb]  M #b:13944 #cp:436910 #mr:102805 #mc: 9125 s=0.0001086
[m4gb]  P lcmdegree=4
[m4gb]  P #b:13944 #cp:436398 #mr:102805 #mc: 9125 s=1.13614
[m4gb]  P #n:0
[m4gb]  U #b:13944 #cp:436398 #mr:102805 #mc: 9125 s=6e-07
[m4gb]  M #b:13944 #cp:436398 #mr:102805 #mc: 9125 s=0.0001195
[m4gb]  P lcmdegree=4
[m4gb]  P #b:13944 #cp:435886 #mr:102805 #mc: 9125 s=2.66632
[m4gb]  P #n:0
[m4gb]  U #b:13944 #cp:435886 #mr:102805 #mc: 9125 s=1e-06
[m4gb]  M #b:13944 #cp:435886 #mr:102805 #mc: 9125 s=0.0001122
[m4gb]  P lcmdegree=4
[m4gb]  P #b:13944 #cp:435374 #mr:102805 #mc: 9125 s=0.946764
[m4gb]  P #n:0
[m4gb]  U #b:13944 #cp:435374 #mr:102805 #mc: 9125 s=7e-07
[m4gb]  M #b:13944 #cp:435374 #mr:102805 #mc: 9125 s=0.0001462
[m4gb]  P lcmdegree=4
[m4gb]  P #b:13944 #cp:434862 #mr:102805 #mc: 9125 s=1.01424
[m4gb]  P #n:0
[m4gb]  U #b:13944 #cp:434862 #mr:102805 #mc: 9125 s=5e-07
[m4gb]  M #b:13944 #cp:434862 #mr:102805 #mc: 9125 s=0.0001554
[m4gb]  P lcmdegree=4
[m4gb]  P #b:13944 #cp:434350 #mr:102805 #mc: 9125 s=0.978342
[m4gb]  P #n:0
[m4gb]  U #b:13944 #cp:434350 #mr:102805 #mc: 9125 s=7e-07
[m4gb]  M #b:13944 #cp:434350 #mr:102805 #mc: 9125 s=0.0001745
[m4gb]  P lcmdegree=4
[m4gb]  P #b:13944 #cp:433838 #mr:102805 #mc: 9125 s=1.0045
[m4gb]  P #n:0
[m4gb]  U #b:13944 #cp:433838 #mr:102805 #mc: 9125 s=6e-07
[m4gb]  M #b:13944 #cp:433838 #mr:102805 #mc: 9125 s=0.000154
[m4gb]  P lcmdegree=4
[m4gb]  P #b:13944 #cp:433326 #mr:102805 #mc: 9125 s=0.807926
[m4gb]  P #n:0
[m4gb]  U #b:13944 #cp:433326 #mr:102805 #mc: 9125 s=7e-07
[m4gb]  M #b:13944 #cp:433326 #mr:102805 #mc: 9125 s=0.0001665
[m4gb]  P lcmdegree=4
[m4gb]  P #b:13944 #cp:432814 #mr:102805 #mc: 9125 s=4.31562
[m4gb]  P #n:0
[m4gb]  U #b:13944 #cp:432814 #mr:102805 #mc: 9125 s=1.2e-06
[m4gb]  M #b:13944 #cp:432814 #mr:102805 #mc: 9125 s=0.000155
[m4gb]  P lcmdegree=4
[m4gb]  P #b:13944 #cp:432302 #mr:102805 #mc: 9125 s=1.62102
[m4gb]  P #n:0
[m4gb]  U #b:13944 #cp:432302 #mr:102805 #mc: 9125 s=1.2e-06
[m4gb]  M #b:13944 #cp:432302 #mr:102805 #mc: 9125 s=0.0002182
[m4gb]  P lcmdegree=4
[m4gb]  P #b:13944 #cp:431790 #mr:102805 #mc: 9125 s=1.64988
[m4gb]  P #n:0
[m4gb]  U #b:13944 #cp:431790 #mr:102805 #mc: 9125 s=6e-07
[m4gb]  M #b:13944 #cp:431790 #mr:102805 #mc: 9125 s=0.0001518
[m4gb]  P lcmdegree=4
[m4gb]  P #b:13944 #cp:431278 #mr:102805 #mc: 9125 s=2.43023
[m4gb]  P #n:0
[m4gb]  U #b:13944 #cp:431278 #mr:102805 #mc: 9125 s=7e-07
[m4gb]  M #b:13944 #cp:431278 #mr:102805 #mc: 9125 s=0.0001479
[m4gb]  P lcmdegree=4
[m4gb]  P #b:13944 #cp:430766 #mr:102805 #mc: 9125 s=6.30309
[m4gb]  P #n:0
[m4gb]  U #b:13944 #cp:430766 #mr:102805 #mc: 9125 s=1e-06
[m4gb]  M #b:13944 #cp:430766 #mr:102805 #mc: 9125 s=0.0001512
[m4gb]  P lcmdegree=4
[m4gb]  P #b:13944 #cp:430254 #mr:102805 #mc: 9125 s=1.40205
[m4gb]  P #n:0
[m4gb]  U #b:13944 #cp:430254 #mr:102805 #mc: 9125 s=5e-07
[m4gb]  M #b:13944 #cp:430254 #mr:102805 #mc: 9125 s=0.0001775
[m4gb]  P lcmdegree=4
[m4gb]  P #b:13944 #cp:429742 #mr:102805 #mc: 9125 s=2.04572
[m4gb]  P #n:403
[m4gb]  U #b:14347 #cp:444084 #mr:103208 #mc: 9125 s=63.5167
[m4gb]  M #b:14347 #cp:444084 #mr:103208 #mc: 8722 s=0.0005331
[m4gb]  P lcmdegree=4
[m4gb]  P #b:14347 #cp:443572 #mr:103208 #mc: 8722 s=2.54007
[m4gb]  P #n:456
[m4gb]  U #b:14803 #cp:460006 #mr:103664 #mc: 8722 s=71.3394
[m4gb]  M #b:14803 #cp:460006 #mr:103664 #mc: 8266 s=0.0003201
[m4gb]  P lcmdegree=4
[m4gb]  P #b:14803 #cp:459494 #mr:103664 #mc: 8266 s=3.63836
[m4gb]  P #n:0
[m4gb]  U #b:14803 #cp:459494 #mr:103664 #mc: 8266 s=9e-07
[m4gb]  M #b:14803 #cp:459494 #mr:103664 #mc: 8266 s=0.0001737
[m4gb]  P lcmdegree=4
[m4gb]  P #b:14803 #cp:458982 #mr:103664 #mc: 8266 s=1.21108
[m4gb]  P #n:0
[m4gb]  U #b:14803 #cp:458982 #mr:103664 #mc: 8266 s=5e-07
[m4gb]  M #b:14803 #cp:458982 #mr:103664 #mc: 8266 s=0.000106
[m4gb]  P lcmdegree=4
[m4gb]  P #b:14803 #cp:458470 #mr:103664 #mc: 8266 s=0.989788
[m4gb]  P #n:0
[m4gb]  U #b:14803 #cp:458470 #mr:103664 #mc: 8266 s=7e-07
[m4gb]  M #b:14803 #cp:458470 #mr:103664 #mc: 8266 s=0.0001027
[m4gb]  P lcmdegree=4
[m4gb]  P #b:14803 #cp:457958 #mr:103664 #mc: 8266 s=0.994846
[m4gb]  P #n:0
[m4gb]  U #b:14803 #cp:457958 #mr:103664 #mc: 8266 s=7e-07
[m4gb]  M #b:14803 #cp:457958 #mr:103664 #mc: 8266 s=8.91e-05
[m4gb]  P lcmdegree=4
[m4gb]  P #b:14803 #cp:457950 #mr:103664 #mc: 8266 s=0.0377749
[m4gb]  P #n:0
[m4gb]  U #b:14803 #cp:457950 #mr:103664 #mc: 8266 s=9e-07
[m4gb]  M #b:14803 #cp:457950 #mr:103664 #mc: 8266 s=0.0001035
[m4gb]  P lcmdegree=5
[m4gb]  P #b:14803 #cp:457438 #mr:954332 #mc: 8266 s=13.7076
[m4gb]  P #n:55
[m4gb]  U #b:14858 #cp:459473 #mr:935430 #mc: 8266 s=9.59251
[m4gb]  M #b:14858 #cp:459473 #mr:935430 #mc: 8211 s=0.0001949
[m4gb]  P lcmdegree=5
[m4gb]  P #b:14858 #cp:458961 #mr:954387 #mc: 8211 s=8.11032
[m4gb]  P #n:457
[m4gb]  U #b:15315 #cp:475870 #mr:935887 #mc: 8211 s=76.3894
[m4gb]  M #b:15315 #cp:475870 #mr:935887 #mc: 7754 s=0.0005663
[m4gb]  P lcmdegree=5
[m4gb]  P #b:15315 #cp:475358 #mr:954844 #mc: 7754 s=1.46103
[m4gb]  P #n:330
[m4gb]  U #b:15645 #cp:487568 #mr:936217 #mc: 7754 s=56.9626
[m4gb]  M #b:15645 #cp:487568 #mr:936217 #mc: 7424 s=0.0004039
[m4gb]  P lcmdegree=5
[m4gb]  P #b:15645 #cp:487056 #mr:955174 #mc: 7424 s=1.37737
[m4gb]  P #n:237
[m4gb]  U #b:15882 #cp:495825 #mr:936454 #mc: 7424 s=39.0313
[m4gb]  M #b:15882 #cp:495825 #mr:936454 #mc: 7187 s=0.0005391
[m4gb]  P lcmdegree=5
[m4gb]  P #b:15882 #cp:495313 #mr:955411 #mc: 7187 s=1.40663
[m4gb]  P #n:457
[m4gb]  U #b:16339 #cp:512222 #mr:936911 #mc: 7187 s=93.877
[m4gb]  M #b:16339 #cp:512222 #mr:936911 #mc: 6730 s=0.0004137
[m4gb]  P lcmdegree=5
[m4gb]  P #b:16339 #cp:511710 #mr:955868 #mc: 6730 s=1.26381
[m4gb]  P #n:330
[m4gb]  U #b:16669 #cp:523920 #mr:937241 #mc: 6730 s=69.8864
[m4gb]  M #b:16669 #cp:523920 #mr:937241 #mc: 6400 s=0.0003919
[m4gb]  P lcmdegree=5
[m4gb]  P #b:16669 #cp:523408 #mr:956198 #mc: 6400 s=1.27344
[m4gb]  P #n:237
[m4gb]  U #b:16906 #cp:532177 #mr:937478 #mc: 6400 s=51.5304
[m4gb]  M #b:16906 #cp:532177 #mr:937478 #mc: 6163 s=0.0004234
[m4gb]  P lcmdegree=5
[m4gb]  P #b:16906 #cp:531665 #mr:956435 #mc: 6163 s=1.22727
[m4gb]  P #n:457
[m4gb]  U #b:17363 #cp:548574 #mr:937935 #mc: 6163 s=101.977
[m4gb]  M #b:17363 #cp:548574 #mr:937935 #mc: 5706 s=0.00045
[m4gb]  P lcmdegree=5
[m4gb]  P #b:17363 #cp:548062 #mr:956892 #mc: 5706 s=1.23511
[m4gb]  P #n:330
[m4gb]  U #b:17693 #cp:560272 #mr:938265 #mc: 5706 s=74.0948
[m4gb]  M #b:17693 #cp:560272 #mr:938265 #mc: 5376 s=0.0016104
[m4gb]  P lcmdegree=5
[m4gb]  P #b:17693 #cp:559760 #mr:957222 #mc: 5376 s=1.1814
[m4gb]  P #n:237
[m4gb]  U #b:17930 #cp:568529 #mr:938502 #mc: 5376 s=55.7375
[m4gb]  M #b:17930 #cp:568529 #mr:938502 #mc: 5139 s=0.0003795
[m4gb]  P lcmdegree=5
[m4gb]  P #b:17930 #cp:568017 #mr:957459 #mc: 5139 s=109.652
[m4gb]  P #n:37
[m4gb]  U #b:  41 #cp:  1867 #mr: 4107 #mc: 3038 s=1599.99
[m4gb]  M #b:  41 #cp:  1867 #mr: 4107 #mc:    4 s=0.0021848
[m4gb]  P lcmdegree=3
[m4gb]  P #b:  41 #cp:  1355 #mr:10656 #mc:    4 s=0.0386605
[m4gb]  P #n:0
[m4gb]  U #b:  41 #cp:  1355 #mr: 4107 #mc:    4 s=0.0017188
[m4gb]  M #b:  41 #cp:  1355 #mr: 4107 #mc:    4 s=4.04e-05
[m4gb]  P lcmdegree=3
[m4gb]  P #b:  41 #cp:   843 #mr:10656 #mc:    4 s=0.0333911
[m4gb]  P #n:0
[m4gb]  U #b:  41 #cp:   843 #mr: 4107 #mc:    4 s=0.0018229
[m4gb]  M #b:  41 #cp:   843 #mr: 4107 #mc:    4 s=3.56e-05
[m4gb]  P lcmdegree=3
[m4gb]  P #b:  41 #cp:   331 #mr:10656 #mc:    4 s=0.0975945
[m4gb]  P #n:0
[m4gb]  U #b:  41 #cp:   331 #mr: 4107 #mc:    4 s=0.0015987
[m4gb]  M #b:  41 #cp:   331 #mr: 4107 #mc:    4 s=4.44e-05
[m4gb]  P lcmdegree=3
[m4gb]  P #b:  41 #cp:     0 #mr:10656 #mc:    4 s=0.0205813
[m4gb]  P #n:0
[m4gb]  upper_bound = 10660 = X37^4
[m4gb]  total update time   : 4187.82s
[m4gb]  total matrix time   : 0.104033s
[m4gb]  total selection time: 486.658s
[m4gb]  total time          : 4674.58s
X35 + X37
X34 + X36
X32 + X33 + X36
X31 + X33 + X36
X30 + X36 + X37
X29 + X36 + X37 + 1
X28 + X36
X27 + X36 + 1
X26 + X36 + 1
X25 + 1
X24 + X36 + X37 + 1
X23 + X36
X22
X21 + X33 + 1
X20 + X33 + X36 + 1
X19 + X33 + X37
X18 + X33 + X36 + 1
X17 + X36 + 1
X16 + X33 + X36 + 1
X15 + X36 + 1
X14 + X36 + X37
X13 + X37 + 1
X12 + X37 + 1
X11 + X33
X10 + X33 + 1
X9 + X36 + 1
X8 + X36
X7 + X36
X6 + 1
X5 + X33 + 1
X4 + X36 + 1
X3
X2 + X36 + X37 + 1
X1 + X37
X0 + X33 + X37 + 1
X37^2 + X37
X37*X36 + X36 + X37 + 1
X37*X33 + X33 + X37 + 1
X36^2 + X36
X36*X33 + X36
X33^2 + X33
Total CPU time : 4751.45 s
Peak memory    : 761 MiB
Resource index : 3.61586e+06 s*MiB
