[parser] loading polynomials from 'scan3/wd_n36_s36001.in' (format: default)
[m4gb]  I 0 0 73 0
[m4gb]  U #b:  73 #cp:   347 #mr:  111 #mc:  780 s=0.0034543
[m4gb]  M #b:  73 #cp:   347 #mr:  111 #mc:  669 s=0.0002471
[m4gb]  P lcmdegree=3
[m4gb]  P #b:  73 #cp:     0 #mr: 3169 #mc: 7491 s=0.106603
[m4gb]  P #n:347
[m4gb]  U #b: 420 #cp:  6053 #mr: 4486 #mc: 7491 s=0.260676
[m4gb]  M #b: 420 #cp:  6053 #mr: 4486 #mc: 6174 s=0.0014642
[m4gb]  P lcmdegree=3
[m4gb]  P #b: 420 #cp:  5654 #mr: 4486 #mc: 6174 s=0.142422
[m4gb]  P #n:399
[m4gb]  U #b: 819 #cp: 13924 #mr: 4885 #mc: 6174 s=0.884068
[m4gb]  M #b: 819 #cp: 13924 #mr: 4885 #mc: 5775 s=0.0199518
[m4gb]  P lcmdegree=4
[m4gb]  P #b: 819 #cp: 13412 #mr:77750 #mc:34180 s=7.17233
[m4gb]  P #n:504
[m4gb]  U #b:1323 #cp: 25833 #mr:82445 #mc:34180 s=3.28748
[m4gb]  M #b:1323 #cp: 25833 #mr:82445 #mc:29485 s=0.0170932
[m4gb]  P lcmdegree=4
[m4gb]  P #b:1323 #cp: 25321 #mr:82445 #mc:29485 s=1.30733
[m4gb]  P #n:0
[m4gb]  U #b:1323 #cp: 25321 #mr:82445 #mc:29485 s=2.8e-06
[m4gb]  M #b:1323 #cp: 25321 #mr:82445 #mc:29485 s=0.0012066
[m4gb]  P lcmdegree=4
[m4gb]  P #b:1323 #cp: 24809 #mr:82445 #mc:29485 s=1.19372
[m4gb]  P #n:0
[m4gb]  U #b:1323 #cp: 24809 #mr:82445 #mc:29485 s=5e-07
[m4gb]  M #b:1323 #cp: 24809 #mr:82445 #mc:29485 s=0.0005789
[m4gb]  P lcmdegree=4
[m4gb]  P #b:1323 #cp: 24297 #mr:82445 #mc:29485 s=1.49944
[m4gb]  P #n:171
[m4gb]  U #b:1494 #cp: 29049 #mr:82616 #mc:29485 s=1.16568
[m4gb]  M #b:1494 #cp: 29049 #mr:82616 #mc:29314 s=0.0012761
[m4gb]  P lcmdegree=4
[m4gb]  P #b:1494 #cp: 28537 #mr:82616 #mc:29314 s=2.16305
[m4gb]  P #n:291
[m4gb]  U #b:1785 #cp: 36416 #mr:82907 #mc:29314 s=2.76322
[m4gb]  M #b:1785 #cp: 36416 #mr:82907 #mc:29023 s=0.0017158
[m4gb]  P lcmdegree=4
[m4gb]  P #b:1785 #cp: 35904 #mr:82907 #mc:29023 s=5.94658
[m4gb]  P #n:503
[m4gb]  U #b:2288 #cp: 49790 #mr:83410 #mc:29023 s=6.90666
[m4gb]  M #b:2288 #cp: 49790 #mr:83410 #mc:28520 s=0.0016427
[m4gb]  P lcmdegree=4
[m4gb]  P #b:2288 #cp: 49278 #mr:83410 #mc:28520 s=4.09687
[m4gb]  P #n:513
[m4gb]  U #b:2801 #cp: 62866 #mr:83923 #mc:28520 s=10.3671
[m4gb]  M #b:2801 #cp: 62866 #mr:83923 #mc:28007 s=0.0015262
[m4gb]  P lcmdegree=4
[m4gb]  P #b:2801 #cp: 62354 #mr:83923 #mc:28007 s=2.9635
[m4gb]  P #n:500
[m4gb]  U #b:3301 #cp: 76660 #mr:84423 #mc:28007 s=13.747
[m4gb]  M #b:3301 #cp: 76660 #mr:84423 #mc:27507 s=0.0014466
[m4gb]  P lcmdegree=4
[m4gb]  P #b:3301 #cp: 76148 #mr:84423 #mc:27507 s=5.51023
[m4gb]  P #n:502
[m4gb]  U #b:3803 #cp: 90525 #mr:84925 #mc:27507 s=17.0062
[m4gb]  M #b:3803 #cp: 90525 #mr:84925 #mc:27005 s=0.0016802
[m4gb]  P lcmdegree=4
[m4gb]  P #b:3803 #cp: 90013 #mr:84925 #mc:27005 s=5.44206
[m4gb]  P #n:501
[m4gb]  U #b:4304 #cp:105043 #mr:85426 #mc:27005 s=19.57
[m4gb]  M #b:4304 #cp:105043 #mr:85426 #mc:26504 s=0.0012551
[m4gb]  P lcmdegree=4
[m4gb]  P #b:4304 #cp:104531 #mr:85426 #mc:26504 s=7.40105
[m4gb]  P #n:501
[m4gb]  U #b:4805 #cp:119370 #mr:85927 #mc:26504 s=23.4944
[m4gb]  M #b:4805 #cp:119370 #mr:85927 #mc:26003 s=0.0011842
[m4gb]  P lcmdegree=4
[m4gb]  P #b:4805 #cp:118858 #mr:85927 #mc:26003 s=7.74404
[m4gb]  P #n:452
[m4gb]  U #b:5257 #cp:132574 #mr:86379 #mc:26003 s=22.4617
[m4gb]  M #b:5257 #cp:132574 #mr:86379 #mc:25551 s=0.001169
[m4gb]  P lcmdegree=4
[m4gb]  P #b:5257 #cp:132062 #mr:86379 #mc:25551 s=7.72286
[m4gb]  P #n:340
[m4gb]  U #b:5597 #cp:142602 #mr:86719 #mc:25551 s=19.7485
[m4gb]  M #b:5597 #cp:142602 #mr:86719 #mc:25211 s=0.0011854
[m4gb]  P lcmdegree=4
[m4gb]  P #b:5597 #cp:142090 #mr:86719 #mc:25211 s=6.71755
[m4gb]  P #n:513
[m4gb]  U #b:6110 #cp:157993 #mr:87232 #mc:25211 s=33.4033
[m4gb]  M #b:6110 #cp:157993 #mr:87232 #mc:24698 s=0.0011816
[m4gb]  P lcmdegree=4
[m4gb]  P #b:6110 #cp:157481 #mr:87232 #mc:24698 s=9.0378
[m4gb]  P #n:511
[m4gb]  U #b:6621 #cp:173017 #mr:87743 #mc:24698 s=35.1398
[m4gb]  M #b:6621 #cp:173017 #mr:87743 #mc:24187 s=0.0012219
[m4gb]  P lcmdegree=4
[m4gb]  P #b:6621 #cp:172505 #mr:87743 #mc:24187 s=9.30931
[m4gb]  P #n:512
[m4gb]  U #b:7133 #cp:188888 #mr:88255 #mc:24187 s=37.015
[m4gb]  M #b:7133 #cp:188888 #mr:88255 #mc:23675 s=0.0031934
[m4gb]  P lcmdegree=4
[m4gb]  P #b:7133 #cp:188376 #mr:88255 #mc:23675 s=14.4416
[m4gb]  P #n:486
[m4gb]  U #b:7619 #cp:203928 #mr:88741 #mc:23675 s=39.7924
[m4gb]  M #b:7619 #cp:203928 #mr:88741 #mc:23189 s=0.0012978
[m4gb]  P lcmdegree=4
[m4gb]  P #b:7619 #cp:203416 #mr:88741 #mc:23189 s=10.7461
[m4gb]  P #n:566
[m4gb]  U #b:8129 #cp:220502 #mr:89342 #mc:23189 s=47.8353
[m4gb]  M #b:8129 #cp:220502 #mr:89342 #mc:22588 s=0.0067689
[m4gb]  P lcmdegree=4
[m4gb]  P #b:8129 #cp:219990 #mr:89342 #mc:22588 s=19.3446
[m4gb]  P #n:1220
[m4gb]  U #b:7878 #cp:221182 #mr:91326 #mc:22588 s=129.877
[m4gb]  M #b:7878 #cp:221182 #mr:91326 #mc:20604 s=0.0070236
[m4gb]  P lcmdegree=4
[m4gb]  P #b:7878 #cp:220670 #mr:91326 #mc:20604 s=34.134
[m4gb]  P #n:1113
[m4gb]  U #b:8451 #cp:244723 #mr:92913 #mc:20604 s=132.307
[m4gb]  M #b:8451 #cp:244723 #mr:92913 #mc:19017 s=0.0051845
[m4gb]  P lcmdegree=4
[m4gb]  P #b:8451 #cp:244211 #mr:92913 #mc:19017 s=11.8577
[m4gb]  P #n:512
[m4gb]  U #b:8963 #cp:260808 #mr:93425 #mc:19017 s=57.0333
[m4gb]  M #b:8963 #cp:260808 #mr:93425 #mc:18505 s=0.0009193
[m4gb]  P lcmdegree=4
[m4gb]  P #b:8963 #cp:260296 #mr:93425 #mc:18505 s=15.2248
[m4gb]  P #n:512
[m4gb]  U #b:9475 #cp:277602 #mr:93937 #mc:18505 s=53.9765
[m4gb]  M #b:9475 #cp:277602 #mr:93937 #mc:17993 s=0.0010034
[m4gb]  P lcmdegree=4
[m4gb]  P #b:9475 #cp:277090 #mr:93937 #mc:17993 s=9.51522
[m4gb]  P #n:606
[m4gb]  U #b:9703 #cp:286496 #mr:94705 #mc:17993 s=82.9128
[m4gb]  M #b:9703 #cp:286496 #mr:94705 #mc:17225 s=0.0046969
[m4gb]  P lcmdegree=4
[m4gb]  P #b:9703 #cp:285984 #mr:94705 #mc:17225 s=7.14641
[m4gb]  P #n:296
[m4gb]  U #b:9999 #cp:296048 #mr:95001 #mc:17225 s=37.6343
[m4gb]  M #b:9999 #cp:296048 #mr:95001 #mc:16929 s=0.0009654
[m4gb]  P lcmdegree=4
[m4gb]  P #b:9999 #cp:295536 #mr:95001 #mc:16929 s=4.3305
[m4gb]  P #n:372
[m4gb]  U #b:10371 #cp:308184 #mr:95373 #mc:16929 s=49.7687
[m4gb]  M #b:10371 #cp:308184 #mr:95373 #mc:16557 s=0.0008663
[m4gb]  P lcmdegree=4
[m4gb]  P #b:10371 #cp:307672 #mr:95373 #mc:16557 s=5.48073
[m4gb]  P #n:463
[m4gb]  U #b:10834 #cp:323414 #mr:95836 #mc:16557 s=64.9542
[m4gb]  M #b:10834 #cp:323414 #mr:95836 #mc:16094 s=0.0008843
[m4gb]  P lcmdegree=4
[m4gb]  P #b:10834 #cp:322902 #mr:95836 #mc:16094 s=5.91275
[m4gb]  P #n:458
[m4gb]  U #b:11292 #cp:338207 #mr:96294 #mc:16094 s=54.7737
[m4gb]  M #b:11292 #cp:338207 #mr:96294 #mc:15636 s=0.0007789
[m4gb]  P lcmdegree=4
[m4gb]  P #b:11292 #cp:337695 #mr:96294 #mc:15636 s=5.24866
[m4gb]  P #n:492
[m4gb]  U #b:11784 #cp:354915 #mr:96786 #mc:15636 s=70.706
[m4gb]  M #b:11784 #cp:354915 #mr:96786 #mc:15144 s=0.0008376
[m4gb]  P lcmdegree=4
[m4gb]  P #b:11784 #cp:354403 #mr:96786 #mc:15144 s=8.02336
[m4gb]  P #n:312
[m4gb]  U #b:12096 #cp:365323 #mr:97098 #mc:15144 s=45.603
[m4gb]  M #b:12096 #cp:365323 #mr:97098 #mc:14832 s=0.0008161
[m4gb]  P lcmdegree=4
[m4gb]  P #b:12096 #cp:364811 #mr:97098 #mc:14832 s=13.8815
[m4gb]  P #n:918
[m4gb]  U #b:11790 #cp:363428 #mr:98689 #mc:14832 s=162.755
[m4gb]  M #b:11790 #cp:363428 #mr:98689 #mc:13241 s=0.0041921
[m4gb]  P lcmdegree=4
[m4gb]  P #b:11790 #cp:362916 #mr:98689 #mc:13241 s=9.15019
[m4gb]  P #n:363
[m4gb]  U #b:12153 #cp:375621 #mr:99052 #mc:13241 s=58.2492
[m4gb]  M #b:12153 #cp:375621 #mr:99052 #mc:12878 s=0.0008486
[m4gb]  P lcmdegree=4
[m4gb]  P #b:12153 #cp:375109 #mr:99052 #mc:12878 s=4.24874
[m4gb]  P #n:177
[m4gb]  U #b:12330 #cp:381304 #mr:99229 #mc:12878 s=29.2342
[m4gb]  M #b:12330 #cp:381304 #mr:99229 #mc:12701 s=0.0006821
[m4gb]  P lcmdegree=4
[m4gb]  P #b:12330 #cp:380792 #mr:99229 #mc:12701 s=3.63475
[m4gb]  P #n:0
[m4gb]  U #b:12330 #cp:380792 #mr:99229 #mc:12701 s=7e-07
[m4gb]  M #b:12330 #cp:380792 #mr:99229 #mc:12701 s=0.0001214
[m4gb]  P lcmdegree=4
[m4gb]  P #b:12330 #cp:380280 #mr:99229 #mc:12701 s=1.97494
[m4gb]  P #n:0
[m4gb]  U #b:12330 #cp:380280 #mr:99229 #mc:12701 s=8e-07
[m4gb]  M #b:12330 #cp:380280 #mr:99229 #mc:12701 s=0.0001442
[m4gb]  P lcmdegree=4
[m4gb]  P #b:12330 #cp:379768 #mr:99229 #mc:12701 s=2.0302
[m4gb]  P #n:0
[m4gb]  U #b:12330 #cp:379768 #mr:99229 #mc:12701 s=7e-07
[m4gb]  M #b:12330 #cp:379768 #mr:99229 #mc:12701 s=0.0003031
[m4gb]  P lcmdegree=4
[m4gb]  P #b:12330 #cp:379256 #mr:99229 #mc:12701 s=2.11189
[m4gb]  P #n:0
[m4gb]  U #b:12330 #cp:379256 #mr:99229 #mc:12701 s=8e-07
[m4gb]  M #b:12330 #cp:379256 #mr:99229 #mc:12701 s=0.0002035
[m4gb]  P lcmdegree=4
[m4gb]  P #b:12330 #cp:378744 #mr:99229 #mc:12701 s=2.3122
[m4gb]  P #n:0
[m4gb]  U #b:12330 #cp:378744 #mr:99229 #mc:12701 s=7e-07
[m4gb]  M #b:12330 #cp:378744 #mr:99229 #mc:12701 s=0.000255
[m4gb]  P lcmdegree=4
[m4gb]  P #b:12330 #cp:378232 #mr:99229 #mc:12701 s=4.20211
[m4gb]  P #n:72
[m4gb]  U #b:12402 #cp:380752 #mr:99301 #mc:12701 s=12.821
[m4gb]  M #b:12402 #cp:380752 #mr:99301 #mc:12629 s=0.0006594
[m4gb]  P lcmdegree=4
[m4gb]  P #b:12402 #cp:380240 #mr:99301 #mc:12629 s=4.75664
[m4gb]  P #n:0
[m4gb]  U #b:12402 #cp:380240 #mr:99301 #mc:12629 s=7e-07
[m4gb]  M #b:12402 #cp:380240 #mr:99301 #mc:12629 s=0.0001957
[m4gb]  P lcmdegree=4
[m4gb]  P #b:12402 #cp:379728 #mr:99301 #mc:12629 s=2.5602
[m4gb]  P #n:0
[m4gb]  U #b:12402 #cp:379728 #mr:99301 #mc:12629 s=7e-07
[m4gb]  M #b:12402 #cp:379728 #mr:99301 #mc:12629 s=0.0002224
[m4gb]  P lcmdegree=4
[m4gb]  P #b:12402 #cp:379216 #mr:99301 #mc:12629 s=1.04981
[m4gb]  P #n:0
[m4gb]  U #b:12402 #cp:379216 #mr:99301 #mc:12629 s=7e-07
[m4gb]  M #b:12402 #cp:379216 #mr:99301 #mc:12629 s=0.0001994
[m4gb]  P lcmdegree=4
[m4gb]  P #b:12402 #cp:378704 #mr:99301 #mc:12629 s=0.986704
[m4gb]  P #n:0
[m4gb]  U #b:12402 #cp:378704 #mr:99301 #mc:12629 s=7e-07
[m4gb]  M #b:12402 #cp:378704 #mr:99301 #mc:12629 s=0.0001982
[m4gb]  P lcmdegree=4
[m4gb]  P #b:12402 #cp:378192 #mr:99301 #mc:12629 s=0.951141
[m4gb]  P #n:0
[m4gb]  U #b:12402 #cp:378192 #mr:99301 #mc:12629 s=8e-07
[m4gb]  M #b:12402 #cp:378192 #mr:99301 #mc:12629 s=0.0001905
[m4gb]  P lcmdegree=4
[m4gb]  P #b:12402 #cp:377680 #mr:99301 #mc:12629 s=0.965855
[m4gb]  P #n:0
[m4gb]  U #b:12402 #cp:377680 #mr:99301 #mc:12629 s=7e-07
[m4gb]  M #b:12402 #cp:377680 #mr:99301 #mc:12629 s=0.0002161
[m4gb]  P lcmdegree=4
[m4gb]  P #b:12402 #cp:377168 #mr:99301 #mc:12629 s=0.942362
[m4gb]  P #n:0
[m4gb]  U #b:12402 #cp:377168 #mr:99301 #mc:12629 s=5e-07
[m4gb]  M #b:12402 #cp:377168 #mr:99301 #mc:12629 s=0.0002113
[m4gb]  P lcmdegree=4
[m4gb]  P #b:12402 #cp:376656 #mr:99301 #mc:12629 s=2.37427
[m4gb]  P #n:0
[m4gb]  U #b:12402 #cp:376656 #mr:99301 #mc:12629 s=4e-07
[m4gb]  M #b:12402 #cp:376656 #mr:99301 #mc:12629 s=0.0001097
[m4gb]  P lcmdegree=4
[m4gb]  P #b:12402 #cp:376144 #mr:99301 #mc:12629 s=1.13827
[m4gb]  P #n:0
[m4gb]  U #b:12402 #cp:376144 #mr:99301 #mc:12629 s=7e-07
[m4gb]  M #b:12402 #cp:376144 #mr:99301 #mc:12629 s=0.0001993
[m4gb]  P lcmdegree=4
[m4gb]  P #b:12402 #cp:375632 #mr:99301 #mc:12629 s=1.09863
[m4gb]  P #n:0
[m4gb]  U #b:12402 #cp:375632 #mr:99301 #mc:12629 s=1.1e-06
[m4gb]  M #b:12402 #cp:375632 #mr:99301 #mc:12629 s=0.0002001
[m4gb]  P lcmdegree=4
[m4gb]  P #b:12402 #cp:375120 #mr:99301 #mc:12629 s=1.07838
[m4gb]  P #n:0
[m4gb]  U #b:12402 #cp:375120 #mr:99301 #mc:12629 s=9e-07
[m4gb]  M #b:12402 #cp:375120 #mr:99301 #mc:12629 s=0.0002669
[m4gb]  P lcmdegree=4
[m4gb]  P #b:12402 #cp:374608 #mr:99301 #mc:12629 s=1.17163
[m4gb]  P #n:0
[m4gb]  U #b:12402 #cp:374608 #mr:99301 #mc:12629 s=7e-07
[m4gb]  M #b:12402 #cp:374608 #mr:99301 #mc:12629 s=0.000193
[m4gb]  P lcmdegree=4
[m4gb]  P #b:12402 #cp:374096 #mr:99301 #mc:12629 s=1.952
[m4gb]  P #n:0
[m4gb]  U #b:12402 #cp:374096 #mr:99301 #mc:12629 s=6e-07
[m4gb]  M #b:12402 #cp:374096 #mr:99301 #mc:12629 s=0.0001261
[m4gb]  P lcmdegree=4
[m4gb]  P #b:12402 #cp:373584 #mr:99301 #mc:12629 s=1.85889
[m4gb]  P #n:0
[m4gb]  U #b:12402 #cp:373584 #mr:99301 #mc:12629 s=1.3e-06
[m4gb]  M #b:12402 #cp:373584 #mr:99301 #mc:12629 s=0.0002279
[m4gb]  P lcmdegree=4
[m4gb]  P #b:12402 #cp:373072 #mr:99301 #mc:12629 s=1.14835
[m4gb]  P #n:0
[m4gb]  U #b:12402 #cp:373072 #mr:99301 #mc:12629 s=7e-07
[m4gb]  M #b:12402 #cp:373072 #mr:99301 #mc:12629 s=0.00049
[m4gb]  P lcmdegree=4
[m4gb]  P #b:12402 #cp:372560 #mr:99301 #mc:12629 s=1.09636
[m4gb]  P #n:0
[m4gb]  U #b:12402 #cp:372560 #mr:99301 #mc:12629 s=6e-07
[m4gb]  M #b:12402 #cp:372560 #mr:99301 #mc:12629 s=0.0002204
[m4gb]  P lcmdegree=4
[m4gb]  P #b:12402 #cp:372048 #mr:99301 #mc:12629 s=1.00139
[m4gb]  P #n:0
[m4gb]  U #b:12402 #cp:372048 #mr:99301 #mc:12629 s=7e-07
[m4gb]  M #b:12402 #cp:372048 #mr:99301 #mc:12629 s=0.0002154
[m4gb]  P lcmdegree=4
[m4gb]  P #b:12402 #cp:371536 #mr:99301 #mc:12629 s=3.64917
[m4gb]  P #n:0
[m4gb]  U #b:12402 #cp:371536 #mr:99301 #mc:12629 s=8e-07
[m4gb]  M #b:12402 #cp:371536 #mr:99301 #mc:12629 s=0.0002099
[m4gb]  P lcmdegree=4
[m4gb]  P #b:12402 #cp:371024 #mr:99301 #mc:12629 s=1.14305
[m4gb]  P #n:0
[m4gb]  U #b:12402 #cp:371024 #mr:99301 #mc:12629 s=6e-07
[m4gb]  M #b:12402 #cp:371024 #mr:99301 #mc:12629 s=0.0002166
[m4gb]  P lcmdegree=4
[m4gb]  P #b:12402 #cp:370512 #mr:99301 #mc:12629 s=1.8144
[m4gb]  P #n:0
[m4gb]  U #b:12402 #cp:370512 #mr:99301 #mc:12629 s=5e-07
[m4gb]  M #b:12402 #cp:370512 #mr:99301 #mc:12629 s=0.0001889
[m4gb]  P lcmdegree=4
[m4gb]  P #b:12402 #cp:370000 #mr:99301 #mc:12629 s=6.35027
[m4gb]  P #n:0
[m4gb]  U #b:12402 #cp:370000 #mr:99301 #mc:12629 s=7e-07
[m4gb]  M #b:12402 #cp:370000 #mr:99301 #mc:12629 s=0.0001205
[m4gb]  P lcmdegree=4
[m4gb]  P #b:12402 #cp:369488 #mr:99301 #mc:12629 s=8.04562
[m4gb]  P #n:0
[m4gb]  U #b:12402 #cp:369488 #mr:99301 #mc:12629 s=1.1e-06
[m4gb]  M #b:12402 #cp:369488 #mr:99301 #mc:12629 s=0.0001478
[m4gb]  P lcmdegree=4
[m4gb]  P #b:12402 #cp:368976 #mr:99301 #mc:12629 s=1.46727
[m4gb]  P #n:0
[m4gb]  U #b:12402 #cp:368976 #mr:99301 #mc:12629 s=7e-07
[m4gb]  M #b:12402 #cp:368976 #mr:99301 #mc:12629 s=0.0002235
[m4gb]  P lcmdegree=4
[m4gb]  P #b:12402 #cp:368464 #mr:99301 #mc:12629 s=1.76919
[m4gb]  P #n:427
[m4gb]  U #b:12829 #cp:383353 #mr:99728 #mc:12629 s=53.9268
[m4gb]  M #b:12829 #cp:383353 #mr:99728 #mc:12202 s=0.0007707
[m4gb]  P lcmdegree=4
[m4gb]  P #b:12829 #cp:382841 #mr:99728 #mc:12202 s=35.6993
[m4gb]  P #n:35
[m4gb]  U #b:  41 #cp:  1690 #mr: 4656 #mc: 3461 s=555.802
[m4gb]  M #b:  41 #cp:  1690 #mr: 4656 #mc:   16 s=0.0013372
[m4gb]  P lcmdegree=3
[m4gb]  P #b:  41 #cp:  1178 #mr:10644 #mc:   16 s=0.02562
[m4gb]  P #n:0
[m4gb]  U #b:  41 #cp:  1178 #mr: 4656 #mc:   16 s=0.0018068
[m4gb]  M #b:  41 #cp:  1178 #mr: 4656 #mc:   16 s=3.83e-05
[m4gb]  P lcmdegree=3
[m4gb]  P #b:  41 #cp:   666 #mr:10644 #mc:   16 s=0.0270903
[m4gb]  P #n:0
[m4gb]  U #b:  41 #cp:   666 #mr: 4656 #mc:   16 s=0.0019744
[m4gb]  M #b:  41 #cp:   666 #mr: 4656 #mc:   16 s=4.98e-05
[m4gb]  P lcmdegree=3
[m4gb]  P #b:  41 #cp:   154 #mr:10644 #mc:   16 s=0.054699
[m4gb]  P #n:0
[m4gb]  U #b:  41 #cp:   154 #mr: 4656 #mc:   16 s=0.0020558
[m4gb]  M #b:  41 #cp:   154 #mr: 4656 #mc:   16 s=4.48e-05
[m4gb]  P lcmdegree=3
[m4gb]  P #b:  41 #cp:     0 #mr:10644 #mc:   16 s=0.0257991
[m4gb]  P #n:0
[m4gb]  upper_bound = 10660 = X37^4
[m4gb]  total update time   : 1987.19s
[m4gb]  total matrix time   : 0.106703s
[m4gb]  total selection time: 366.632s
[m4gb]  total time          : 2353.93s
X33 + X34
X31 + X34
X30
X29 + 1
X28 + 1
X27 + X35
X26 + X34 + X35
X25 + X34 + X35 + 1
X24 + X34 + X35 + 1
X23 + X32 + X34
X22
X21 + X32 + X34
X20 + X34 + 1
X19 + 1
X18 + X35 + 1
X17 + X32 + X35 + 1
X16 + X34 + 1
X15 + X34 + 1
X14 + X32
X13 + X34 + 1
X12
X11 + 1
X10 + 1
X9 + X32 + X35 + 1
X8 + X32 + X34 + X35
X7 + X32 + X34 + X35 + 1
X6 + X32 + X34 + X35 + 1
X5 + X32 + X34 + 1
X4
X3 + X32 + X34 + 1
X2 + X34
X1 + 1
X0 + X32 + X35
^2 + 
^2 + 
X35^2 + X35
X35*X34 + X35
X35*X32
X34^2 + X34
X34*X32 + X34 + X35
X32^2 + X32
Total CPU time : 2570.62 s
Peak memory    : 767 MiB
Resource index : 1.97167e+06 s*MiB
