[parser] loading polynomials from 'scan3/wd_n35_s35001.in' (format: default)
[m4gb]  I 0 0 72 0
[m4gb]  U #b:  72 #cp:   342 #mr:  110 #mc:  780 s=0.0034273
[m4gb]  M #b:  72 #cp:   342 #mr:  110 #mc:  670 s=0.000222
[m4gb]  P lcmdegree=3
[m4gb]  P #b:  72 #cp:     0 #mr: 3136 #mc: 7524 s=0.106978
[m4gb]  P #n:342
[m4gb]  U #b: 414 #cp:  5943 #mr: 4409 #mc: 7524 s=0.246659
[m4gb]  M #b: 414 #cp:  5943 #mr: 4409 #mc: 6251 s=0.0015702
[m4gb]  P lcmdegree=3
[m4gb]  P #b: 414 #cp:  5579 #mr: 4409 #mc: 6251 s=0.104268
[m4gb]  P #n:364
[m4gb]  U #b: 778 #cp: 12939 #mr: 4773 #mc: 6251 s=0.675672
[m4gb]  M #b: 778 #cp: 12939 #mr: 4773 #mc: 5887 s=0.0037398
[m4gb]  P lcmdegree=4
[m4gb]  P #b: 778 #cp: 12427 #mr:76388 #mc:35542 s=5.07269
[m4gb]  P #n:503
[m4gb]  U #b:1281 #cp: 24708 #mr:81049 #mc:35542 s=2.44418
[m4gb]  M #b:1281 #cp: 24708 #mr:81049 #mc:30881 s=0.0110877
[m4gb]  P lcmdegree=4
[m4gb]  P #b:1281 #cp: 24196 #mr:81049 #mc:30881 s=1.28942
[m4gb]  P #n:0
[m4gb]  U #b:1281 #cp: 24196 #mr:81049 #mc:30881 s=8e-07
[m4gb]  M #b:1281 #cp: 24196 #mr:81049 #mc:30881 s=0.0008683
[m4gb]  P lcmdegree=4
[m4gb]  P #b:1281 #cp: 23684 #mr:81049 #mc:30881 s=1.08513
[m4gb]  P #n:0
[m4gb]  U #b:1281 #cp: 23684 #mr:81049 #mc:30881 s=6e-07
[m4gb]  M #b:1281 #cp: 23684 #mr:81049 #mc:30881 s=0.0005947
[m4gb]  P lcmdegree=4
[m4gb]  P #b:1281 #cp: 23172 #mr:81049 #mc:30881 s=1.68366
[m4gb]  P #n:110
[m4gb]  U #b:1391 #cp: 25993 #mr:81159 #mc:30881 s=0.497393
[m4gb]  M #b:1391 #cp: 25993 #mr:81159 #mc:30771 s=0.0011705
[m4gb]  P lcmdegree=4
[m4gb]  P #b:1391 #cp: 25481 #mr:81159 #mc:30771 s=3.53721
[m4gb]  P #n:343
[m4gb]  U #b:1734 #cp: 34651 #mr:81502 #mc:30771 s=3.08456
[m4gb]  M #b:1734 #cp: 34651 #mr:81502 #mc:30428 s=0.0017503
[m4gb]  P lcmdegree=4
[m4gb]  P #b:1734 #cp: 34139 #mr:81502 #mc:30428 s=2.7805
[m4gb]  P #n:490
[m4gb]  U #b:2224 #cp: 47412 #mr:81992 #mc:30428 s=6.57026
[m4gb]  M #b:2224 #cp: 47412 #mr:81992 #mc:29938 s=0.001925
[m4gb]  P lcmdegree=4
[m4gb]  P #b:2224 #cp: 46900 #mr:81992 #mc:29938 s=4.19698
[m4gb]  P #n:512
[m4gb]  U #b:2736 #cp: 60999 #mr:82504 #mc:29938 s=10.8734
[m4gb]  M #b:2736 #cp: 60999 #mr:82504 #mc:29426 s=0.0018625
[m4gb]  P lcmdegree=4
[m4gb]  P #b:2736 #cp: 60487 #mr:82504 #mc:29426 s=4.41729
[m4gb]  P #n:502
[m4gb]  U #b:3238 #cp: 74212 #mr:83006 #mc:29426 s=13.1418
[m4gb]  M #b:3238 #cp: 74212 #mr:83006 #mc:28924 s=0.0017267
[m4gb]  P lcmdegree=4
[m4gb]  P #b:3238 #cp: 73700 #mr:83006 #mc:28924 s=4.09702
[m4gb]  P #n:501
[m4gb]  U #b:3739 #cp: 87641 #mr:83507 #mc:28924 s=16.833
[m4gb]  M #b:3739 #cp: 87641 #mr:83507 #mc:28423 s=0.00166
[m4gb]  P lcmdegree=4
[m4gb]  P #b:3739 #cp: 87129 #mr:83507 #mc:28423 s=4.22072
[m4gb]  P #n:431
[m4gb]  U #b:4170 #cp: 99643 #mr:83938 #mc:28423 s=15.1756
[m4gb]  M #b:4170 #cp: 99643 #mr:83938 #mc:27992 s=0.0062511
[m4gb]  P lcmdegree=4
[m4gb]  P #b:4170 #cp: 99131 #mr:83938 #mc:27992 s=4.80023
[m4gb]  P #n:361
[m4gb]  U #b:4531 #cp:109961 #mr:84299 #mc:27992 s=15.1897
[m4gb]  M #b:4531 #cp:109961 #mr:84299 #mc:27631 s=0.0014728
[m4gb]  P lcmdegree=4
[m4gb]  P #b:4531 #cp:109449 #mr:84299 #mc:27631 s=5.26837
[m4gb]  P #n:512
[m4gb]  U #b:5043 #cp:124444 #mr:84811 #mc:27631 s=25.0007
[m4gb]  M #b:5043 #cp:124444 #mr:84811 #mc:27119 s=0.0016285
[m4gb]  P lcmdegree=4
[m4gb]  P #b:5043 #cp:123932 #mr:84811 #mc:27119 s=5.01159
[m4gb]  P #n:513
[m4gb]  U #b:5556 #cp:139015 #mr:85324 #mc:27119 s=28.3411
[m4gb]  M #b:5556 #cp:139015 #mr:85324 #mc:26606 s=0.0013518
[m4gb]  P lcmdegree=4
[m4gb]  P #b:5556 #cp:138503 #mr:85324 #mc:26606 s=7.12763
[m4gb]  P #n:511
[m4gb]  U #b:6067 #cp:154344 #mr:85835 #mc:26606 s=30.1753
[m4gb]  M #b:6067 #cp:154344 #mr:85835 #mc:26095 s=0.0012989
[m4gb]  P lcmdegree=4
[m4gb]  P #b:6067 #cp:153832 #mr:85835 #mc:26095 s=10.0763
[m4gb]  P #n:489
[m4gb]  U #b:6556 #cp:168991 #mr:86324 #mc:26095 s=32.6165
[m4gb]  M #b:6556 #cp:168991 #mr:86324 #mc:25606 s=0.0011888
[m4gb]  P lcmdegree=4
[m4gb]  P #b:6556 #cp:168479 #mr:86324 #mc:25606 s=9.50132
[m4gb]  P #n:702
[m4gb]  U #b:7055 #cp:185539 #mr:87147 #mc:25606 s=54.0746
[m4gb]  M #b:7055 #cp:185539 #mr:87147 #mc:24783 s=0.011288
[m4gb]  P lcmdegree=4
[m4gb]  P #b:7055 #cp:185027 #mr:87147 #mc:24783 s=12.0862
[m4gb]  P #n:607
[m4gb]  U #b:7566 #cp:202470 #mr:87814 #mc:24783 s=50.5106
[m4gb]  M #b:7566 #cp:202470 #mr:87814 #mc:24116 s=0.0066643
[m4gb]  P lcmdegree=4
[m4gb]  P #b:7566 #cp:201958 #mr:87814 #mc:24116 s=14.7922
[m4gb]  P #n:1117
[m4gb]  U #b:8137 #cp:225223 #mr:89500 #mc:24116 s=100.817
[m4gb]  M #b:8137 #cp:225223 #mr:89500 #mc:22430 s=0.0087773
[m4gb]  P lcmdegree=4
[m4gb]  P #b:8137 #cp:224711 #mr:89500 #mc:22430 s=15.5993
[m4gb]  P #n:493
[m4gb]  U #b:8630 #cp:240134 #mr:89993 #mc:22430 s=49.6704
[m4gb]  M #b:8630 #cp:240134 #mr:89993 #mc:21937 s=0.00113
[m4gb]  P lcmdegree=4
[m4gb]  P #b:8630 #cp:239622 #mr:89993 #mc:21937 s=12.9336
[m4gb]  P #n:501
[m4gb]  U #b:9131 #cp:256088 #mr:90494 #mc:21937 s=58.4387
[m4gb]  M #b:9131 #cp:256088 #mr:90494 #mc:21436 s=0.0008978
[m4gb]  P lcmdegree=4
[m4gb]  P #b:9131 #cp:255576 #mr:90494 #mc:21436 s=8.4053
[m4gb]  P #n:535
[m4gb]  U #b:9576 #cp:270564 #mr:91049 #mc:21436 s=59.2893
[m4gb]  M #b:9576 #cp:270564 #mr:91049 #mc:20881 s=0.0112703
[m4gb]  P lcmdegree=4
[m4gb]  P #b:9576 #cp:270052 #mr:91049 #mc:20881 s=9.03051
[m4gb]  P #n:516
[m4gb]  U #b:10047 #cp:285727 #mr:91575 #mc:20881 s=60.9193
[m4gb]  M #b:10047 #cp:285727 #mr:91575 #mc:20355 s=0.0053821
[m4gb]  P lcmdegree=4
[m4gb]  P #b:10047 #cp:285215 #mr:91575 #mc:20355 s=9.1572
[m4gb]  P #n:627
[m4gb]  U #b:10539 #cp:301775 #mr:92232 #mc:20355 s=80.9385
[m4gb]  M #b:10539 #cp:301775 #mr:92232 #mc:19698 s=0.0053153
[m4gb]  P lcmdegree=4
[m4gb]  P #b:10539 #cp:301263 #mr:92232 #mc:19698 s=19.4188
[m4gb]  P #n:1247
[m4gb]  U #b:10401 #cp:311759 #mr:94295 #mc:19698 s=203.426
[m4gb]  M #b:10401 #cp:311759 #mr:94295 #mc:17635 s=0.0053007
[m4gb]  P lcmdegree=4
[m4gb]  P #b:10401 #cp:311247 #mr:94295 #mc:17635 s=7.82349
[m4gb]  P #n:111
[m4gb]  U #b:10512 #cp:315021 #mr:94406 #mc:17635 s=15.6831
[m4gb]  M #b:10512 #cp:315021 #mr:94406 #mc:17524 s=0.0008125
[m4gb]  P lcmdegree=4
[m4gb]  P #b:10512 #cp:314509 #mr:94406 #mc:17524 s=17.9187
[m4gb]  P #n:94
[m4gb]  U #b:10606 #cp:317705 #mr:94500 #mc:17524 s=13.2823
[m4gb]  M #b:10606 #cp:317705 #mr:94500 #mc:17430 s=0.0005987
[m4gb]  P lcmdegree=4
[m4gb]  P #b:10606 #cp:317193 #mr:94500 #mc:17430 s=3.12058
[m4gb]  P #n:86
[m4gb]  U #b:10692 #cp:320117 #mr:94586 #mc:17430 s=12.4068
[m4gb]  M #b:10692 #cp:320117 #mr:94586 #mc:17344 s=0.0071472
[m4gb]  P lcmdegree=4
[m4gb]  P #b:10692 #cp:319605 #mr:94586 #mc:17344 s=3.20412
[m4gb]  P #n:394
[m4gb]  U #b:11086 #cp:333001 #mr:94980 #mc:17344 s=58.6328
[m4gb]  M #b:11086 #cp:333001 #mr:94980 #mc:16950 s=0.0004651
[m4gb]  P lcmdegree=4
[m4gb]  P #b:11086 #cp:332489 #mr:94980 #mc:16950 s=4.91209
[m4gb]  P #n:437
[m4gb]  U #b:11523 #cp:347347 #mr:95417 #mc:16950 s=54.7091
[m4gb]  M #b:11523 #cp:347347 #mr:95417 #mc:16513 s=0.000548
[m4gb]  P lcmdegree=4
[m4gb]  P #b:11523 #cp:346835 #mr:95417 #mc:16513 s=12.3731
[m4gb]  P #n:666
[m4gb]  U #b:11118 #cp:341683 #mr:96939 #mc:16513 s=137.57
[m4gb]  M #b:11118 #cp:341683 #mr:96939 #mc:14991 s=0.0143624
[m4gb]  P lcmdegree=4
[m4gb]  P #b:11118 #cp:341171 #mr:96939 #mc:14991 s=11.9395
[m4gb]  P #n:344
[m4gb]  U #b:11462 #cp:353211 #mr:97283 #mc:14991 s=52.5378
[m4gb]  M #b:11462 #cp:353211 #mr:97283 #mc:14647 s=0.0005924
[m4gb]  P lcmdegree=4
[m4gb]  P #b:11462 #cp:352699 #mr:97283 #mc:14647 s=4.79818
[m4gb]  P #n:181
[m4gb]  U #b:11643 #cp:359034 #mr:97464 #mc:14647 s=28.8828
[m4gb]  M #b:11643 #cp:359034 #mr:97464 #mc:14466 s=0.0004054
[m4gb]  P lcmdegree=4
[m4gb]  P #b:11643 #cp:358522 #mr:97464 #mc:14466 s=3.59218
[m4gb]  P #n:0
[m4gb]  U #b:11643 #cp:358522 #mr:97464 #mc:14466 s=7e-07
[m4gb]  M #b:11643 #cp:358522 #mr:97464 #mc:14466 s=0.000134
[m4gb]  P lcmdegree=4
[m4gb]  P #b:11643 #cp:358010 #mr:97464 #mc:14466 s=1.83198
[m4gb]  P #n:0
[m4gb]  U #b:11643 #cp:358010 #mr:97464 #mc:14466 s=7e-07
[m4gb]  M #b:11643 #cp:358010 #mr:97464 #mc:14466 s=0.0001597
[m4gb]  P lcmdegree=4
[m4gb]  P #b:11643 #cp:357498 #mr:97464 #mc:14466 s=4.80781
[m4gb]  P #n:70
[m4gb]  U #b:11713 #cp:359948 #mr:97534 #mc:14466 s=11.0619
[m4gb]  M #b:11713 #cp:359948 #mr:97534 #mc:14396 s=0.0005981
[m4gb]  P lcmdegree=4
[m4gb]  P #b:11713 #cp:359436 #mr:97534 #mc:14396 s=3.72438
[m4gb]  P #n:0
[m4gb]  U #b:11713 #cp:359436 #mr:97534 #mc:14396 s=9e-07
[m4gb]  M #b:11713 #cp:359436 #mr:97534 #mc:14396 s=0.0001155
[m4gb]  P lcmdegree=4
[m4gb]  P #b:11713 #cp:358924 #mr:97534 #mc:14396 s=3.9638
[m4gb]  P #n:0
[m4gb]  U #b:11713 #cp:358924 #mr:97534 #mc:14396 s=1.1e-06
[m4gb]  M #b:11713 #cp:358924 #mr:97534 #mc:14396 s=0.00012
[m4gb]  P lcmdegree=4
[m4gb]  P #b:11713 #cp:358412 #mr:97534 #mc:14396 s=1.29651
[m4gb]  P #n:0
[m4gb]  U #b:11713 #cp:358412 #mr:97534 #mc:14396 s=8e-07
[m4gb]  M #b:11713 #cp:358412 #mr:97534 #mc:14396 s=0.0001417
[m4gb]  P lcmdegree=4
[m4gb]  P #b:11713 #cp:357900 #mr:97534 #mc:14396 s=1.20062
[m4gb]  P #n:0
[m4gb]  U #b:11713 #cp:357900 #mr:97534 #mc:14396 s=7e-07
[m4gb]  M #b:11713 #cp:357900 #mr:97534 #mc:14396 s=0.000127
[m4gb]  P lcmdegree=4
[m4gb]  P #b:11713 #cp:357388 #mr:97534 #mc:14396 s=1.16915
[m4gb]  P #n:0
[m4gb]  U #b:11713 #cp:357388 #mr:97534 #mc:14396 s=5e-07
[m4gb]  M #b:11713 #cp:357388 #mr:97534 #mc:14396 s=0.0001352
[m4gb]  P lcmdegree=4
[m4gb]  P #b:11713 #cp:356876 #mr:97534 #mc:14396 s=1.11054
[m4gb]  P #n:0
[m4gb]  U #b:11713 #cp:356876 #mr:97534 #mc:14396 s=4e-07
[m4gb]  M #b:11713 #cp:356876 #mr:97534 #mc:14396 s=0.0001313
[m4gb]  P lcmdegree=4
[m4gb]  P #b:11713 #cp:356364 #mr:97534 #mc:14396 s=1.34821
[m4gb]  P #n:0
[m4gb]  U #b:11713 #cp:356364 #mr:97534 #mc:14396 s=6e-07
[m4gb]  M #b:11713 #cp:356364 #mr:97534 #mc:14396 s=0.0002386
[m4gb]  P lcmdegree=4
[m4gb]  P #b:11713 #cp:355852 #mr:97534 #mc:14396 s=1.66842
[m4gb]  P #n:0
[m4gb]  U #b:11713 #cp:355852 #mr:97534 #mc:14396 s=1e-06
[m4gb]  M #b:11713 #cp:355852 #mr:97534 #mc:14396 s=0.0002182
[m4gb]  P lcmdegree=4
[m4gb]  P #b:11713 #cp:355340 #mr:97534 #mc:14396 s=2.20382
[m4gb]  P #n:0
[m4gb]  U #b:11713 #cp:355340 #mr:97534 #mc:14396 s=7e-07
[m4gb]  M #b:11713 #cp:355340 #mr:97534 #mc:14396 s=0.0002178
[m4gb]  P lcmdegree=4
[m4gb]  P #b:11713 #cp:354828 #mr:97534 #mc:14396 s=1.2642
[m4gb]  P #n:0
[m4gb]  U #b:11713 #cp:354828 #mr:97534 #mc:14396 s=7e-07
[m4gb]  M #b:11713 #cp:354828 #mr:97534 #mc:14396 s=0.0002246
[m4gb]  P lcmdegree=4
[m4gb]  P #b:11713 #cp:354316 #mr:97534 #mc:14396 s=1.16577
[m4gb]  P #n:0
[m4gb]  U #b:11713 #cp:354316 #mr:97534 #mc:14396 s=1e-06
[m4gb]  M #b:11713 #cp:354316 #mr:97534 #mc:14396 s=0.0002574
[m4gb]  P lcmdegree=4
[m4gb]  P #b:11713 #cp:353804 #mr:97534 #mc:14396 s=1.12048
[m4gb]  P #n:0
[m4gb]  U #b:11713 #cp:353804 #mr:97534 #mc:14396 s=1e-06
[m4gb]  M #b:11713 #cp:353804 #mr:97534 #mc:14396 s=0.0001224
[m4gb]  P lcmdegree=4
[m4gb]  P #b:11713 #cp:353292 #mr:97534 #mc:14396 s=1.23551
[m4gb]  P #n:0
[m4gb]  U #b:11713 #cp:353292 #mr:97534 #mc:14396 s=1.2e-06
[m4gb]  M #b:11713 #cp:353292 #mr:97534 #mc:14396 s=0.000262
[m4gb]  P lcmdegree=4
[m4gb]  P #b:11713 #cp:352780 #mr:97534 #mc:14396 s=2.78794
[m4gb]  P #n:0
[m4gb]  U #b:11713 #cp:352780 #mr:97534 #mc:14396 s=9e-07
[m4gb]  M #b:11713 #cp:352780 #mr:97534 #mc:14396 s=0.0001356
[m4gb]  P lcmdegree=4
[m4gb]  P #b:11713 #cp:352268 #mr:97534 #mc:14396 s=1.25464
[m4gb]  P #n:0
[m4gb]  U #b:11713 #cp:352268 #mr:97534 #mc:14396 s=1.7e-06
[m4gb]  M #b:11713 #cp:352268 #mr:97534 #mc:14396 s=0.0001428
[m4gb]  P lcmdegree=4
[m4gb]  P #b:11713 #cp:351756 #mr:97534 #mc:14396 s=1.2047
[m4gb]  P #n:0
[m4gb]  U #b:11713 #cp:351756 #mr:97534 #mc:14396 s=7e-07
[m4gb]  M #b:11713 #cp:351756 #mr:97534 #mc:14396 s=0.0001439
[m4gb]  P lcmdegree=4
[m4gb]  P #b:11713 #cp:351244 #mr:97534 #mc:14396 s=1.18278
[m4gb]  P #n:0
[m4gb]  U #b:11713 #cp:351244 #mr:97534 #mc:14396 s=7e-07
[m4gb]  M #b:11713 #cp:351244 #mr:97534 #mc:14396 s=0.0001232
[m4gb]  P lcmdegree=4
[m4gb]  P #b:11713 #cp:350732 #mr:97534 #mc:14396 s=1.62446
[m4gb]  P #n:0
[m4gb]  U #b:11713 #cp:350732 #mr:97534 #mc:14396 s=7e-07
[m4gb]  M #b:11713 #cp:350732 #mr:97534 #mc:14396 s=0.0002334
[m4gb]  P lcmdegree=4
[m4gb]  P #b:11713 #cp:350220 #mr:97534 #mc:14396 s=2.83856
[m4gb]  P #n:0
[m4gb]  U #b:11713 #cp:350220 #mr:97534 #mc:14396 s=7e-07
[m4gb]  M #b:11713 #cp:350220 #mr:97534 #mc:14396 s=0.0001415
[m4gb]  P lcmdegree=4
[m4gb]  P #b:11713 #cp:349708 #mr:97534 #mc:14396 s=1.28678
[m4gb]  P #n:0
[m4gb]  U #b:11713 #cp:349708 #mr:97534 #mc:14396 s=4e-07
[m4gb]  M #b:11713 #cp:349708 #mr:97534 #mc:14396 s=0.0001364
[m4gb]  P lcmdegree=4
[m4gb]  P #b:11713 #cp:349196 #mr:97534 #mc:14396 s=1.16549
[m4gb]  P #n:0
[m4gb]  U #b:11713 #cp:349196 #mr:97534 #mc:14396 s=1.2e-06
[m4gb]  M #b:11713 #cp:349196 #mr:97534 #mc:14396 s=0.0001375
[m4gb]  P lcmdegree=4
[m4gb]  P #b:11713 #cp:348684 #mr:97534 #mc:14396 s=1.22209
[m4gb]  P #n:0
[m4gb]  U #b:11713 #cp:348684 #mr:97534 #mc:14396 s=2e-06
[m4gb]  M #b:11713 #cp:348684 #mr:97534 #mc:14396 s=0.0002041
[m4gb]  P lcmdegree=4
[m4gb]  P #b:11713 #cp:348172 #mr:97534 #mc:14396 s=8.71489
[m4gb]  P #n:0
[m4gb]  U #b:11713 #cp:348172 #mr:97534 #mc:14396 s=4.3e-06
[m4gb]  M #b:11713 #cp:348172 #mr:97534 #mc:14396 s=0.0001525
[m4gb]  P lcmdegree=4
[m4gb]  P #b:11713 #cp:347660 #mr:97534 #mc:14396 s=2.65799
[m4gb]  P #n:193
[m4gb]  U #b:11906 #cp:354339 #mr:97727 #mc:14396 s=33.2169
[m4gb]  M #b:11906 #cp:354339 #mr:97727 #mc:14203 s=0.0007568
[m4gb]  P lcmdegree=4
[m4gb]  P #b:11906 #cp:353827 #mr:97727 #mc:14203 s=1.49326
[m4gb]  P #n:495
[m4gb]  U #b:12401 #cp:371152 #mr:98222 #mc:14203 s=81.0879
[m4gb]  M #b:12401 #cp:371152 #mr:98222 #mc:13708 s=0.0010656
[m4gb]  P lcmdegree=4
[m4gb]  P #b:12401 #cp:370640 #mr:98222 #mc:13708 s=4.54678
[m4gb]  P #n:15
[m4gb]  U #b:12416 #cp:371165 #mr:98237 #mc:13708 s=2.52891
[m4gb]  M #b:12416 #cp:371165 #mr:98237 #mc:13693 s=0.000492
[m4gb]  P lcmdegree=4
[m4gb]  P #b:12416 #cp:370653 #mr:98237 #mc:13693 s=2.43991
[m4gb]  P #n:0
[m4gb]  U #b:12416 #cp:370653 #mr:98237 #mc:13693 s=6e-06
[m4gb]  M #b:12416 #cp:370653 #mr:98237 #mc:13693 s=0.0005999
[m4gb]  P lcmdegree=4
[m4gb]  P #b:12416 #cp:370141 #mr:98237 #mc:13693 s=1.34419
[m4gb]  P #n:0
[m4gb]  U #b:12416 #cp:370141 #mr:98237 #mc:13693 s=6e-07
[m4gb]  M #b:12416 #cp:370141 #mr:98237 #mc:13693 s=0.000132
[m4gb]  P lcmdegree=4
[m4gb]  P #b:12416 #cp:369884 #mr:98237 #mc:13693 s=0.772284
[m4gb]  P #n:0
[m4gb]  U #b:12416 #cp:369884 #mr:98237 #mc:13693 s=7e-07
[m4gb]  M #b:12416 #cp:369884 #mr:98237 #mc:13693 s=0.0001443
[m4gb]  P lcmdegree=5
[m4gb]  P #b:12416 #cp:369372 #mr:942815 #mc:19783 s=2.48635
[m4gb]  P #n:512
[m4gb]  U #b:12928 #cp:387292 #mr:929832 #mc:19783 s=78.8557
[m4gb]  M #b:12928 #cp:387292 #mr:929832 #mc:18247 s=0.0162016
[m4gb]  P lcmdegree=5
[m4gb]  P #b:12928 #cp:386780 #mr:944351 #mc:18247 s=1.43688
[m4gb]  P #n:512
[m4gb]  U #b:13440 #cp:404700 #mr:931368 #mc:18247 s=65.058
[m4gb]  M #b:13440 #cp:404700 #mr:931368 #mc:16711 s=0.0060007
[m4gb]  P lcmdegree=5
[m4gb]  P #b:13440 #cp:404188 #mr:945887 #mc:16711 s=72.4027
[m4gb]  P #n:49
[m4gb]  U #b:  59 #cp:  3328 #mr: 8024 #mc: 4826 s=705.342
[m4gb]  M #b:  59 #cp:  3328 #mr: 8024 #mc:   32 s=0.0016867
[m4gb]  P lcmdegree=3
[m4gb]  P #b:  59 #cp:  2816 #mr:10628 #mc:   32 s=0.0243418
[m4gb]  P #n:0
[m4gb]  U #b:  59 #cp:  2816 #mr: 8024 #mc:   32 s=0.0020057
[m4gb]  M #b:  59 #cp:  2816 #mr: 8024 #mc:   32 s=4.8e-05
[m4gb]  P lcmdegree=3
[m4gb]  P #b:  59 #cp:  2304 #mr:10628 #mc:   32 s=0.0562705
[m4gb]  P #n:0
[m4gb]  U #b:  59 #cp:  2304 #mr: 8024 #mc:   32 s=0.0021659
[m4gb]  M #b:  59 #cp:  2304 #mr: 8024 #mc:   32 s=8.33e-05
[m4gb]  P lcmdegree=3
[m4gb]  P #b:  59 #cp:  1792 #mr:10628 #mc:   32 s=0.0791931
[m4gb]  P #n:0
[m4gb]  U #b:  59 #cp:  1792 #mr: 8024 #mc:   32 s=0.0023807
[m4gb]  M #b:  59 #cp:  1792 #mr: 8024 #mc:   32 s=5.43e-05
[m4gb]  P lcmdegree=3
[m4gb]  P #b:  59 #cp:  1280 #mr:10628 #mc:   32 s=0.0582646
[m4gb]  P #n:0
[m4gb]  U #b:  59 #cp:  1280 #mr: 8024 #mc:   32 s=0.001816
[m4gb]  M #b:  59 #cp:  1280 #mr: 8024 #mc:   32 s=3.89e-05
[m4gb]  P lcmdegree=3
[m4gb]  P #b:  59 #cp:   768 #mr:10628 #mc:   32 s=0.0447422
[m4gb]  P #n:0
[m4gb]  U #b:  59 #cp:   768 #mr: 8024 #mc:   32 s=0.004729
[m4gb]  M #b:  59 #cp:   768 #mr: 8024 #mc:   32 s=0.0001034
[m4gb]  P lcmdegree=3
[m4gb]  P #b:  59 #cp:   256 #mr:10628 #mc:   32 s=0.112726
[m4gb]  P #n:0
[m4gb]  U #b:  59 #cp:   256 #mr: 8024 #mc:   32 s=0.0040652
[m4gb]  M #b:  59 #cp:   256 #mr: 8024 #mc:   32 s=0.0001194
[m4gb]  P lcmdegree=3
[m4gb]  P #b:  59 #cp:     0 #mr:10628 #mc:   32 s=0.0360859
[m4gb]  P #n:0
[m4gb]  upper_bound = 10660 = X37^4
[m4gb]  total update time   : 2269.83s
[m4gb]  total matrix time   : 0.154608s
[m4gb]  total selection time: 387.868s
[m4gb]  total time          : 2657.85s
X34 + X35 + 1
X29 + X30 + X31 + X35
X28 + X32 + X35
X26 + X32 + 1
X25 + X31 + X35 + 1
X23 + X24 + X27 + X30 + X32 + X33 + 1
X22 + X27 + X31 + 1
X21 + X24 + X27 + X31 + X32 + X33 + 1
X20 + X27 + X30 + X31 + X35 + 1
X19 + X27 + X30 + X31 + X35 + 1
X18 + X27 + X32 + 1
X17 + X27 + X31 + X33 + X35 + 1
X16 + X27 + X31 + X33 + X35
X15 + X27 + X30 + X31 + X32 + 1
X14 + X27 + X30 + X31 + X33 + 1
X13 + X31 + X32 + X33 + 1
X12 + X27 + X31 + X32 + X33 + 1
X11 + X31 + X33 + X35 + 1
X10 + X30 + X35
X9 + X30 + X31
X8 + X27 + X30 + X31 + X33
X7 + X27 + X32 + X35 + 1
X6 + X24 + X27 + X31 + X32 + 1
X5 + X24 + X30 + X31 + X32 + 1
X4 + X30 + X32 + X33
X3 + X24 + X27 + X30 + X31 + X32 + 1
X2 + X30 + X33 + X35
X1 + X30 + X33 + X35
X0 + X27 + X33
^2 + 
^2 + 
X35^2 + X35
X35*X33 + X33 + X35 + 1
X35*X32 + X27 + X30 + X31 + X32
X35*X31 + X27 + X31 + X32 + X33
X35*X30 + X30 + X35 + 1
X35*X27 + X27 + X30 + X31 + X32 + X33 + X35 + 1
X35*X24 + X24 + X27 + X30 + X31
X33^2 + X33
X33*X32 + X27 + X31 + 1
X33*X31 + X27 + X32 + X33
X33*X30 + X30 + X33 + 1
X33*X27 + X31 + X32 + 1
X33*X24 + X27 + X30 + X31
X32^2 + X32
X32*X31 + X27 + X32 + X33
X32*X30 + X30 + X32 + 1
X32*X27 + X31 + X33 + 1
X32*X24 + X24
X31^2 + X31
X31*X30 + X31
X31*X27 + X27 + X32 + X33
X31*X24 + X27 + X32 + X33
X30^2 + X30
X30*X27 + X27
X30*X24 + X24
X27^2 + X27
X27*X24 + X24 + X30 + X31 + X32 + X33
X24^2 + X24
Total CPU time : 2912.64 s
Peak memory    : 1042 MiB
Resource index : 3.03497e+06 s*MiB
