[parser] loading polynomials from 'scan3/wd_n37_s37000.in' (format: default)
[m4gb]  I 0 0 74 0
[m4gb]  U #b:  74 #cp:   380 #mr:  112 #mc:  780 s=0.0038539
[m4gb]  M #b:  74 #cp:   380 #mr:  112 #mc:  668 s=0.0002394
[m4gb]  P lcmdegree=3
[m4gb]  P #b:  74 #cp:     0 #mr: 3174 #mc: 7486 s=0.110393
[m4gb]  P #n:380
[m4gb]  U #b: 454 #cp:  6853 #mr: 4526 #mc: 7486 s=0.311503
[m4gb]  M #b: 454 #cp:  6853 #mr: 4526 #mc: 6134 s=0.0014037
[m4gb]  P lcmdegree=3
[m4gb]  P #b: 454 #cp:  6456 #mr: 4526 #mc: 6134 s=0.131816
[m4gb]  P #n:397
[m4gb]  U #b: 851 #cp: 14690 #mr: 4923 #mc: 6134 s=0.900455
[m4gb]  M #b: 851 #cp: 14690 #mr: 4923 #mc: 5737 s=0.0321111
[m4gb]  P lcmdegree=4
[m4gb]  P #b: 851 #cp: 14178 #mr:78074 #mc:33856 s=7.03025
[m4gb]  P #n:502
[m4gb]  U #b:1353 #cp: 26662 #mr:83000 #mc:33856 s=3.07881
[m4gb]  M #b:1353 #cp: 26662 #mr:83000 #mc:28930 s=0.0072602
[m4gb]  P lcmdegree=4
[m4gb]  P #b:1353 #cp: 26150 #mr:83000 #mc:28930 s=1.28835
[m4gb]  P #n:0
[m4gb]  U #b:1353 #cp: 26150 #mr:83000 #mc:28930 s=5e-07
[m4gb]  M #b:1353 #cp: 26150 #mr:83000 #mc:28930 s=0.0007434
[m4gb]  P lcmdegree=4
[m4gb]  P #b:1353 #cp: 25638 #mr:83000 #mc:28930 s=0.90494
[m4gb]  P #n:0
[m4gb]  U #b:1353 #cp: 25638 #mr:83000 #mc:28930 s=9e-07
[m4gb]  M #b:1353 #cp: 25638 #mr:83000 #mc:28930 s=0.0006095
[m4gb]  P lcmdegree=4
[m4gb]  P #b:1353 #cp: 25126 #mr:83000 #mc:28930 s=1.19812
[m4gb]  P #n:0
[m4gb]  U #b:1353 #cp: 25126 #mr:83000 #mc:28930 s=6e-07
[m4gb]  M #b:1353 #cp: 25126 #mr:83000 #mc:28930 s=0.0006466
[m4gb]  P lcmdegree=4
[m4gb]  P #b:1353 #cp: 24614 #mr:83000 #mc:28930 s=1.29727
[m4gb]  P #n:148
[m4gb]  U #b:1501 #cp: 28656 #mr:83148 #mc:28930 s=0.96767
[m4gb]  M #b:1501 #cp: 28656 #mr:83148 #mc:28782 s=0.0009316
[m4gb]  P lcmdegree=4
[m4gb]  P #b:1501 #cp: 28144 #mr:83148 #mc:28782 s=4.37549
[m4gb]  P #n:410
[m4gb]  U #b:1911 #cp: 39280 #mr:83558 #mc:28782 s=3.3923
[m4gb]  M #b:1911 #cp: 39280 #mr:83558 #mc:28372 s=0.0010203
[m4gb]  P lcmdegree=4
[m4gb]  P #b:1911 #cp: 38768 #mr:83558 #mc:28372 s=2.86413
[m4gb]  P #n:488
[m4gb]  U #b:2399 #cp: 52351 #mr:84046 #mc:28372 s=5.58199
[m4gb]  M #b:2399 #cp: 52351 #mr:84046 #mc:27884 s=0.0013219
[m4gb]  P lcmdegree=4
[m4gb]  P #b:2399 #cp: 51839 #mr:84046 #mc:27884 s=4.13769
[m4gb]  P #n:512
[m4gb]  U #b:2911 #cp: 66315 #mr:84558 #mc:27884 s=10.3575
[m4gb]  M #b:2911 #cp: 66315 #mr:84558 #mc:27372 s=0.0016839
[m4gb]  P lcmdegree=4
[m4gb]  P #b:2911 #cp: 65803 #mr:84558 #mc:27372 s=3.90307
[m4gb]  P #n:500
[m4gb]  U #b:3411 #cp: 79790 #mr:85058 #mc:27372 s=13.6828
[m4gb]  M #b:3411 #cp: 79790 #mr:85058 #mc:26872 s=0.0014453
[m4gb]  P lcmdegree=4
[m4gb]  P #b:3411 #cp: 79278 #mr:85058 #mc:26872 s=4.3394
[m4gb]  P #n:501
[m4gb]  U #b:3912 #cp: 93736 #mr:85559 #mc:26872 s=16.0925
[m4gb]  M #b:3912 #cp: 93736 #mr:85559 #mc:26371 s=0.0012058
[m4gb]  P lcmdegree=4
[m4gb]  P #b:3912 #cp: 93224 #mr:85559 #mc:26371 s=4.03921
[m4gb]  P #n:478
[m4gb]  U #b:4390 #cp:106927 #mr:86037 #mc:26371 s=19.2727
[m4gb]  M #b:4390 #cp:106927 #mr:86037 #mc:25893 s=0.0012006
[m4gb]  P lcmdegree=4
[m4gb]  P #b:4390 #cp:106415 #mr:86037 #mc:25893 s=4.11347
[m4gb]  P #n:301
[m4gb]  U #b:4691 #cp:115746 #mr:86338 #mc:25893 s=12.8333
[m4gb]  M #b:4691 #cp:115746 #mr:86338 #mc:25592 s=0.001638
[m4gb]  P lcmdegree=4
[m4gb]  P #b:4691 #cp:115234 #mr:86338 #mc:25592 s=5.43773
[m4gb]  P #n:493
[m4gb]  U #b:5184 #cp:130380 #mr:86831 #mc:25592 s=19.1294
[m4gb]  M #b:5184 #cp:130380 #mr:86831 #mc:25099 s=0.0011752
[m4gb]  P lcmdegree=4
[m4gb]  P #b:5184 #cp:129868 #mr:86831 #mc:25099 s=4.58547
[m4gb]  P #n:512
[m4gb]  U #b:5696 #cp:144774 #mr:87343 #mc:25099 s=27.1136
[m4gb]  M #b:5696 #cp:144774 #mr:87343 #mc:24587 s=0.0012012
[m4gb]  P lcmdegree=4
[m4gb]  P #b:5696 #cp:144262 #mr:87343 #mc:24587 s=3.23859
[m4gb]  P #n:511
[m4gb]  U #b:6207 #cp:159592 #mr:87854 #mc:24587 s=31.1852
[m4gb]  M #b:6207 #cp:159592 #mr:87854 #mc:24076 s=0.0011141
[m4gb]  P lcmdegree=4
[m4gb]  P #b:6207 #cp:159080 #mr:87854 #mc:24076 s=5.76065
[m4gb]  P #n:512
[m4gb]  U #b:6719 #cp:175259 #mr:88366 #mc:24076 s=32.2987
[m4gb]  M #b:6719 #cp:175259 #mr:88366 #mc:23564 s=0.0012655
[m4gb]  P lcmdegree=4
[m4gb]  P #b:6719 #cp:174747 #mr:88366 #mc:23564 s=8.50827
[m4gb]  P #n:492
[m4gb]  U #b:7211 #cp:190491 #mr:88858 #mc:23564 s=39.591
[m4gb]  M #b:7211 #cp:190491 #mr:88858 #mc:23072 s=0.0029161
[m4gb]  P lcmdegree=4
[m4gb]  P #b:7211 #cp:189979 #mr:88858 #mc:23072 s=8.34232
[m4gb]  P #n:505
[m4gb]  U #b:7716 #cp:206139 #mr:89363 #mc:23072 s=57.717
[m4gb]  M #b:7716 #cp:206139 #mr:89363 #mc:22567 s=0.0016271
[m4gb]  P lcmdegree=4
[m4gb]  P #b:7716 #cp:205627 #mr:89363 #mc:22567 s=10.3024
[m4gb]  P #n:877
[m4gb]  U #b:8245 #cp:226357 #mr:90461 #mc:22567 s=64.4921
[m4gb]  M #b:8245 #cp:226357 #mr:90461 #mc:21469 s=0.0059641
[m4gb]  P lcmdegree=4
[m4gb]  P #b:8245 #cp:225845 #mr:90461 #mc:21469 s=12.8272
[m4gb]  P #n:365
[m4gb]  U #b:8610 #cp:238044 #mr:90826 #mc:21469 s=30.5707
[m4gb]  M #b:8610 #cp:238044 #mr:90826 #mc:21104 s=0.0057382
[m4gb]  P lcmdegree=4
[m4gb]  P #b:8610 #cp:237532 #mr:90826 #mc:21104 s=21.128
[m4gb]  P #n:2087
[m4gb]  U #b:8642 #cp:259365 #mr:94072 #mc:21104 s=345.323
[m4gb]  M #b:8642 #cp:259365 #mr:94072 #mc:17858 s=0.005956
[m4gb]  P lcmdegree=4
[m4gb]  P #b:8642 #cp:258853 #mr:94072 #mc:17858 s=16.029
[m4gb]  P #n:414
[m4gb]  U #b:9056 #cp:272929 #mr:94486 #mc:17858 s=41.3509
[m4gb]  M #b:9056 #cp:272929 #mr:94486 #mc:17444 s=0.0009568
[m4gb]  P lcmdegree=4
[m4gb]  P #b:9056 #cp:272417 #mr:94486 #mc:17444 s=30.2638
[m4gb]  P #n:621
[m4gb]  U #b:9455 #cp:286748 #mr:95241 #mc:17444 s=68.7216
[m4gb]  M #b:9455 #cp:286748 #mr:95241 #mc:16689 s=0.0044654
[m4gb]  P lcmdegree=4
[m4gb]  P #b:9455 #cp:286236 #mr:95241 #mc:16689 s=8.49856
[m4gb]  P #n:272
[m4gb]  U #b:9727 #cp:295484 #mr:95513 #mc:16689 s=32.0336
[m4gb]  M #b:9727 #cp:295484 #mr:95513 #mc:16417 s=0.0010066
[m4gb]  P lcmdegree=4
[m4gb]  P #b:9727 #cp:294972 #mr:95513 #mc:16417 s=4.59167
[m4gb]  P #n:501
[m4gb]  U #b:10228 #cp:311990 #mr:96014 #mc:16417 s=52.5494
[m4gb]  M #b:10228 #cp:311990 #mr:96014 #mc:15916 s=0.0008144
[m4gb]  P lcmdegree=4
[m4gb]  P #b:10228 #cp:311478 #mr:96014 #mc:15916 s=5.84866
[m4gb]  P #n:444
[m4gb]  U #b:10672 #cp:326118 #mr:96458 #mc:15916 s=54.2192
[m4gb]  M #b:10672 #cp:326118 #mr:96458 #mc:15472 s=0.0007998
[m4gb]  P lcmdegree=4
[m4gb]  P #b:10672 #cp:325606 #mr:96458 #mc:15472 s=5.3923
[m4gb]  P #n:501
[m4gb]  U #b:11173 #cp:343141 #mr:96959 #mc:15472 s=61.6277
[m4gb]  M #b:11173 #cp:343141 #mr:96959 #mc:14971 s=0.0008206
[m4gb]  P lcmdegree=4
[m4gb]  P #b:11173 #cp:342629 #mr:96959 #mc:14971 s=8.62714
[m4gb]  P #n:251
[m4gb]  U #b:11424 #cp:351414 #mr:97210 #mc:14971 s=34.5987
[m4gb]  M #b:11424 #cp:351414 #mr:97210 #mc:14720 s=0.0008102
[m4gb]  P lcmdegree=4
[m4gb]  P #b:11424 #cp:350902 #mr:97210 #mc:14720 s=5.81435
[m4gb]  P #n:249
[m4gb]  U #b:11673 #cp:359617 #mr:97459 #mc:14720 s=36.4899
[m4gb]  M #b:11673 #cp:359617 #mr:97459 #mc:14471 s=0.0008526
[m4gb]  P lcmdegree=4
[m4gb]  P #b:11673 #cp:359105 #mr:97459 #mc:14471 s=5.11201
[m4gb]  P #n:287
[m4gb]  U #b:11960 #cp:369150 #mr:97746 #mc:14471 s=32.1553
[m4gb]  M #b:11960 #cp:369150 #mr:97746 #mc:14184 s=0.0007875
[m4gb]  P lcmdegree=4
[m4gb]  P #b:11960 #cp:368638 #mr:97746 #mc:14184 s=5.2402
[m4gb]  P #n:350
[m4gb]  U #b:12310 #cp:380888 #mr:98096 #mc:14184 s=49.8273
[m4gb]  M #b:12310 #cp:380888 #mr:98096 #mc:13834 s=0.0009333
[m4gb]  P lcmdegree=4
[m4gb]  P #b:12310 #cp:380376 #mr:98096 #mc:13834 s=5.55645
[m4gb]  P #n:358
[m4gb]  U #b:12668 #cp:392906 #mr:98454 #mc:13834 s=44.2126
[m4gb]  M #b:12668 #cp:392906 #mr:98454 #mc:13476 s=0.0007942
[m4gb]  P lcmdegree=4
[m4gb]  P #b:12668 #cp:392394 #mr:98454 #mc:13476 s=5.56544
[m4gb]  P #n:320
[m4gb]  U #b:12988 #cp:403594 #mr:98774 #mc:13476 s=53.5484
[m4gb]  M #b:12988 #cp:403594 #mr:98774 #mc:13156 s=0.0008316
[m4gb]  P lcmdegree=4
[m4gb]  P #b:12988 #cp:403082 #mr:98774 #mc:13156 s=12.864
[m4gb]  P #n:746
[m4gb]  U #b:12537 #cp:398057 #mr:100391 #mc:13156 s=161.39
[m4gb]  M #b:12537 #cp:398057 #mr:100391 #mc:11539 s=0.0042388
[m4gb]  P lcmdegree=4
[m4gb]  P #b:12537 #cp:397545 #mr:100391 #mc:11539 s=9.01019
[m4gb]  P #n:301
[m4gb]  U #b:12838 #cp:408381 #mr:100692 #mc:11539 s=45.8877
[m4gb]  M #b:12838 #cp:408381 #mr:100692 #mc:11238 s=0.0008653
[m4gb]  P lcmdegree=4
[m4gb]  P #b:12838 #cp:407869 #mr:100692 #mc:11238 s=4.45763
[m4gb]  P #n:254
[m4gb]  U #b:13092 #cp:417013 #mr:100946 #mc:11238 s=33.2563
[m4gb]  M #b:13092 #cp:417013 #mr:100946 #mc:10984 s=0.00066
[m4gb]  P lcmdegree=4
[m4gb]  P #b:13092 #cp:416501 #mr:100946 #mc:10984 s=5.95335
[m4gb]  P #n:37
[m4gb]  U #b:13129 #cp:417833 #mr:100983 #mc:10984 s=6.26153
[m4gb]  M #b:13129 #cp:417833 #mr:100983 #mc:10947 s=0.0005334
[m4gb]  P lcmdegree=4
[m4gb]  P #b:13129 #cp:417321 #mr:100983 #mc:10947 s=3.97855
[m4gb]  P #n:0
[m4gb]  U #b:13129 #cp:417321 #mr:100983 #mc:10947 s=1.3e-06
[m4gb]  M #b:13129 #cp:417321 #mr:100983 #mc:10947 s=0.0001864
[m4gb]  P lcmdegree=4
[m4gb]  P #b:13129 #cp:416809 #mr:100983 #mc:10947 s=1.89313
[m4gb]  P #n:37
[m4gb]  U #b:13166 #cp:418141 #mr:101020 #mc:10947 s=6.3288
[m4gb]  M #b:13166 #cp:418141 #mr:101020 #mc:10910 s=0.0006236
[m4gb]  P lcmdegree=4
[m4gb]  P #b:13166 #cp:417629 #mr:101020 #mc:10910 s=7.13584
[m4gb]  P #n:37
[m4gb]  U #b:13203 #cp:418961 #mr:101057 #mc:10910 s=6.31516
[m4gb]  M #b:13203 #cp:418961 #mr:101057 #mc:10873 s=0.0009802
[m4gb]  P lcmdegree=4
[m4gb]  P #b:13203 #cp:418449 #mr:101057 #mc:10873 s=5.82641
[m4gb]  P #n:0
[m4gb]  U #b:13203 #cp:418449 #mr:101057 #mc:10873 s=1.1e-06
[m4gb]  M #b:13203 #cp:418449 #mr:101057 #mc:10873 s=9.28e-05
[m4gb]  P lcmdegree=4
[m4gb]  P #b:13203 #cp:417937 #mr:101057 #mc:10873 s=0.981287
[m4gb]  P #n:0
[m4gb]  U #b:13203 #cp:417937 #mr:101057 #mc:10873 s=9e-07
[m4gb]  M #b:13203 #cp:417937 #mr:101057 #mc:10873 s=0.0001075
[m4gb]  P lcmdegree=4
[m4gb]  P #b:13203 #cp:417425 #mr:101057 #mc:10873 s=1.07753
[m4gb]  P #n:0
[m4gb]  U #b:13203 #cp:417425 #mr:101057 #mc:10873 s=6e-07
[m4gb]  M #b:13203 #cp:417425 #mr:101057 #mc:10873 s=0.0001781
[m4gb]  P lcmdegree=4
[m4gb]  P #b:13203 #cp:416913 #mr:101057 #mc:10873 s=1.00343
[m4gb]  P #n:0
[m4gb]  U #b:13203 #cp:416913 #mr:101057 #mc:10873 s=8e-07
[m4gb]  M #b:13203 #cp:416913 #mr:101057 #mc:10873 s=0.0001887
[m4gb]  P lcmdegree=4
[m4gb]  P #b:13203 #cp:416401 #mr:101057 #mc:10873 s=0.976767
[m4gb]  P #n:0
[m4gb]  U #b:13203 #cp:416401 #mr:101057 #mc:10873 s=1.2e-06
[m4gb]  M #b:13203 #cp:416401 #mr:101057 #mc:10873 s=0.0001886
[m4gb]  P lcmdegree=4
[m4gb]  P #b:13203 #cp:415889 #mr:101057 #mc:10873 s=0.932931
[m4gb]  P #n:0
[m4gb]  U #b:13203 #cp:415889 #mr:101057 #mc:10873 s=8e-07
[m4gb]  M #b:13203 #cp:415889 #mr:101057 #mc:10873 s=0.0001996
[m4gb]  P lcmdegree=4
[m4gb]  P #b:13203 #cp:415377 #mr:101057 #mc:10873 s=1.00435
[m4gb]  P #n:0
[m4gb]  U #b:13203 #cp:415377 #mr:101057 #mc:10873 s=8e-07
[m4gb]  M #b:13203 #cp:415377 #mr:101057 #mc:10873 s=0.0001776
[m4gb]  P lcmdegree=4
[m4gb]  P #b:13203 #cp:414865 #mr:101057 #mc:10873 s=1.09855
[m4gb]  P #n:0
[m4gb]  U #b:13203 #cp:414865 #mr:101057 #mc:10873 s=1e-06
[m4gb]  M #b:13203 #cp:414865 #mr:101057 #mc:10873 s=0.0001998
[m4gb]  P lcmdegree=4
[m4gb]  P #b:13203 #cp:414353 #mr:101057 #mc:10873 s=2.24093
[m4gb]  P #n:0
[m4gb]  U #b:13203 #cp:414353 #mr:101057 #mc:10873 s=1.2e-06
[m4gb]  M #b:13203 #cp:414353 #mr:101057 #mc:10873 s=0.0001162
[m4gb]  P lcmdegree=4
[m4gb]  P #b:13203 #cp:413841 #mr:101057 #mc:10873 s=1.19001
[m4gb]  P #n:0
[m4gb]  U #b:13203 #cp:413841 #mr:101057 #mc:10873 s=8e-07
[m4gb]  M #b:13203 #cp:413841 #mr:101057 #mc:10873 s=0.0001713
[m4gb]  P lcmdegree=4
[m4gb]  P #b:13203 #cp:413329 #mr:101057 #mc:10873 s=1.24734
[m4gb]  P #n:0
[m4gb]  U #b:13203 #cp:413329 #mr:101057 #mc:10873 s=7e-07
[m4gb]  M #b:13203 #cp:413329 #mr:101057 #mc:10873 s=0.0001744
[m4gb]  P lcmdegree=4
[m4gb]  P #b:13203 #cp:412817 #mr:101057 #mc:10873 s=1.1313
[m4gb]  P #n:0
[m4gb]  U #b:13203 #cp:412817 #mr:101057 #mc:10873 s=1e-06
[m4gb]  M #b:13203 #cp:412817 #mr:101057 #mc:10873 s=0.000197
[m4gb]  P lcmdegree=4
[m4gb]  P #b:13203 #cp:412305 #mr:101057 #mc:10873 s=0.922001
[m4gb]  P #n:0
[m4gb]  U #b:13203 #cp:412305 #mr:101057 #mc:10873 s=8e-07
[m4gb]  M #b:13203 #cp:412305 #mr:101057 #mc:10873 s=0.0002122
[m4gb]  P lcmdegree=4
[m4gb]  P #b:13203 #cp:411793 #mr:101057 #mc:10873 s=0.883006
[m4gb]  P #n:0
[m4gb]  U #b:13203 #cp:411793 #mr:101057 #mc:10873 s=6e-07
[m4gb]  M #b:13203 #cp:411793 #mr:101057 #mc:10873 s=0.0001939
[m4gb]  P lcmdegree=4
[m4gb]  P #b:13203 #cp:411281 #mr:101057 #mc:10873 s=2.20056
[m4gb]  P #n:0
[m4gb]  U #b:13203 #cp:411281 #mr:101057 #mc:10873 s=8e-07
[m4gb]  M #b:13203 #cp:411281 #mr:101057 #mc:10873 s=0.0001044
[m4gb]  P lcmdegree=4
[m4gb]  P #b:13203 #cp:410769 #mr:101057 #mc:10873 s=0.874576
[m4gb]  P #n:0
[m4gb]  U #b:13203 #cp:410769 #mr:101057 #mc:10873 s=9e-07
[m4gb]  M #b:13203 #cp:410769 #mr:101057 #mc:10873 s=0.000109
[m4gb]  P lcmdegree=4
[m4gb]  P #b:13203 #cp:410257 #mr:101057 #mc:10873 s=1.0411
[m4gb]  P #n:0
[m4gb]  U #b:13203 #cp:410257 #mr:101057 #mc:10873 s=1e-06
[m4gb]  M #b:13203 #cp:410257 #mr:101057 #mc:10873 s=0.000181
[m4gb]  P lcmdegree=4
[m4gb]  P #b:13203 #cp:409745 #mr:101057 #mc:10873 s=0.982596
[m4gb]  P #n:0
[m4gb]  U #b:13203 #cp:409745 #mr:101057 #mc:10873 s=1.2e-06
[m4gb]  M #b:13203 #cp:409745 #mr:101057 #mc:10873 s=0.0001728
[m4gb]  P lcmdegree=4
[m4gb]  P #b:13203 #cp:409233 #mr:101057 #mc:10873 s=0.947634
[m4gb]  P #n:0
[m4gb]  U #b:13203 #cp:409233 #mr:101057 #mc:10873 s=1.1e-06
[m4gb]  M #b:13203 #cp:409233 #mr:101057 #mc:10873 s=0.0001759
[m4gb]  P lcmdegree=4
[m4gb]  P #b:13203 #cp:408721 #mr:101057 #mc:10873 s=1.18575
[m4gb]  P #n:0
[m4gb]  U #b:13203 #cp:408721 #mr:101057 #mc:10873 s=1e-06
[m4gb]  M #b:13203 #cp:408721 #mr:101057 #mc:10873 s=0.0001085
[m4gb]  P lcmdegree=4
[m4gb]  P #b:13203 #cp:408209 #mr:101057 #mc:10873 s=2.01804
[m4gb]  P #n:0
[m4gb]  U #b:13203 #cp:408209 #mr:101057 #mc:10873 s=9e-07
[m4gb]  M #b:13203 #cp:408209 #mr:101057 #mc:10873 s=0.0001074
[m4gb]  P lcmdegree=4
[m4gb]  P #b:13203 #cp:407697 #mr:101057 #mc:10873 s=1.01068
[m4gb]  P #n:0
[m4gb]  U #b:13203 #cp:407697 #mr:101057 #mc:10873 s=7e-07
[m4gb]  M #b:13203 #cp:407697 #mr:101057 #mc:10873 s=0.0001988
[m4gb]  P lcmdegree=4
[m4gb]  P #b:13203 #cp:407185 #mr:101057 #mc:10873 s=0.976358
[m4gb]  P #n:0
[m4gb]  U #b:13203 #cp:407185 #mr:101057 #mc:10873 s=9e-07
[m4gb]  M #b:13203 #cp:407185 #mr:101057 #mc:10873 s=0.0001891
[m4gb]  P lcmdegree=4
[m4gb]  P #b:13203 #cp:406673 #mr:101057 #mc:10873 s=1.00304
[m4gb]  P #n:0
[m4gb]  U #b:13203 #cp:406673 #mr:101057 #mc:10873 s=7e-07
[m4gb]  M #b:13203 #cp:406673 #mr:101057 #mc:10873 s=0.0001722
[m4gb]  P lcmdegree=4
[m4gb]  P #b:13203 #cp:406161 #mr:101057 #mc:10873 s=7.65153
[m4gb]  P #n:0
[m4gb]  U #b:13203 #cp:406161 #mr:101057 #mc:10873 s=8e-07
[m4gb]  M #b:13203 #cp:406161 #mr:101057 #mc:10873 s=0.0001217
[m4gb]  P lcmdegree=4
[m4gb]  P #b:13203 #cp:405649 #mr:101057 #mc:10873 s=2.57596
[m4gb]  P #n:0
[m4gb]  U #b:13203 #cp:405649 #mr:101057 #mc:10873 s=7e-07
[m4gb]  M #b:13203 #cp:405649 #mr:101057 #mc:10873 s=0.0001776
[m4gb]  P lcmdegree=4
[m4gb]  P #b:13203 #cp:405137 #mr:101057 #mc:10873 s=2.06945
[m4gb]  P #n:245
[m4gb]  U #b:13448 #cp:413748 #mr:101302 #mc:10873 s=39.6352
[m4gb]  M #b:13448 #cp:413748 #mr:101302 #mc:10628 s=0.0027736
[m4gb]  P lcmdegree=4
[m4gb]  P #b:13448 #cp:413236 #mr:101302 #mc:10628 s=1.16514
[m4gb]  P #n:467
[m4gb]  U #b:13915 #cp:430048 #mr:101769 #mc:10628 s=75.4396
[m4gb]  M #b:13915 #cp:430048 #mr:101769 #mc:10161 s=0.0004205
[m4gb]  P lcmdegree=4
[m4gb]  P #b:13915 #cp:429536 #mr:101769 #mc:10161 s=3.76631
[m4gb]  P #n:95
[m4gb]  U #b:14010 #cp:432956 #mr:101864 #mc:10161 s=15.6268
[m4gb]  M #b:14010 #cp:432956 #mr:101864 #mc:10066 s=0.0006865
[m4gb]  P lcmdegree=4
[m4gb]  P #b:14010 #cp:432444 #mr:101864 #mc:10066 s=3.21796
[m4gb]  P #n:0
[m4gb]  U #b:14010 #cp:432444 #mr:101864 #mc:10066 s=7e-07
[m4gb]  M #b:14010 #cp:432444 #mr:101864 #mc:10066 s=0.0001008
[m4gb]  P lcmdegree=4
[m4gb]  P #b:14010 #cp:431932 #mr:101864 #mc:10066 s=1.33959
[m4gb]  P #n:0
[m4gb]  U #b:14010 #cp:431932 #mr:101864 #mc:10066 s=9e-07
[m4gb]  M #b:14010 #cp:431932 #mr:101864 #mc:10066 s=0.0001041
[m4gb]  P lcmdegree=4
[m4gb]  P #b:14010 #cp:431420 #mr:101864 #mc:10066 s=1.34509
[m4gb]  P #n:0
[m4gb]  U #b:14010 #cp:431420 #mr:101864 #mc:10066 s=7e-07
[m4gb]  M #b:14010 #cp:431420 #mr:101864 #mc:10066 s=0.0001946
[m4gb]  P lcmdegree=4
[m4gb]  P #b:14010 #cp:431369 #mr:101864 #mc:10066 s=0.199512
[m4gb]  P #n:0
[m4gb]  U #b:14010 #cp:431369 #mr:101864 #mc:10066 s=8e-07
[m4gb]  M #b:14010 #cp:431369 #mr:101864 #mc:10066 s=0.0001673
[m4gb]  P lcmdegree=5
[m4gb]  P #b:14010 #cp:430857 #mr:950978 #mc:11620 s=36.3055
[m4gb]  P #n:0
[m4gb]  U #b:14010 #cp:430857 #mr:932121 #mc:11620 s=0.0846554
[m4gb]  M #b:14010 #cp:430857 #mr:932121 #mc:11620 s=0.0002771
[m4gb]  P lcmdegree=5
[m4gb]  P #b:14010 #cp:430345 #mr:950978 #mc:11620 s=12.9779
[m4gb]  P #n:0
[m4gb]  U #b:14010 #cp:430345 #mr:932121 #mc:11620 s=0.0955523
[m4gb]  M #b:14010 #cp:430345 #mr:932121 #mc:11620 s=0.0002681
[m4gb]  P lcmdegree=5
[m4gb]  P #b:14010 #cp:429833 #mr:950978 #mc:11620 s=5.05298
[m4gb]  P #n:445
[m4gb]  U #b:14455 #cp:446298 #mr:951423 #mc:11620 s=40.8576
[m4gb]  M #b:14455 #cp:446298 #mr:951423 #mc:11175 s=0.0008061
[m4gb]  P lcmdegree=5
[m4gb]  P #b:14455 #cp:445786 #mr:951423 #mc:11175 s=1.28596
[m4gb]  P #n:512
[m4gb]  U #b:14967 #cp:464730 #mr:951935 #mc:11175 s=59.6268
[m4gb]  M #b:14967 #cp:464730 #mr:951935 #mc:10663 s=0.0007454
[m4gb]  P lcmdegree=5
[m4gb]  P #b:14967 #cp:464218 #mr:951935 #mc:10663 s=1.3411
[m4gb]  P #n:293
[m4gb]  U #b:15260 #cp:475059 #mr:952228 #mc:10663 s=35.6433
[m4gb]  M #b:15260 #cp:475059 #mr:952228 #mc:10370 s=0.0006038
[m4gb]  P lcmdegree=5
[m4gb]  P #b:15260 #cp:474547 #mr:952228 #mc:10370 s=11.3089
[m4gb]  P #n:1590
[m4gb]  U #b:15636 #cp:488694 #mr:954158 #mc:10370 s=320.093
[m4gb]  M #b:15636 #cp:488694 #mr:954158 #mc: 8440 s=0.0010717
[m4gb]  P lcmdegree=5
[m4gb]  P #b:15636 #cp:488182 #mr:954158 #mc: 8440 s=10.6278
[m4gb]  P #n:368
[m4gb]  U #b:16004 #cp:501798 #mr:954526 #mc: 8440 s=66.1594
[m4gb]  M #b:16004 #cp:501798 #mr:954526 #mc: 8072 s=0.0002704
[m4gb]  P lcmdegree=5
[m4gb]  P #b:16004 #cp:501286 #mr:954526 #mc: 8072 s=1.1202
[m4gb]  P #n:152
[m4gb]  U #b:16156 #cp:506910 #mr:954678 #mc: 8072 s=30.5056
[m4gb]  M #b:16156 #cp:506910 #mr:954678 #mc: 7920 s=0.000263
[m4gb]  P lcmdegree=5
[m4gb]  P #b:16156 #cp:506398 #mr:954678 #mc: 7920 s=1.23367
[m4gb]  P #n:232
[m4gb]  U #b:16388 #cp:514982 #mr:954910 #mc: 7920 s=38.8644
[m4gb]  M #b:16388 #cp:514982 #mr:954910 #mc: 7688 s=0.0002792
[m4gb]  P lcmdegree=5
[m4gb]  P #b:16388 #cp:514470 #mr:954910 #mc: 7688 s=1.74465
[m4gb]  P #n:32
[m4gb]  U #b:16420 #cp:515654 #mr:954942 #mc: 7688 s=6.22399
[m4gb]  M #b:16420 #cp:515654 #mr:954942 #mc: 7656 s=0.000197
[m4gb]  P lcmdegree=5
[m4gb]  P #b:16420 #cp:515142 #mr:954942 #mc: 7656 s=1.56269
[m4gb]  P #n:512
[m4gb]  U #b:16932 #cp:534086 #mr:955454 #mc: 7656 s=86.1824
[m4gb]  M #b:16932 #cp:534086 #mr:955454 #mc: 7144 s=0.0003879
[m4gb]  P lcmdegree=5
[m4gb]  P #b:16932 #cp:533574 #mr:955454 #mc: 7144 s=0.56874
[m4gb]  P #n:336
[m4gb]  U #b:17268 #cp:545873 #mr:955790 #mc: 7144 s=69.1023
[m4gb]  M #b:17268 #cp:545873 #mr:955790 #mc: 6808 s=0.0002979
[m4gb]  P lcmdegree=5
[m4gb]  P #b:17268 #cp:545361 #mr:955790 #mc: 6808 s=1.28913
[m4gb]  P #n:176
[m4gb]  U #b:17444 #cp:551676 #mr:955966 #mc: 6808 s=36.7428
[m4gb]  M #b:17444 #cp:551676 #mr:955966 #mc: 6632 s=0.0003216
[m4gb]  P lcmdegree=5
[m4gb]  P #b:17444 #cp:551164 #mr:955966 #mc: 6632 s=1.37929
[m4gb]  P #n:512
[m4gb]  U #b:17956 #cp:569512 #mr:956478 #mc: 6632 s=98.6855
[m4gb]  M #b:17956 #cp:569512 #mr:956478 #mc: 6120 s=0.000531
[m4gb]  P lcmdegree=5
[m4gb]  P #b:17956 #cp:569000 #mr:956478 #mc: 6120 s=0.614068
[m4gb]  P #n:64
[m4gb]  U #b:18020 #cp:571293 #mr:956542 #mc: 6120 s=17.1018
[m4gb]  M #b:18020 #cp:571293 #mr:956542 #mc: 6056 s=0.0002018
[m4gb]  P lcmdegree=5
[m4gb]  P #b:18020 #cp:570781 #mr:956542 #mc: 6056 s=1.45843
[m4gb]  P #n:0
[m4gb]  U #b:18020 #cp:570781 #mr:956542 #mc: 6056 s=9e-07
[m4gb]  M #b:18020 #cp:570781 #mr:956542 #mc: 6056 s=6.87e-05
[m4gb]  P lcmdegree=5
[m4gb]  P #b:18020 #cp:570269 #mr:956542 #mc: 6056 s=0.862921
[m4gb]  P #n:0
[m4gb]  U #b:18020 #cp:570269 #mr:956542 #mc: 6056 s=9e-07
[m4gb]  M #b:18020 #cp:570269 #mr:956542 #mc: 6056 s=8.22e-05
[m4gb]  P lcmdegree=5
[m4gb]  P #b:18020 #cp:569757 #mr:956542 #mc: 6056 s=1.7322
[m4gb]  P #n:384
[m4gb]  U #b:18404 #cp:583524 #mr:956926 #mc: 6056 s=83.7592
[m4gb]  M #b:18404 #cp:583524 #mr:956926 #mc: 5672 s=0.0003092
[m4gb]  P lcmdegree=5
[m4gb]  P #b:18404 #cp:583012 #mr:956926 #mc: 5672 s=1.00619
[m4gb]  P #n:512
[m4gb]  U #b:18916 #cp:601609 #mr:938581 #mc: 5672 s=95.2406
[m4gb]  M #b:18916 #cp:601609 #mr:938581 #mc: 5160 s=0.0003494
[m4gb]  P lcmdegree=5
[m4gb]  P #b:18916 #cp:601097 #mr:957438 #mc: 5160 s=0.808679
[m4gb]  P #n:128
[m4gb]  U #b:19044 #cp:605833 #mr:938709 #mc: 5160 s=30.8812
[m4gb]  M #b:19044 #cp:605833 #mr:938709 #mc: 5032 s=0.0002064
[m4gb]  P lcmdegree=5
[m4gb]  P #b:19044 #cp:605321 #mr:957566 #mc: 5032 s=95.7903
[m4gb]  P #n:37
[m4gb]  U #b:  41 #cp:  1867 #mr: 4107 #mc: 3056 s=1581.08
[m4gb]  M #b:  41 #cp:  1867 #mr: 4107 #mc:    4 s=0.001415
[m4gb]  P lcmdegree=3
[m4gb]  P #b:  41 #cp:  1355 #mr:10656 #mc:    4 s=0.0466717
[m4gb]  P #n:0
[m4gb]  U #b:  41 #cp:  1355 #mr: 4107 #mc:    4 s=0.0019449
[m4gb]  M #b:  41 #cp:  1355 #mr: 4107 #mc:    4 s=4.81e-05
[m4gb]  P lcmdegree=3
[m4gb]  P #b:  41 #cp:   843 #mr:10656 #mc:    4 s=0.0186594
[m4gb]  P #n:0
[m4gb]  U #b:  41 #cp:   843 #mr: 4107 #mc:    4 s=0.0016114
[m4gb]  M #b:  41 #cp:   843 #mr: 4107 #mc:    4 s=3.75e-05
[m4gb]  P lcmdegree=3
[m4gb]  P #b:  41 #cp:   331 #mr:10656 #mc:    4 s=0.108335
[m4gb]  P #n:0
[m4gb]  U #b:  41 #cp:   331 #mr: 4107 #mc:    4 s=0.0017791
[m4gb]  M #b:  41 #cp:   331 #mr: 4107 #mc:    4 s=4.1e-05
[m4gb]  P lcmdegree=3
[m4gb]  P #b:  41 #cp:     0 #mr:10656 #mc:    4 s=0.020292
[m4gb]  P #n:0
[m4gb]  upper_bound = 10660 = X37^4
[m4gb]  total update time   : 4382.3s
[m4gb]  total matrix time   : 0.120122s
[m4gb]  total selection time: 518.048s
[m4gb]  total time          : 4900.47s
X35 + X37 + 1
X34 + X37 + 1
X32 + X37
X31
X30 + X33 + X37 + 1
X29 + X36
X28 + X33 + X37
X27 + X36 + X37
X26
X25 + X36
X24 + X33 + X37
X23 + X36
X22 + X33 + X36 + X37 + 1
X21 + X37
X20 + X33 + X36 + 1
X19 + X36 + X37
X18 + X37 + 1
X17 + X33 + 1
X16 + X37
X15 + X37
X14 + X36 + 1
X13 + X37 + 1
X12
X11 + X36 + X37 + 1
X10 + X33 + 1
X9 + X36 + X37
X8 + X33 + X37
X7
X6 + X33 + 1
X5 + X36 + X37
X4 + X33 + 1
X3 + X33 + X36 + X37
X2 + X37 + 1
X1 + X33 + X36 + 1
X0 + X33 + X37
X37^2 + X37
X37*X36 + X36 + X37 + 1
X37*X33
X36^2 + X36
X36*X33 + X33
X33^2 + X33
Total CPU time : 5031.72 s
Peak memory    : 1055 MiB
Resource index : 5.30846e+06 s*MiB
