[parser] loading polynomials from 'scan5/wd_N30_n25.in' (format: default)
[m4gb]  I 0 0 64 0
[m4gb]  U #b:  64 #cp:   194 #mr:  104 #mc:  861 s=0.0027378
[m4gb]  M #b:  64 #cp:   194 #mr:  104 #mc:  757 s=0.0002619
[m4gb]  P lcmdegree=3
[m4gb]  P #b:  64 #cp:     0 #mr: 3187 #mc: 9154 s=0.064545
[m4gb]  P #n:194
[m4gb]  U #b: 258 #cp:  2835 #mr: 4017 #mc: 9154 s=0.095855
[m4gb]  M #b: 258 #cp:  2835 #mr: 4017 #mc: 8324 s=0.0020554
[m4gb]  P lcmdegree=3
[m4gb]  P #b: 258 #cp:  2652 #mr: 4017 #mc: 8324 s=0.060321
[m4gb]  P #n:183
[m4gb]  U #b: 441 #cp:  5685 #mr: 4200 #mc: 8324 s=0.184874
[m4gb]  M #b: 441 #cp:  5685 #mr: 4200 #mc: 8141 s=0.0005835
[m4gb]  P lcmdegree=4
[m4gb]  P #b: 441 #cp:  5173 #mr:74267 #mc:61484 s=3.76422
[m4gb]  P #n:502
[m4gb]  U #b: 943 #cp: 15720 #mr:79152 #mc:61484 s=2.20447
[m4gb]  M #b: 943 #cp: 15720 #mr:79152 #mc:56599 s=0.0249937
[m4gb]  P lcmdegree=4
[m4gb]  P #b: 943 #cp: 15208 #mr:79152 #mc:56599 s=1.70433
[m4gb]  P #n:0
[m4gb]  U #b: 943 #cp: 15208 #mr:79152 #mc:56599 s=6e-07
[m4gb]  M #b: 943 #cp: 15208 #mr:79152 #mc:56599 s=0.0019004
[m4gb]  P lcmdegree=4
[m4gb]  P #b: 943 #cp: 14696 #mr:79152 #mc:56599 s=1.832
[m4gb]  P #n:139
[m4gb]  U #b:1082 #cp: 17826 #mr:79291 #mc:56599 s=0.656283
[m4gb]  M #b:1082 #cp: 17826 #mr:79291 #mc:56460 s=0.0020684
[m4gb]  P lcmdegree=4
[m4gb]  P #b:1082 #cp: 17314 #mr:79291 #mc:56460 s=4.8602
[m4gb]  P #n:494
[m4gb]  U #b:1576 #cp: 29016 #mr:79785 #mc:56460 s=3.98099
[m4gb]  M #b:1576 #cp: 29016 #mr:79785 #mc:55966 s=0.002593
[m4gb]  P lcmdegree=4
[m4gb]  P #b:1576 #cp: 28504 #mr:79785 #mc:55966 s=4.98694
[m4gb]  P #n:503
[m4gb]  U #b:2079 #cp: 40284 #mr:80288 #mc:55966 s=6.79703
[m4gb]  M #b:2079 #cp: 40284 #mr:80288 #mc:55463 s=0.0030569
[m4gb]  P lcmdegree=4
[m4gb]  P #b:2079 #cp: 39772 #mr:80288 #mc:55463 s=4.63405
[m4gb]  P #n:359
[m4gb]  U #b:2438 #cp: 48733 #mr:80647 #mc:55463 s=6.7889
[m4gb]  M #b:2438 #cp: 48733 #mr:80647 #mc:55104 s=0.0065547
[m4gb]  P lcmdegree=4
[m4gb]  P #b:2438 #cp: 48221 #mr:80647 #mc:55104 s=6.21189
[m4gb]  P #n:513
[m4gb]  U #b:2951 #cp: 60787 #mr:81160 #mc:55104 s=11.2285
[m4gb]  M #b:2951 #cp: 60787 #mr:81160 #mc:54591 s=0.0032339
[m4gb]  P lcmdegree=4
[m4gb]  P #b:2951 #cp: 60275 #mr:81160 #mc:54591 s=6.81639
[m4gb]  P #n:511
[m4gb]  U #b:3462 #cp: 73561 #mr:81671 #mc:54591 s=12.257
[m4gb]  M #b:3462 #cp: 73561 #mr:81671 #mc:54080 s=0.003219
[m4gb]  P lcmdegree=4
[m4gb]  P #b:3462 #cp: 73049 #mr:81671 #mc:54080 s=13.5956
[m4gb]  P #n:724
[m4gb]  U #b:3701 #cp: 85006 #mr:84165 #mc:54080 s=50.0559
[m4gb]  M #b:3701 #cp: 85006 #mr:84165 #mc:51586 s=0.0229555
[m4gb]  P lcmdegree=4
[m4gb]  P #b:3701 #cp: 84494 #mr:84165 #mc:51586 s=21.987
[m4gb]  P #n:836
[m4gb]  U #b:4066 #cp: 98277 #mr:85916 #mc:51586 s=34.9905
[m4gb]  M #b:4066 #cp: 98277 #mr:85916 #mc:49835 s=0.0123584
[m4gb]  P lcmdegree=4
[m4gb]  P #b:4066 #cp: 97765 #mr:85916 #mc:49835 s=17.3151
[m4gb]  P #n:514
[m4gb]  U #b:4563 #cp:111861 #mr:86452 #mc:49835 s=23.2348
[m4gb]  M #b:4563 #cp:111861 #mr:86452 #mc:49299 s=0.0222783
[m4gb]  P lcmdegree=4
[m4gb]  P #b:4563 #cp:111349 #mr:86452 #mc:49299 s=11.409
[m4gb]  P #n:504
[m4gb]  U #b:4917 #cp:122605 #mr:87224 #mc:49299 s=21.3501
[m4gb]  M #b:4917 #cp:122605 #mr:87224 #mc:48527 s=0.0129376
[m4gb]  P lcmdegree=4
[m4gb]  P #b:4917 #cp:122093 #mr:87224 #mc:48527 s=11.5215
[m4gb]  P #n:347
[m4gb]  U #b:5264 #cp:132126 #mr:87571 #mc:48527 s=14.9396
[m4gb]  M #b:5264 #cp:132126 #mr:87571 #mc:48180 s=0.0010606
[m4gb]  P lcmdegree=4
[m4gb]  P #b:5264 #cp:131614 #mr:87571 #mc:48180 s=9.16911
[m4gb]  P #n:385
[m4gb]  U #b:5649 #cp:142779 #mr:87956 #mc:48180 s=22.6457
[m4gb]  M #b:5649 #cp:142779 #mr:87956 #mc:47795 s=0.0014128
[m4gb]  P lcmdegree=4
[m4gb]  P #b:5649 #cp:142267 #mr:87956 #mc:47795 s=13.5404
[m4gb]  P #n:512
[m4gb]  U #b:5531 #cp:142630 #mr:89736 #mc:47795 s=36.976
[m4gb]  M #b:5531 #cp:142630 #mr:89736 #mc:46015 s=0.0124851
[m4gb]  P lcmdegree=4
[m4gb]  P #b:5531 #cp:142118 #mr:89736 #mc:46015 s=10.039
[m4gb]  P #n:234
[m4gb]  U #b:5765 #cp:148904 #mr:89970 #mc:46015 s=14.8645
[m4gb]  M #b:5765 #cp:148904 #mr:89970 #mc:45781 s=0.0012637
[m4gb]  P lcmdegree=4
[m4gb]  P #b:5765 #cp:148392 #mr:89970 #mc:45781 s=7.22774
[m4gb]  P #n:25
[m4gb]  U #b:5790 #cp:149117 #mr:89995 #mc:45781 s=1.79051
[m4gb]  M #b:5790 #cp:149117 #mr:89995 #mc:45756 s=0.0012469
[m4gb]  P lcmdegree=4
[m4gb]  P #b:5790 #cp:148605 #mr:89995 #mc:45756 s=3.68523
[m4gb]  P #n:25
[m4gb]  U #b:5815 #cp:149330 #mr:90020 #mc:45756 s=1.72859
[m4gb]  M #b:5815 #cp:149330 #mr:90020 #mc:45731 s=0.0013194
[m4gb]  P lcmdegree=4
[m4gb]  P #b:5815 #cp:148818 #mr:90020 #mc:45731 s=3.18512
[m4gb]  P #n:0
[m4gb]  U #b:5815 #cp:148818 #mr:90020 #mc:45731 s=1e-06
[m4gb]  M #b:5815 #cp:148818 #mr:90020 #mc:45731 s=0.0006215
[m4gb]  P lcmdegree=4
[m4gb]  P #b:5815 #cp:148306 #mr:90020 #mc:45731 s=5.87189
[m4gb]  P #n:0
[m4gb]  U #b:5815 #cp:148306 #mr:90020 #mc:45731 s=9e-07
[m4gb]  M #b:5815 #cp:148306 #mr:90020 #mc:45731 s=0.000654
[m4gb]  P lcmdegree=4
[m4gb]  P #b:5815 #cp:147794 #mr:90020 #mc:45731 s=4.14343
[m4gb]  P #n:0
[m4gb]  U #b:5815 #cp:147794 #mr:90020 #mc:45731 s=6e-07
[m4gb]  M #b:5815 #cp:147794 #mr:90020 #mc:45731 s=0.0007069
[m4gb]  P lcmdegree=4
[m4gb]  P #b:5815 #cp:147282 #mr:90020 #mc:45731 s=1.62232
[m4gb]  P #n:0
[m4gb]  U #b:5815 #cp:147282 #mr:90020 #mc:45731 s=1.2e-06
[m4gb]  M #b:5815 #cp:147282 #mr:90020 #mc:45731 s=0.0004115
[m4gb]  P lcmdegree=4
[m4gb]  P #b:5815 #cp:146770 #mr:90020 #mc:45731 s=1.63242
[m4gb]  P #n:0
[m4gb]  U #b:5815 #cp:146770 #mr:90020 #mc:45731 s=8e-07
[m4gb]  M #b:5815 #cp:146770 #mr:90020 #mc:45731 s=0.0004114
[m4gb]  P lcmdegree=4
[m4gb]  P #b:5815 #cp:146258 #mr:90020 #mc:45731 s=2.6909
[m4gb]  P #n:0
[m4gb]  U #b:5815 #cp:146258 #mr:90020 #mc:45731 s=5e-07
[m4gb]  M #b:5815 #cp:146258 #mr:90020 #mc:45731 s=0.0003856
[m4gb]  P lcmdegree=4
[m4gb]  P #b:5815 #cp:145746 #mr:90020 #mc:45731 s=1.58511
[m4gb]  P #n:0
[m4gb]  U #b:5815 #cp:145746 #mr:90020 #mc:45731 s=6e-07
[m4gb]  M #b:5815 #cp:145746 #mr:90020 #mc:45731 s=0.0004172
[m4gb]  P lcmdegree=4
[m4gb]  P #b:5815 #cp:145234 #mr:90020 #mc:45731 s=1.57985
[m4gb]  P #n:0
[m4gb]  U #b:5815 #cp:145234 #mr:90020 #mc:45731 s=5e-07
[m4gb]  M #b:5815 #cp:145234 #mr:90020 #mc:45731 s=0.0004166
[m4gb]  P lcmdegree=4
[m4gb]  P #b:5815 #cp:144722 #mr:90020 #mc:45731 s=2.42395
[m4gb]  P #n:0
[m4gb]  U #b:5815 #cp:144722 #mr:90020 #mc:45731 s=1e-06
[m4gb]  M #b:5815 #cp:144722 #mr:90020 #mc:45731 s=0.0004026
[m4gb]  P lcmdegree=4
[m4gb]  P #b:5815 #cp:144210 #mr:90020 #mc:45731 s=1.59791
[m4gb]  P #n:0
[m4gb]  U #b:5815 #cp:144210 #mr:90020 #mc:45731 s=7e-07
[m4gb]  M #b:5815 #cp:144210 #mr:90020 #mc:45731 s=0.000408
[m4gb]  P lcmdegree=4
[m4gb]  P #b:5815 #cp:143698 #mr:90020 #mc:45731 s=1.55434
[m4gb]  P #n:0
[m4gb]  U #b:5815 #cp:143698 #mr:90020 #mc:45731 s=8e-07
[m4gb]  M #b:5815 #cp:143698 #mr:90020 #mc:45731 s=0.0003947
[m4gb]  P lcmdegree=4
[m4gb]  P #b:5815 #cp:143186 #mr:90020 #mc:45731 s=3.37888
[m4gb]  P #n:0
[m4gb]  U #b:5815 #cp:143186 #mr:90020 #mc:45731 s=5e-07
[m4gb]  M #b:5815 #cp:143186 #mr:90020 #mc:45731 s=0.0003921
[m4gb]  P lcmdegree=4
[m4gb]  P #b:5815 #cp:142674 #mr:90020 #mc:45731 s=5.16783
[m4gb]  P #n:7
[m4gb]  U #b:5822 #cp:142870 #mr:90027 #mc:45731 s=0.472828
[m4gb]  M #b:5822 #cp:142870 #mr:90027 #mc:45724 s=0.0010048
[m4gb]  P lcmdegree=4
[m4gb]  P #b:5822 #cp:142358 #mr:90027 #mc:45724 s=20.8527
[m4gb]  P #n:352
[m4gb]  U #b: 437 #cp:  9485 #mr:92445 #mc:45656 s=116.152
[m4gb]  M #b: 437 #cp:  9485 #mr:92445 #mc: 5994 s=0.0106543
[m4gb]  P lcmdegree=3
[m4gb]  P #b: 437 #cp:  8973 #mr:92445 #mc: 5994 s=0.0198585
[m4gb]  P #n:0
[m4gb]  U #b: 437 #cp:  8973 #mr:92445 #mc: 5994 s=0.0236439
[m4gb]  M #b: 437 #cp:  8973 #mr:92445 #mc: 5994 s=0.0001387
[m4gb]  P lcmdegree=3
[m4gb]  P #b: 437 #cp:  8461 #mr:92445 #mc: 5994 s=0.0133881
[m4gb]  P #n:0
[m4gb]  U #b: 437 #cp:  8461 #mr:92445 #mc: 5994 s=0.0284654
[m4gb]  M #b: 437 #cp:  8461 #mr:92445 #mc: 5994 s=0.0001456
[m4gb]  P lcmdegree=3
[m4gb]  P #b: 437 #cp:  7949 #mr:92445 #mc: 5994 s=0.0217749
[m4gb]  P #n:0
[m4gb]  U #b: 437 #cp:  7949 #mr:92445 #mc: 5994 s=0.0123161
[m4gb]  M #b: 437 #cp:  7949 #mr:92445 #mc: 5994 s=0.0001346
[m4gb]  P lcmdegree=3
[m4gb]  P #b: 437 #cp:  7437 #mr:92445 #mc: 5994 s=0.020574
[m4gb]  P #n:0
[m4gb]  U #b: 437 #cp:  7437 #mr:92445 #mc: 5994 s=0.0127319
[m4gb]  M #b: 437 #cp:  7437 #mr:92445 #mc: 5994 s=0.0001487
[m4gb]  P lcmdegree=3
[m4gb]  P #b: 437 #cp:  6925 #mr:92445 #mc: 5994 s=0.0354476
[m4gb]  P #n:0
[m4gb]  U #b: 437 #cp:  6925 #mr:92445 #mc: 5994 s=0.0121015
[m4gb]  M #b: 437 #cp:  6925 #mr:92445 #mc: 5994 s=0.0001422
[m4gb]  P lcmdegree=3
[m4gb]  P #b: 437 #cp:  6413 #mr:92445 #mc: 5994 s=0.0420573
[m4gb]  P #n:0
[m4gb]  U #b: 437 #cp:  6413 #mr:92445 #mc: 5994 s=0.0128662
[m4gb]  M #b: 437 #cp:  6413 #mr:92445 #mc: 5994 s=0.0001361
[m4gb]  P lcmdegree=3
[m4gb]  P #b: 437 #cp:  5901 #mr:92445 #mc: 5994 s=0.0232306
[m4gb]  P #n:0
[m4gb]  U #b: 437 #cp:  5901 #mr:92445 #mc: 5994 s=0.0124939
[m4gb]  M #b: 437 #cp:  5901 #mr:92445 #mc: 5994 s=0.000134
[m4gb]  P lcmdegree=3
[m4gb]  P #b: 437 #cp:  5389 #mr:92445 #mc: 5994 s=0.0462252
[m4gb]  P #n:0
[m4gb]  U #b: 437 #cp:  5389 #mr:92445 #mc: 5994 s=0.0131018
[m4gb]  M #b: 437 #cp:  5389 #mr:92445 #mc: 5994 s=0.0001699
[m4gb]  P lcmdegree=3
[m4gb]  P #b: 437 #cp:  4877 #mr:92445 #mc: 5994 s=0.0287708
[m4gb]  P #n:0
[m4gb]  U #b: 437 #cp:  4877 #mr:92445 #mc: 5994 s=0.0126231
[m4gb]  M #b: 437 #cp:  4877 #mr:92445 #mc: 5994 s=0.0001459
[m4gb]  P lcmdegree=3
[m4gb]  P #b: 437 #cp:  4365 #mr:92445 #mc: 5994 s=0.03327
[m4gb]  P #n:0
[m4gb]  U #b: 437 #cp:  4365 #mr:92445 #mc: 5994 s=0.0123584
[m4gb]  M #b: 437 #cp:  4365 #mr:92445 #mc: 5994 s=0.000156
[m4gb]  P lcmdegree=3
[m4gb]  P #b: 437 #cp:  3853 #mr:92445 #mc: 5994 s=0.0279604
[m4gb]  P #n:0
[m4gb]  U #b: 437 #cp:  3853 #mr:92445 #mc: 5994 s=0.0128554
[m4gb]  M #b: 437 #cp:  3853 #mr:92445 #mc: 5994 s=0.0001322
[m4gb]  P lcmdegree=3
[m4gb]  P #b: 437 #cp:  3341 #mr:92445 #mc: 5994 s=0.0278797
[m4gb]  P #n:0
[m4gb]  U #b: 437 #cp:  3341 #mr:92445 #mc: 5994 s=0.0129094
[m4gb]  M #b: 437 #cp:  3341 #mr:92445 #mc: 5994 s=0.0001366
[m4gb]  P lcmdegree=3
[m4gb]  P #b: 437 #cp:  2829 #mr:92445 #mc: 5994 s=0.0458551
[m4gb]  P #n:0
[m4gb]  U #b: 437 #cp:  2829 #mr:92445 #mc: 5994 s=0.0129075
[m4gb]  M #b: 437 #cp:  2829 #mr:92445 #mc: 5994 s=0.0001533
[m4gb]  P lcmdegree=3
[m4gb]  P #b: 437 #cp:  2317 #mr:92445 #mc: 5994 s=0.0517509
[m4gb]  P #n:0
[m4gb]  U #b: 437 #cp:  2317 #mr:92445 #mc: 5994 s=0.0124223
[m4gb]  M #b: 437 #cp:  2317 #mr:92445 #mc: 5994 s=0.0001377
[m4gb]  P lcmdegree=3
[m4gb]  P #b: 437 #cp:  2003 #mr:92445 #mc: 5994 s=0.0255969
[m4gb]  P #n:0
[m4gb]  U #b: 437 #cp:  2003 #mr:92445 #mc: 5994 s=0.0130858
[m4gb]  M #b: 437 #cp:  2003 #mr:92445 #mc: 5994 s=0.0001385
[m4gb]  P lcmdegree=4
[m4gb]  P #b: 437 #cp:  1491 #mr:129757 #mc: 5994 s=0.143332
[m4gb]  P #n:0
[m4gb]  U #b: 437 #cp:  1491 #mr:92445 #mc: 5994 s=0.0266415
[m4gb]  M #b: 437 #cp:  1491 #mr:92445 #mc: 5994 s=0.0001514
[m4gb]  P lcmdegree=4
[m4gb]  P #b: 437 #cp:   979 #mr:129757 #mc: 5994 s=0.136996
[m4gb]  P #n:0
[m4gb]  U #b: 437 #cp:   979 #mr:92445 #mc: 5994 s=0.0298613
[m4gb]  M #b: 437 #cp:   979 #mr:92445 #mc: 5994 s=0.0001502
[m4gb]  P lcmdegree=4
[m4gb]  P #b: 437 #cp:   467 #mr:129757 #mc: 5994 s=0.10383
[m4gb]  P #n:0
[m4gb]  U #b: 437 #cp:   467 #mr:92445 #mc: 5994 s=0.0257858
[m4gb]  M #b: 437 #cp:   467 #mr:92445 #mc: 5994 s=0.0001458
[m4gb]  P lcmdegree=4
[m4gb]  P #b: 437 #cp:     0 #mr:129757 #mc: 5994 s=0.0989328
[m4gb]  P #n:0
[m4gb]  upper_bound = 135751 = X39^5
[m4gb]  total update time   : 383.697s
[m4gb]  total matrix time   : 0.159718s
[m4gb]  total selection time: 212.658s
[m4gb]  total time          : 596.515s
X3 + X4 + X5 + X6 + X7 + X8 + X12 + X15 + X18 + X19 + X20 + X21 + X27 + X28
^2 + 
^2 + 
^2 + 
^2 + 
^2 + 
^2 + 
^2 + 
^2 + 
^2 + 
^2 + 
X29^2 + X29
X29*X20 + X29*X23 + X29*X24 + X29*X25 + X29*X26 + X29*X27 + X4 + X7 + X8 + X10 + X11 + X13 + X14 + X16 + X20 + X23 + X25 + X29 + 1
X29*X18 + X29*X19 + X29*X22 + X29*X25 + X29*X28 + X0 + X9 + X10 + X11 + X12 + X17 + X19 + X20 + X22 + X25 + X28 + X29
X29*X17 + X29*X19 + X29*X21 + X29*X25 + X29*X26 + X2 + X4 + X6 + X9 + X10 + X12 + X13 + X17 + X23 + X26 + X28 + 1
X29*X16 + X29*X19 + X29*X21 + X29*X25 + X29*X26 + X29*X28 + X0 + X5 + X9 + X11 + X12 + X13 + X16 + X22 + X23 + X24 + X26 + X27
X29*X15 + X29*X19 + X29*X21 + X29*X22 + X29*X23 + X29*X25 + X29*X27 + X4 + X5 + X7 + X8 + X11 + X14 + X17 + X19 + X24 + X26 + X27 + X28 + 1
X29*X14 + X29*X21 + X29*X22 + X29*X24 + X29*X27 + X29*X28 + X2 + X4 + X6 + X9 + X10 + X12 + X13 + X17 + X23 + X26 + X28 + 1
X29*X13 + X29*X21 + X29*X23 + X29*X28 + X5 + X10 + X13 + X16 + X17 + X19 + X20 + X23 + X24 + X25 + X26 + X27 + X28 + X29
X29*X12 + X29*X23 + X29*X24 + X29*X25 + X2 + X4 + X6 + X9 + X10 + X12 + X13 + X17 + X23 + X26 + X28 + 1
X29*X11 + X29*X19 + X29*X22 + X29*X25 + X29*X26 + X29*X28 + X5 + X10 + X13 + X16 + X17 + X19 + X20 + X23 + X24 + X25 + X26 + X27 + X28 + X29
X29*X10 + X29*X19 + X29*X21 + X29*X22 + X29*X24 + X29*X25
X29*X9 + X29*X21 + X29*X22 + X29*X24 + X29*X26 + X2 + X4 + X5 + X6 + X9 + X12 + X16 + X19 + X20 + X24 + X25 + X27 + 1
X29*X8 + X29*X21 + X29*X22 + X29*X26 + X29*X27 + X29*X28 + X0 + X2 + X4 + X6 + X11 + X13 + X19 + X20 + X22 + X23 + X25 + X26 + 1
X29*X7 + X29*X19 + X29*X23 + X29*X24 + X29*X25 + X29*X26 + X0 + X2 + X5 + X6 + X7 + X8 + X13 + X14 + X17 + X20 + X22 + X23 + X24 + X25 + X27 + X28
X29*X6 + X29*X23 + X29*X24 + X29*X25 + X29*X28 + X0 + X4 + X7 + X8 + X9 + X12 + X13 + X14 + X16 + X17 + X19 + X22 + X23 + X28 + X29 + 1
X29*X5 + X29*X22 + X29*X23 + X29*X24 + X29*X25 + X29*X28 + X0 + X2 + X5 + X6 + X7 + X8 + X13 + X14 + X17 + X20 + X22 + X23 + X24 + X25 + X27 + X28
X29*X4 + X29*X21 + X29*X26 + X29*X27 + X29*X28 + X0 + X2 + X6 + X7 + X8 + X10 + X14 + X16 + X19 + X22 + X26
X29*X2 + X29*X21 + X29*X27 + X2 + X4 + X6 + X9 + X10 + X12 + X13 + X17 + X23 + X26 + X28 + X29 + 1
X29*X1 + X29*X21 + X29*X25 + X29*X26 + X29*X27 + X2 + X5 + X6 + X7 + X8 + X9 + X10 + X11 + X12 + X13 + X14 + X19 + X23 + X24 + X27
X29*X0 + X29*X21 + X29*X27 + X0 + X2 + X6 + X7 + X8 + X10 + X14 + X16 + X19 + X22 + X26
X28^2 + X28
X28*X27 + X29*X19 + X29*X21 + X29*X22 + X29*X23 + X29*X25 + X29*X28 + X1 + X7 + X9 + X11 + X12 + X14 + X15 + X16 + X17 + X18 + X19 + X22 + X23 + X26 + X27 + X28 + 1
X28*X26 + X29*X19 + X29*X22 + X29*X24 + X0 + X2 + X4 + X6 + X8 + X9 + X13 + X15 + X18 + X23 + X24 + X28 + X29
X28*X25 + X29*X19 + X29*X23 + X29*X24 + X29*X25 + X29*X26 + X29*X27 + X29*X28 + X2 + X4 + X5 + X12 + X13 + X14 + X15 + X18 + X20 + X22 + X24 + X25 + X27 + X28 + X29
X28*X24 + X29*X19 + X29*X21 + X29*X22 + X29*X23 + X29*X24 + X29*X27 + X0 + X1 + X5 + X8 + X18 + X22 + X23 + X26 + X27 + X29 + 1
X28*X23 + X29*X19 + X29*X21 + X29*X24 + X29*X25 + X29*X26 + X29*X27 + X2 + X4 + X8 + X9 + X10 + X12 + X13 + X14 + X16 + X18 + X19 + X20 + X22 + X28
X28*X22 + X29*X19 + X29*X23 + X29*X24 + X29*X26 + X0 + X2 + X4 + X5 + X6 + X7 + X8 + X9 + X13 + X14 + X17 + X19 + X20 + X21 + X25 + X27 + X28 + X29
X28*X21 + X29*X21 + X29*X24 + X29*X25 + X29*X26 + X29*X27 + X2 + X4 + X5 + X7 + X9 + X10 + X11 + X13 + X14 + X16 + X18 + X22 + X23 + X25 + X26 + X27 + X28 + X29
X28*X20 + X29*X19 + X29*X21 + X29*X24 + X29*X25 + X29*X27 + X4 + X6 + X8 + X9 + X10 + X11 + X13 + X15 + X18 + X19 + X20 + X25 + X29 + 1
X28*X19 + X29*X19 + X29*X21 + X29*X22 + X29*X23 + X29*X27 + X29*X28 + X0 + X2 + X6 + X11 + X14 + X16 + X19 + X21 + X23 + X26 + X27 + X28 + X29 + 1
X28*X18 + X29*X19 + X29*X21 + X29*X24 + X29*X25 + X29*X27 + X0 + X1 + X2 + X4 + X5 + X6 + X7 + X10 + X11 + X12 + X13 + X21 + X22 + X23 + X24 + X25 + X26 + X28 + 1
X28*X17 + X29*X22 + X29*X23 + X29*X24 + X29*X26 + X29*X27 + X29*X28 + X1 + X4 + X5 + X9 + X10 + X11 + X12 + X14 + X16 + X17 + X19 + X20 + X23 + X26 + X27 + X28 + 1
X28*X16 + X29*X22 + X29*X24 + X29*X25 + X29*X26 + X29*X28 + X0 + X5 + X6 + X11 + X12 + X14 + X15 + X16 + X18 + X19 + X23 + X24 + X25 + X26 + X27 + X29
X28*X15 + X29*X21 + X29*X23 + X29*X25 + X29*X26 + X29*X27 + X1 + X2 + X4 + X5 + X6 + X8 + X10 + X11 + X12 + X13 + X14 + X15 + X18 + X19 + X22 + X23 + X24 + X25 + X26 + X27 + 1
X28*X14 + X29*X23 + X29*X27 + X0 + X1 + X7 + X8 + X9 + X11 + X13 + X14 + X17 + X20 + X22 + X27 + X28
X28*X13 + X29*X23 + X29*X26 + X0 + X1 + X2 + X4 + X6 + X7 + X8 + X11 + X12 + X19 + X20 + X22 + X23 + X25 + X27 + 1
X28*X12 + X29*X19 + X29*X22 + X29*X23 + X29*X24 + X29*X26 + X29*X27 + X5 + X6 + X7 + X8 + X9 + X13 + X14 + X16 + X18 + X20 + X25 + X26 + X29
X28*X11 + X29*X19 + X29*X22 + X29*X24 + X29*X28 + X7 + X10 + X14 + X15 + X17 + X20 + X21 + X22 + X23 + X25 + X26 + X27 + X28 + X29
X28*X10 + X29*X24 + X29*X26 + X29*X27 + X1 + X2 + X5 + X7 + X9 + X11 + X13 + X16 + X19 + X20 + X21 + X22 + X25 + X27 + X28 + 1
X28*X9 + X29*X22 + X29*X25 + X29*X26 + X29*X27 + X29*X28 + X0 + X4 + X9 + X11 + X12 + X13 + X16 + X17 + X21 + X25 + X26 + X27 + X29
X28*X8 + X29*X21 + X29*X25 + X29*X28 + X1 + X2 + X6 + X7 + X12 + X13 + X14 + X16 + X17 + X21 + X25 + X26 + X28 + X29 + 1
X28*X7 + X29*X19 + X29*X27 + X1 + X2 + X4 + X7 + X8 + X11 + X18 + X21 + X22 + X23 + X24 + X25 + X26 + X27 + X29
X28*X6 + X29*X23 + X29*X24 + X5 + X10 + X12 + X15 + X16 + X18 + X20 + X23 + X26 + X29
X28*X5 + X29*X21 + X29*X23 + X29*X27 + X0 + X1 + X2 + X5 + X9 + X10 + X12 + X13 + X14 + X15 + X16 + X17 + X18 + X20 + X23 + X24 + X28 + 1
X28*X4 + X29*X24 + X29*X25 + X1 + X2 + X6 + X8 + X11 + X12 + X16 + X18 + X19 + X20 + X29 + 1
X28*X2 + X29*X19 + X29*X26 + X29*X27 + X2 + X5 + X9 + X11 + X12 + X13 + X16 + X18 + X19 + X25 + X26 + X27 + 1
X28*X1 + X29*X19 + X29*X21 + X29*X24 + X29*X25 + X29*X26 + X29*X27 + X29*X28 + X1 + X7 + X9 + X16 + X17 + X19 + X22 + X24 + X27
X28*X0 + X29*X19 + X29*X22 + X29*X24 + X29*X27 + X29*X28 + X4 + X5 + X8 + X9 + X15 + X16 + X17 + X18 + X21 + X23 + X24 + X26 + X27 + X29
X27^2 + X27
X27*X26 + X29*X22 + X29*X23 + X29*X24 + X29*X26 + X0 + X1 + X6 + X10 + X12 + X13 + X17 + X20 + X21 + X23 + X24 + X25 + X27 + X28 + X29
X27*X25 + X29*X19 + X29*X21 + X29*X22 + X29*X23 + X29*X25 + X29*X26 + X29*X27 + X2 + X5 + X6 + X7 + X8 + X10 + X13 + X14 + X15 + X17 + X18 + X20 + X21 + X25 + X28 + X29 + 1
X27*X24 + X29*X21 + X29*X22 + X29*X26 + X29*X27 + X29*X28 + X0 + X2 + X11 + X14 + X15 + X19 + X20 + X21 + X28 + 1
X27*X23 + X29*X19 + X29*X21 + X29*X22 + X29*X25 + X29*X27 + X29*X28 + X2 + X5 + X6 + X12 + X15 + X16 + X19 + X21 + X23 + X24 + X29 + 1
X27*X22 + X29*X25 + X29*X26 + X29*X27 + X0 + X1 + X5 + X6 + X8 + X9 + X12 + X13 + X14 + X16 + X17 + X18 + X21 + X22 + X25 + X28 + X29
X27*X21 + X29*X22 + X29*X24 + X29*X25 + X29*X26 + X29*X27 + X29*X28 + X1 + X2 + X6 + X11 + X15 + X16 + X17 + X18 + X24 + X26 + X29 + 1
X27*X20 + X29*X19 + X29*X27 + X0 + X1 + X5 + X7 + X8 + X9 + X10 + X11 + X12 + X13 + X14 + X15 + X17 + X21 + X22 + X23 + X24 + X26 + X29 + 1
X27*X19 + X29*X22 + X29*X23 + X29*X25 + X29*X26 + X29*X27 + X29*X28 + X0 + X1 + X6 + X8 + X12 + X13 + X15 + X19 + X20 + X21 + X22 + X23 + X25 + X27
X27*X18 + X29*X19 + X29*X22 + X29*X23 + X29*X25 + X0 + X2 + X8 + X9 + X11 + X13 + X15 + X17 + X20 + X21 + X24 + X25 + X29 + 1
X27*X17 + X29*X21 + X9 + X11 + X15 + X16 + X17 + X18 + X19 + X20 + X21 + X22 + X23 + X24 + X26 + X27 + X28 + 1
X27*X16 + X29*X19 + X29*X21 + X29*X24 + X29*X25 + X29*X28 + X4 + X6 + X8 + X9 + X12 + X13 + X16 + X18 + X21 + X22 + X23 + X26 + 1
X27*X15 + X29*X21 + X29*X23 + X29*X25 + X29*X26 + X0 + X2 + X4 + X6 + X8 + X11 + X14 + X18 + X20 + X21 + X22 + X26 + X28
X27*X14 + X29*X19 + X29*X21 + X29*X22 + X29*X23 + X29*X25 + X29*X26 + X29*X27 + X29*X28 + X1 + X2 + X4 + X5 + X6 + X7 + X11 + X12 + X13 + X14 + X16 + X18 + X19 + X20 + X23 + X24 + X25 + X28 + 1
X27*X13 + X29*X22 + X29*X23 + X29*X24 + X29*X26 + X29*X27 + X29*X28 + X1 + X4 + X6 + X7 + X8 + X9 + X12 + X18 + X20 + X22 + X23 + X26 + X29 + 1
X27*X12 + X29*X19 + X29*X23 + X29*X24 + X29*X26 + X29*X28 + X0 + X2 + X5 + X9 + X10 + X12 + X14 + X15 + X16 + X17 + X18 + X20 + X25 + X26 + X28 + X29 + 1
X27*X11 + X29*X19 + X29*X21 + X29*X22 + X29*X26 + X29*X27 + X0 + X1 + X2 + X6 + X8 + X13 + X19 + X22 + X23 + X25 + X26 + X27 + X28 + X29 + 1
X27*X10 + X29*X21 + X29*X25 + X29*X26 + X29*X27 + X29*X28 + X0 + X2 + X6 + X9 + X12 + X14 + X15 + X17 + X19 + X20 + X25 + X28 + X29
X27*X9 + X29*X19 + X29*X21 + X29*X23 + X29*X26 + X29*X27 + X29*X28 + X0 + X1 + X2 + X5 + X6 + X7 + X9 + X10 + X12 + X13 + X15 + X18 + X20 + X21 + X23 + X24 + X25 + X26 + X29
X27*X8 + X29*X21 + X29*X22 + X29*X23 + X29*X24 + X29*X27 + X1 + X4 + X5 + X6 + X8 + X17 + X19 + X20 + X21 + X22 + X23 + X25 + X27 + X28 + X29 + 1
X27*X7 + X29*X21 + X29*X22 + X29*X23 + X29*X28 + X4 + X5 + X6 + X9 + X12 + X13 + X17 + X21 + X22 + X24 + X25 + X27 + X28 + X29 + 1
X27*X6 + X29*X19 + X29*X22 + X29*X24 + X1 + X2 + X4 + X6 + X7 + X8 + X9 + X11 + X13 + X14 + X15 + X16 + X17 + X18 + X20 + X22 + X23 + X29 + 1
X27*X5 + X29*X23 + X29*X25 + X29*X28 + X0 + X1 + X5 + X6 + X8 + X10 + X13 + X14 + X18 + X20 + X26 + X27
X27*X4 + X29*X19 + X29*X22 + X29*X23 + X29*X25 + X29*X26 + X29*X27 + X29*X28 + X1 + X9 + X11 + X12 + X13 + X16 + X17 + X22 + X25 + X26 + X29
X27*X2 + X29*X19 + X29*X21 + X29*X23 + X29*X24 + X29*X26 + X29*X27 + X0 + X6 + X7 + X8 + X10 + X13 + X14 + X15 + X24 + X27
X27*X1 + X29*X19 + X29*X21 + X29*X26 + X29*X27 + X29*X28 + X0 + X2 + X4 + X5 + X7 + X8 + X13 + X14 + X18 + X19 + X20 + X26 + X29 + 1
X27*X0 + X29*X19 + X29*X21 + X29*X22 + X29*X27 + X29*X28 + X4 + X5 + X6 + X8 + X9 + X12 + X13 + X17 + X20 + X22 + X23 + X24 + X26 + X28 + 1
X26^2 + X26
X26*X25 + X29*X19 + X29*X22 + X29*X23 + X29*X24 + X0 + X1 + X2 + X5 + X6 + X12 + X16 + X18 + X21 + X26 + X28
X26*X24 + X29*X19 + X29*X21 + X29*X22 + X29*X26 + X29*X27 + X2 + X5 + X6 + X7 + X11 + X16 + X17 + X19 + X25 + X27 + X28
X26*X23 + X29*X19 + X29*X22 + X29*X23 + X29*X25 + X29*X28 + X0 + X2 + X7 + X8 + X9 + X11 + X13 + X14 + X16 + X19 + X22 + X23 + X24 + X26 + X28 + X29
X26*X22 + X29*X19 + X29*X21 + X29*X22 + X29*X23 + X29*X24 + X29*X25 + X29*X27 + X0 + X1 + X2 + X4 + X5 + X10 + X14 + X15 + X18 + X19 + X21 + X22 + X24 + X25 + X26 + X29
X26*X21 + X29*X19 + X29*X24 + X0 + X1 + X5 + X6 + X8 + X11 + X13 + X15 + X16 + X18 + X19 + X20 + X21 + X22 + X23 + X25 + X26 + 1
X26*X20 + X29*X19 + X29*X22 + X29*X24 + X29*X26 + X29*X28 + X0 + X2 + X5 + X6 + X7 + X10 + X12 + X13 + X14 + X16 + X17 + X19 + X21 + X22 + X23 + X24 + X26 + X28
X26*X19 + X29*X19 + X29*X23 + X29*X24 + X29*X25 + X29*X26 + X29*X28 + X0 + X1 + X2 + X5 + X7 + X9 + X10 + X11 + X14 + X15 + X20 + X21 + X22 + X24 + X25 + X26 + X27
X26*X18 + X29*X21 + X29*X24 + X29*X25 + X29*X26 + X0 + X1 + X6 + X8 + X9 + X11 + X12 + X19 + X21 + X22 + X24
X26*X17 + X29*X19 + X29*X21 + X29*X22 + X29*X25 + X29*X26 + X29*X28 + X1 + X2 + X5 + X6 + X8 + X9 + X10 + X11 + X12 + X15 + X16 + X17 + X18 + X20 + X21 + X23 + X24 + X26 + X27 + 1
X26*X16 + X29*X19 + X29*X22 + X29*X23 + X29*X25 + X29*X26 + X29*X27 + X0 + X1 + X6 + X8 + X9 + X11 + X13 + X15 + X16 + X17 + X18 + X21 + X22 + X26 + X27 + 1
X26*X15 + X29*X22 + X29*X23 + X29*X25 + X29*X26 + X29*X27 + X0 + X1 + X2 + X5 + X6 + X8 + X9 + X11 + X13 + X14 + X15 + X16 + X17 + X18 + X20 + X21 + X24 + X28
X26*X14 + X29*X21 + X29*X23 + X29*X24 + X29*X25 + X29*X28 + X1 + X2 + X5 + X7 + X8 + X9 + X10 + X11 + X13 + X14 + X15 + X17 + X18 + X19 + X20 + X21 + X22 + X23 + X25 + X27 + X28 + X29 + 1
X26*X13 + X29*X19 + X29*X22 + X29*X23 + X29*X24 + X29*X27 + X0 + X2 + X4 + X7 + X10 + X11 + X12 + X13 + X16 + X18 + X19 + X20 + X22 + X24 + X26 + X28 + X29 + 1
X26*X12 + X29*X19 + X29*X21 + X29*X23 + X29*X24 + X29*X27 + X0 + X6 + X7 + X9 + X12 + X15 + X18 + X19 + X22 + X23 + X24 + X29 + 1
X26*X11 + X29*X21 + X29*X23 + X29*X25 + X29*X26 + X0 + X1 + X2 + X5 + X6 + X8 + X9 + X10 + X11 + X12 + X13 + X15 + X16 + X19 + X23 + X25 + X28
X26*X10 + X29*X19 + X29*X22 + X29*X27 + X29*X28 + X0 + X2 + X4 + X6 + X7 + X10 + X15 + X19 + X20 + X22 + X23 + X25 + X26 + X27 + 1
X26*X9 + X29*X19 + X29*X21 + X29*X22 + X29*X24 + X29*X26 + X29*X27 + X29*X28 + X0 + X1 + X2 + X5 + X6 + X7 + X9 + X10 + X12 + X13 + X15 + X18 + X20 + X21 + X23 + X24 + X25 + X27 + X29
X26*X8 + X29*X19 + X29*X21 + X29*X22 + X29*X23 + X29*X24 + X29*X26 + X29*X27 + X29*X28 + X1 + X6 + X7 + X9 + X12 + X13 + X14 + X15 + X17 + X19 + X21 + X27 + X28 + X29 + 1
X26*X7 + X29*X19 + X29*X23 + X29*X27 + X0 + X1 + X5 + X7 + X12 + X14 + X17 + X20 + X26 + X28 + X29
X26*X6 + X29*X19 + X29*X25 + X29*X26 + X29*X27 + X0 + X6 + X7 + X8 + X9 + X12 + X14 + X16 + X18 + X19 + X20 + X21 + X26 + X28 + 1
X26*X5 + X29*X19 + X29*X21 + X29*X23 + X29*X25 + X29*X27 + X29*X28 + X0 + X1 + X2 + X4 + X5 + X9 + X12 + X14 + X15 + X16 + X17 + X18 + X19 + X20 + X24 + X26 + X28
X26*X4 + X29*X21 + X29*X23 + X29*X25 + X29*X26 + X2 + X4 + X5 + X8 + X9 + X15 + X16 + X17 + X19 + X20 + X21 + X24
X26*X2 + X29*X19 + X29*X23 + X29*X24 + X29*X28 + X6 + X7 + X9 + X11 + X12 + X13 + X14 + X16 + X17 + X20 + X22 + X23 + X25 + X26 + X28 + X29 + 1
X26*X1 + X29*X21 + X29*X22 + X29*X23 + X29*X24 + X29*X25 + X29*X26 + X29*X28 + X1 + X2 + X6 + X9 + X10 + X13 + X15 + X17 + X18 + X19 + X20 + X21 + X22 + X24 + X27 + X28 + 1
X26*X0 + X29*X19 + X29*X22 + X29*X23 + X29*X24 + X29*X26 + X29*X27 + X29*X28 + X0 + X2 + X4 + X5 + X7 + X8 + X10 + X11 + X14 + X19 + X22 + X23 + X24 + X25 + 1
X25^2 + X25
X25*X24 + X29*X24 + X29*X25 + X29*X26 + X29*X28 + X0 + X5 + X6 + X11 + X12 + X15 + X16 + X18 + X19 + X20 + X21 + X23 + X24 + X26 + X27
X25*X23 + X29*X28 + X0 + X4 + X5 + X6 + X10 + X11 + X14 + X15 + X16 + X17 + X21 + X22 + X24 + X26 + X28 + X29 + 1
X25*X22 + X29*X22 + X29*X27 + X29*X28 + X0 + X1 + X6 + X7 + X11 + X12 + X13 + X14 + X16 + X20 + X21 + X24 + X26 + X27 + X28 + X29 + 1
X25*X21 + X29*X25 + X29*X27 + X2 + X5 + X6 + X9 + X10 + X11 + X15 + X19 + X20 + X21 + X28 + 1
X25*X20 + X29*X19 + X29*X22 + X29*X23 + X29*X25 + X29*X26 + X29*X27 + X0 + X5 + X6 + X9 + X10 + X15 + X16 + X19 + X20 + X23 + X24 + X25 + X26 + X29 + 1
X25*X19 + X29*X21 + X29*X25 + X29*X27 + X29*X28 + X0 + X1 + X5 + X6 + X7 + X13 + X20 + X22 + X23 + X25 + X28 + X29
X25*X18 + X29*X19 + X29*X23 + X29*X24 + X29*X25 + X0 + X2 + X7 + X10 + X11 + X12 + X17 + X18 + X19 + X22 + X23 + X24 + X25 + X26
X25*X17 + X29*X21 + X29*X22 + X29*X23 + X29*X24 + X29*X27 + X0 + X2 + X5 + X8 + X9 + X10 + X11 + X13 + X14 + X15 + X17 + X19 + X20 + X21 + X24 + X25 + X27 + X28 + 1
X25*X16 + X29*X21 + X29*X22 + X29*X27 + X0 + X1 + X2 + X5 + X7 + X9 + X12 + X14 + X15 + X16 + X17 + X19 + X20 + X25 + X27 + X29
X25*X15 + X29*X19 + X29*X21 + X29*X22 + X29*X25 + X29*X26 + X0 + X1 + X6 + X7 + X8 + X11 + X12 + X14 + X16 + X18 + X22 + X24 + X25 + X26 + X28 + 1
X25*X14 + X29*X22 + X29*X23 + X29*X24 + X29*X25 + X29*X26 + X29*X27 + X0 + X1 + X2 + X8 + X11 + X12 + X18 + X20 + X26
X25*X13 + X29*X21 + X29*X22 + X29*X26 + X29*X27 + X29*X28 + X0 + X1 + X2 + X4 + X5 + X6 + X8 + X11 + X12 + X13 + X14 + X15 + X18 + X19 + X22 + X25 + X28 + 1
X25*X12 + X29*X22 + X29*X23 + X29*X24 + X29*X26 + X29*X27 + X1 + X2 + X5 + X7 + X11 + X12 + X13 + X14 + X16 + X17 + X18 + X20 + X21 + X22 + X24 + X26
X25*X11 + X29*X24 + X29*X25 + X29*X27 + X29*X28 + X0 + X1 + X4 + X5 + X11 + X13 + X14 + X15 + X17 + X18 + X20 + X23 + X25 + X29 + 1
X25*X10 + X29*X19 + X29*X22 + X29*X27 + X29*X28 + X0 + X2 + X7 + X8 + X10 + X12 + X13 + X14 + X16 + X17 + X18 + X19 + X21 + X22 + X24 + X25 + X26 + X27
X25*X9 + X29*X19 + X29*X21 + X29*X22 + X29*X23 + X29*X24 + X29*X26 + X29*X27 + X29*X28 + X0 + X2 + X4 + X10 + X11 + X15 + X17 + X19 + X21 + X22 + X24 + X25 + X26 + X29
X25*X8 + X29*X19 + X29*X21 + X29*X26 + X29*X28 + X0 + X2 + X4 + X10 + X12 + X16 + X19 + X20 + X24 + 1
X25*X7 + X29*X23 + X29*X24 + X29*X25 + X29*X26 + X29*X27 + X7 + X11 + X13 + X16 + X17 + X18 + X20 + X23 + X26 + X27 + X28
X25*X6 + X29*X19 + X29*X22 + X29*X28 + X0 + X2 + X5 + X7 + X8 + X10 + X11 + X12 + X13 + X15 + X16 + X19 + X20 + X26 + X28 + 1
X25*X5 + X29*X19 + X29*X22 + X29*X23 + X29*X25 + X29*X26 + X29*X27 + X29*X28 + X0 + X4 + X7 + X8 + X10 + X11 + X12 + X16 + X22 + X23 + X27 + 1
X25*X4 + X29*X19 + X29*X23 + X2 + X6 + X7 + X8 + X10 + X11 + X12 + X13 + X14 + X15 + X16 + X18 + X20 + X22 + X24 + 1
X25*X2 + X29*X19 + X29*X22 + X29*X23 + X29*X24 + X29*X25 + X29*X27 + X0 + X1 + X4 + X5 + X6 + X8 + X10 + X11 + X14 + X15 + X19 + X20 + X22 + X23 + X24 + X26 + X27 + X28
X25*X1 + X29*X19 + X29*X21 + X29*X23 + X29*X24 + X1 + X2 + X5 + X6 + X7 + X8 + X11 + X13 + X16 + X17 + X18 + X21 + X23 + X27 + X28 + 1
X25*X0 + X29*X25 + X29*X28 + X0 + X4 + X7 + X8 + X9 + X12 + X13 + X14 + X15 + X16 + X21 + X22 + X23 + X24 + X25 + X28
X24^2 + X24
X24*X23 + X29*X19 + X29*X24 + X29*X26 + X29*X27 + X1 + X5 + X7 + X10 + X11 + X12 + X14 + X17 + X20 + X22 + X25 + X26 + X27 + X28 + X29 + 1
X24*X22 + X29*X22 + X29*X24 + X29*X27 + X29*X28 + X0 + X4 + X6 + X9 + X10 + X11 + X13 + X14 + X15 + X18 + X19 + X20 + X21 + X24 + X25 + X27 + X28
X24*X21 + X29*X19 + X29*X22 + X29*X23 + X29*X24 + X29*X26 + X2 + X6 + X8 + X9 + X10 + X11 + X12 + X14 + X15 + X16 + X17 + X18 + X23 + X24 + X26 + X28 + X29 + 1
X24*X20 + X29*X21 + X29*X22 + X29*X23 + X29*X24 + X29*X25 + X29*X28 + X0 + X2 + X5 + X7 + X8 + X9 + X10 + X15 + X20 + X21 + X22 + X23 + X25 + X28 + 1
X24*X19 + X29*X19 + X29*X22 + X29*X23 + X29*X24 + X29*X25 + X29*X28 + X2 + X5 + X7 + X8 + X14 + X17 + X18 + X26 + X29 + 1
X24*X18 + X29*X19 + X29*X22 + X29*X23 + X29*X24 + X29*X25 + X29*X26 + X29*X27 + X29*X28 + X0 + X2 + X5 + X6 + X7 + X9 + X10 + X16 + X17 + X18 + X20 + X22 + X23 + X25 + X26 + X28 + X29
X24*X17 + X29*X23 + X29*X26 + X29*X27 + X29*X28 + X1 + X2 + X6 + X8 + X10 + X11 + X12 + X20 + X22 + X27 + X29
X24*X16 + X29*X19 + X29*X23 + X29*X25 + X29*X27 + X29*X28 + X0 + X1 + X2 + X7 + X8 + X9 + X10 + X13 + X14 + X15 + X16 + X17 + X21 + X22 + X25 + X27 + X28 + X29 + 1
X24*X15 + X29*X21 + X29*X25 + X29*X26 + X29*X27 + X1 + X6 + X7 + X9 + X11 + X13 + X15 + X17 + X19 + X22 + X23 + X24 + X25 + X26 + X27 + 1
X24*X14 + X29*X19 + X29*X21 + X29*X22 + X29*X25 + X29*X26 + X29*X28 + X0 + X1 + X2 + X4 + X9 + X11 + X12 + X13 + X15 + X16 + X18 + X21 + X22 + X24 + X25 + X26 + X27 + X28 + X29 + 1
X24*X13 + X29*X19 + X29*X21 + X29*X22 + X29*X25 + X29*X26 + X29*X27 + X29*X28 + X4 + X6 + X8 + X9 + X10 + X11 + X12 + X13 + X15 + X18 + X19 + X20 + X21 + X22 + X23 + X24 + X27 + X28 + X29
X24*X12 + X29*X19 + X29*X22 + X29*X26 + X29*X27 + X29*X28 + X0 + X1 + X5 + X7 + X12 + X16 + X17 + X22 + X24 + X25 + X26 + X29 + 1
X24*X11 + X29*X19 + X29*X23 + X29*X24 + X29*X25 + X29*X26 + X29*X27 + X0 + X5 + X6 + X9 + X13 + X16 + X18 + X19 + X22 + X23 + X26 + 1
X24*X10 + X29*X22 + X29*X23 + X29*X25 + X29*X28 + X5 + X6 + X7 + X8 + X9 + X11 + X12 + X18 + X20 + X24 + X25 + X26 + 1
X24*X9 + X29*X19 + X29*X22 + X29*X24 + X29*X26 + X4 + X5 + X7 + X8 + X9 + X11 + X14 + X15 + X16 + X17 + X21 + X22 + X25 + X26 + X28
X24*X8 + X29*X19 + X29*X22 + X29*X23 + X29*X25 + X29*X27 + X0 + X5 + X6 + X7 + X8 + X9 + X10 + X11 + X12 + X15 + X16 + X17 + X18 + X19 + X21 + X26 + 1
X24*X7 + X29*X19 + X29*X22 + X29*X25 + X29*X26 + X5 + X9 + X10 + X11 + X13 + X14 + X19 + X20 + X22 + X23 + X25 + X26 + X27 + X29 + 1
X24*X6 + X29*X21 + X29*X24 + X29*X25 + X29*X26 + X29*X27 + X1 + X4 + X5 + X7 + X8 + X9 + X10 + X12 + X13 + X15 + X17 + X20 + X21 + X22 + X24 + X25
X24*X5 + X29*X21 + X29*X22 + X29*X26 + X29*X27 + X0 + X5 + X6 + X7 + X12 + X13 + X14 + X15 + X18 + X21 + X23 + X26 + X27 + X29
X24*X4 + X29*X19 + X29*X21 + X29*X22 + X29*X28 + X1 + X2 + X5 + X6 + X7 + X8 + X11 + X13 + X14 + X16 + X17 + X19 + X22 + X23 + X24 + X26 + X28 + X29
X24*X2 + X29*X19 + X29*X21 + X29*X22 + X29*X26 + X29*X27 + X0 + X4 + X10 + X11 + X13 + X15 + X16 + X18 + X20 + X21 + X22 + X23 + X26 + X27 + X28
X24*X1 + X29*X23 + X29*X24 + X29*X25 + X29*X27 + X1 + X4 + X10 + X12 + X14 + X16 + X17 + X18 + X19 + X20 + X22 + X23 + X25 + X27
X24*X0 + X29*X19 + X29*X25 + X29*X28 + X0 + X1 + X4 + X7 + X9 + X10 + X13 + X14 + X17 + X22 + X23 + X28 + X29 + 1
X23^2 + X23
X23*X22 + X29*X19 + X29*X21 + X29*X23 + X29*X26 + X29*X27 + X4 + X7 + X8 + X9 + X10 + X12 + X13 + X16 + X17 + X23 + X24 + X29
X23*X21 + X29*X23 + X29*X26 + X29*X27 + X0 + X4 + X5 + X6 + X12 + X15 + X16 + X18 + X19 + X20 + X21 + X24 + X26 + X29
X23*X20 + X29*X19 + X29*X21 + X29*X27 + X1 + X5 + X7 + X8 + X10 + X13 + X14 + X16 + X17 + X20 + X21 + X22 + X23 + X28
X23*X19 + X29*X19 + X29*X24 + X29*X27 + X0 + X1 + X2 + X6 + X7 + X8 + X9 + X13 + X14 + X17 + X22 + X24 + X28 + X29
X23*X18 + X29*X21 + X29*X22 + X29*X27 + X29*X28 + X2 + X4 + X5 + X8 + X9 + X10 + X12 + X18 + X19 + X22 + X23 + X24 + X25 + X27 + X28 + X29 + 1
X23*X17 + X29*X19 + X29*X22 + X29*X23 + X29*X24 + X29*X25 + X29*X26 + X0 + X5 + X6 + X8 + X9 + X13 + X15 + X16 + X18 + X19 + X21 + X22 + X24 + X25 + X29
X23*X16 + X29*X24 + X29*X25 + X29*X26 + X29*X28 + X5 + X10 + X11 + X12 + X13 + X14 + X15 + X16 + X17 + X19 + X21 + X22 + X23 + X24 + X26 + X29 + 1
X23*X15 + X29*X19 + X29*X24 + X29*X26 + X29*X27 + X29*X28 + X0 + X4 + X9 + X10 + X11 + X12 + X19 + X23 + X24 + X29
X23*X14 + X29*X19 + X29*X24 + X29*X26 + X29*X28 + X0 + X2 + X4 + X5 + X11 + X12 + X13 + X14 + X16 + X20 + X22 + X24 + X25 + X27
X23*X13 + X29*X24 + X29*X25 + X29*X26 + X29*X27 + X2 + X5 + X12 + X17 + X18 + X20 + X21 + X27 + 1
X23*X12 + X29*X24 + X29*X25 + X29*X26 + X29*X27 + X1 + X6 + X7 + X10 + X12 + X14 + X15 + X19 + X21 + X23 + X24 + X27 + X28 + 1
X23*X11 + X29*X19 + X29*X21 + X29*X22 + X29*X23 + X29*X25 + X29*X26 + X29*X27 + X29*X28 + X0 + X5 + X6 + X9 + X10 + X14 + X15 + X17 + X20 + X24 + X26 + X27 + X28
X23*X10 + X29*X19 + X29*X23 + X29*X24 + X29*X27 + X0 + X1 + X2 + X6 + X7 + X8 + X10 + X13 + X15 + X16 + X19 + X21 + X26 + X27 + 1
X23*X9 + X29*X21 + X29*X22 + X29*X25 + X29*X28 + X0 + X1 + X4 + X6 + X7 + X9 + X10 + X11 + X14 + X17 + X18 + X19 + X25 + X28 + 1
X23*X8 + X29*X19 + X29*X21 + X29*X22 + X29*X27 + X29*X28 + X1 + X2 + X6 + X13 + X14 + X19 + X20 + X21 + X22 + X23 + X24 + X25
X23*X7 + X29*X21 + X29*X23 + X29*X24 + X29*X26 + X29*X27 + X29*X28 + X0 + X1 + X2 + X5 + X7 + X9 + X12 + X16 + X18 + X19 + X20 + X21 + X25 + X26 + X29
X23*X6 + X29*X21 + X29*X22 + X29*X23 + X29*X24 + X29*X26 + X29*X27 + X29*X28 + X0 + X1 + X2 + X5 + X7 + X11 + X12 + X13 + X18 + X19 + X26 + X28
X23*X5 + X29*X19 + X29*X23 + X29*X25 + X29*X26 + X0 + X6 + X7 + X10 + X12 + X14 + X15 + X16 + X17 + X18 + X19 + X20 + X21 + X24 + X25 + X28 + X29
X23*X4 + X29*X19 + X29*X21 + X29*X22 + X29*X27 + X29*X28 + X0 + X2 + X7 + X11 + X16 + X19 + X20 + X21 + X22 + X27 + X29
X23*X2 + X29*X19 + X29*X21 + X29*X22 + X29*X23 + X29*X24 + X29*X25 + X29*X28 + X0 + X2 + X6 + X7 + X8 + X14 + X15 + X16 + X17 + X18 + X21 + X22 + X23 + X25 + X26 + X27 + X29
X23*X1 + X29*X27 + X0 + X1 + X2 + X7 + X8 + X13 + X15 + X19 + X20 + X24 + X25 + X26 + X27 + 1
X23*X0 + X29*X22 + X29*X26 + X29*X27 + X29*X28 + X0 + X1 + X5 + X7 + X8 + X12 + X13 + X15 + X17 + X18 + X19 + X21 + X24 + X25 + X26
X22^2 + X22
X22*X21 + X29*X21 + X29*X25 + X29*X26 + X0 + X1 + X2 + X5 + X8 + X14 + X16 + X20 + X22 + X26 + X27 + X29 + 1
X22*X20 + X29*X22 + X29*X23 + X29*X24 + X29*X27 + X29*X28 + X0 + X5 + X6 + X7 + X10 + X11 + X12 + X13 + X14 + X15 + X16 + X18 + X19 + X21 + X22 + X23 + X24 + X28
X22*X19 + X29*X22 + X29*X25 + X29*X26 + X29*X27 + X29*X28 + X0 + X1 + X2 + X6 + X9 + X12 + X14 + X15 + X17 + X20 + X21 + X25 + 1
X22*X18 + X29*X19 + X29*X21 + X29*X23 + X29*X25 + X29*X26 + X29*X28 + X0 + X1 + X2 + X5 + X6 + X8 + X10 + X11 + X13 + X14 + X15 + X17 + X19 + X20 + X23 + X25 + X29 + 1
X22*X17 + X29*X22 + X29*X23 + X29*X26 + X29*X27 + X1 + X2 + X5 + X6 + X8 + X9 + X10 + X11 + X13 + X17 + X18 + X19 + X23 + X24 + X26 + X27 + X29 + 1
X22*X16 + X29*X19 + X29*X22 + X29*X25 + X29*X26 + X0 + X1 + X6 + X9 + X10 + X11 + X13 + X20 + X22 + X25 + X26 + X27 + 1
X22*X15 + X29*X25 + X29*X27 + X29*X28 + X0 + X1 + X2 + X6 + X7 + X8 + X9 + X10 + X11 + X12 + X13 + X14 + X15 + X19 + X21 + X23 + X24 + X25 + X26 + X29
X22*X14 + X29*X22 + X29*X24 + X29*X25 + X29*X27 + X0 + X1 + X2 + X6 + X7 + X8 + X13 + X15 + X16 + X18 + X19 + X21 + X22 + X23 + X24
X22*X13 + X29*X19 + X29*X21 + X29*X23 + X29*X27 + X29*X28 + X1 + X5 + X8 + X11 + X12 + X13 + X15 + X16 + X17 + X18 + X19 + X22 + X23 + X25 + X29
X22*X12 + X29*X19 + X29*X21 + X29*X22 + X29*X23 + X29*X24 + X0 + X1 + X2 + X4 + X6 + X12 + X13 + X14 + X17 + X18 + X21 + X22 + X23 + X26 + X27 + 1
X22*X11 + X29*X22 + X29*X24 + X29*X25 + X29*X27 + X0 + X4 + X5 + X6 + X9 + X10 + X11 + X14 + X15 + X20 + X21 + X22 + X23 + X24 + X29 + 1
X22*X10 + X29*X19 + X29*X22 + X29*X24 + X29*X26 + X0 + X2 + X5 + X6 + X7 + X9 + X11 + X12 + X16 + X18 + X20 + X21 + X25 + X26 + X28
X22*X9 + X29*X22 + X29*X23 + X4 + X8 + X9 + X10 + X11 + X12 + X13 + X14 + X16 + X17 + X18 + X19 + X22 + X26 + X27 + X28 + X29 + 1
X22*X8 + X29*X19 + X29*X21 + X29*X22 + X29*X23 + X29*X24 + X29*X25 + X29*X27 + X1 + X4 + X7 + X9 + X10 + X12 + X13 + X16 + X18 + X19 + X21 + X25 + X28
X22*X7 + X29*X21 + X29*X23 + X29*X24 + X29*X25 + X1 + X5 + X8 + X9 + X13 + X16 + X18 + X20 + X21 + X22 + X26 + X27 + X28 + X29 + 1
X22*X6 + X29*X19 + X29*X25 + X29*X26 + X29*X28 + X2 + X5 + X6 + X7 + X10 + X11 + X12 + X14 + X17 + X18 + X20 + X21 + X22 + X24 + X27 + X29
X22*X5 + X29*X19 + X29*X23 + X29*X25 + X29*X28 + X0 + X1 + X2 + X4 + X6 + X12 + X13 + X15 + X17 + X18 + X19 + X22 + X24 + X28 + 1
X22*X4 + X29*X19 + X29*X21 + X29*X25 + X29*X27 + X29*X28 + X4 + X13 + X14 + X16 + X17 + X19 + X21 + X22 + X25 + X26 + X29
X22*X2 + X29*X25 + X29*X27 + X29*X28 + X5 + X6 + X8 + X9 + X11 + X17 + X18 + X19 + X22 + X23 + X24 + X26 + 1
X22*X1 + X29*X19 + X29*X21 + X29*X22 + X29*X23 + X29*X28 + X1 + X6 + X7 + X8 + X9 + X10 + X11 + X12 + X13 + X14 + X15 + X16 + X17 + X20 + X22 + X24 + X25 + X27 + X29 + 1
X22*X0 + X29*X22 + X29*X23 + X29*X25 + X29*X28 + X0 + X2 + X8 + X10 + X13 + X14 + X15 + X16 + X18 + X19 + X21 + X22 + X23 + X24 + X29
X21^2 + X21
X21*X20 + X29*X25 + X0 + X2 + X4 + X8 + X10 + X15 + X19 + X20 + X21 + X22 + X27
X21*X19 + X29*X22 + X29*X23 + X29*X26 + X29*X27 + X29*X28 + X2 + X4 + X9 + X10 + X15 + X16 + X17 + X18 + X20 + X21 + X22 + X23
X21*X18 + X29*X19 + X29*X21 + X29*X22 + X29*X23 + X29*X25 + X29*X26 + X29*X27 + X1 + X5 + X7 + X14 + X15 + X18 + X21 + X23 + X24 + X25 + X28 + X29
X21*X17 + X29*X22 + X29*X23 + X29*X27 + X29*X28 + X0 + X1 + X2 + X4 + X7 + X12 + X13 + X15 + X17 + X22 + X25 + X29 + 1
X21*X16 + X29*X22 + X29*X24 + X29*X25 + X29*X27 + X29*X28 + X0 + X4 + X8 + X9 + X12 + X13 + X15 + X17 + X19 + X20 + X28
X21*X15 + X29*X21 + X29*X22 + X29*X23 + X29*X24 + X29*X25 + X29*X27 + X2 + X4 + X8 + X10 + X11 + X14 + X21 + X23 + X24 + X25 + X26 + X27 + X29
X21*X14 + X29*X21 + X29*X23 + X29*X25 + X0 + X5 + X6 + X9 + X10 + X11 + X14 + X16 + X17 + X20 + X24 + X25 + X27 + X28 + X29 + 1
X21*X13 + X29*X21 + X29*X23 + X29*X26 + X29*X27 + X29*X28 + X4 + X5 + X6 + X7 + X8 + X9 + X11 + X13 + X17 + X20 + X21 + X22 + X23 + X24 + X25 + X29
X21*X12 + X29*X22 + X29*X23 + X29*X24 + X29*X28 + X0 + X1 + X2 + X4 + X6 + X7 + X8 + X11 + X13 + X15 + X16 + X17 + X21 + X23 + X25 + X26 + X27 + X28 + X29
X21*X11 + X29*X19 + X29*X25 + X0 + X1 + X2 + X4 + X7 + X10 + X11 + X12 + X14 + X15 + X18 + X19 + X20 + X21 + X23 + X24 + X26 + X27 + X28 + 1
X21*X10 + X29*X19 + X29*X22 + X29*X24 + X29*X26 + X29*X27 + X29*X28 + X2 + X5 + X6 + X9 + X10 + X11 + X12 + X13 + X17 + X18 + X20 + X22 + X24 + X26 + X27 + X28 + X29 + 1
X21*X9 + X29*X19 + X29*X21 + X29*X23 + X29*X26 + X29*X27 + X1 + X5 + X8 + X11 + X16 + X17 + X18 + X19 + X22 + X23 + X27 + X28
X21*X8 + X29*X19 + X29*X23 + X29*X26 + X29*X27 + X1 + X2 + X4 + X8 + X9 + X10 + X11 + X13 + X17 + X18 + X19 + X22 + X24 + X27 + X28
X21*X7 + X0 + X1 + X4 + X6 + X7 + X9 + X10 + X12 + X13 + X16 + X18 + X20 + X22 + X25 + X26 + X27
X21*X6 + X29*X19 + X29*X21 + X29*X22 + X29*X25 + X29*X28 + X0 + X2 + X8 + X9 + X11 + X13 + X20 + X21 + X23 + X25 + X26 + X29 + 1
X21*X5 + X29*X19 + X29*X22 + X29*X24 + X29*X25 + X29*X26 + X29*X27 + X0 + X1 + X4 + X6 + X7 + X8 + X9 + X11 + X12 + X15 + X17 + X18 + X19 + X22 + X23 + X24 + X27 + X28 + X29
X21*X4 + X29*X23 + X29*X27 + X29*X28 + X1 + X2 + X5 + X8 + X9 + X11 + X12 + X14 + X15 + X17 + X18 + X22 + X23 + X29 + 1
X21*X2 + X29*X23 + X29*X27 + X0 + X1 + X4 + X6 + X9 + X10 + X15 + X17 + X22 + X25 + X26 + X27 + X28 + 1
X21*X1 + X29*X19 + X29*X22 + X29*X24 + X29*X25 + X29*X27 + X29*X28 + X4 + X5 + X7 + X8 + X10 + X13 + X18 + X20 + X22 + X23 + X25 + 1
X21*X0 + X29*X21 + X29*X22 + X29*X23 + X29*X27 + X1 + X4 + X5 + X11 + X12 + X13 + X14 + X16 + X17 + X18 + X19 + X20 + X21 + X27
X20^2 + X20
X20*X19 + X29*X19 + X29*X21 + X29*X27 + X29*X28 + X0 + X1 + X2 + X4 + X6 + X8 + X9 + X12 + X15 + X17 + X18 + X20 + X21 + X25 + X26 + X27 + X28
X20*X18 + X29*X21 + X29*X22 + X29*X24 + X29*X25 + X29*X26 + X29*X28 + X0 + X1 + X4 + X6 + X7 + X8 + X10 + X12 + X13 + X14 + X15 + X17 + X22 + X25 + X26 + X28 + X29 + 1
X20*X17 + X29*X21 + X29*X22 + X29*X24 + X29*X27 + X1 + X7 + X8 + X9 + X11 + X15 + X16 + X17 + X19 + X20 + X21 + X22 + X24 + X25 + X26 + X27 + X28 + X29
X20*X16 + X29*X21 + X29*X22 + X29*X23 + X29*X25 + X29*X28 + X0 + X4 + X5 + X6 + X7 + X8 + X10 + X11 + X12 + X14 + X16 + X20 + X22 + X24 + X25 + X27 + X29 + 1
X20*X15 + X29*X22 + X29*X24 + X29*X26 + X5 + X6 + X7 + X8 + X9 + X13 + X14 + X15 + X18 + X22 + X23 + X24 + X26 + X28
X20*X14 + X29*X22 + X29*X23 + X29*X24 + X29*X25 + X1 + X2 + X4 + X5 + X6 + X9 + X10 + X12 + X13 + X15 + X16 + X18 + X19 + X20 + X21 + X22 + X25 + X27 + 1
X20*X13 + X29*X19 + X29*X21 + X29*X22 + X29*X23 + X29*X24 + X29*X28 + X0 + X2 + X4 + X5 + X7 + X8 + X13 + X15 + X16 + X18 + X19 + X23 + X24 + X25 + X29 + 1
X20*X12 + X29*X21 + X29*X22 + X29*X25 + X29*X26 + X29*X27 + X0 + X1 + X2 + X4 + X5 + X7 + X8 + X11 + X12 + X16 + X21 + X22 + X23 + X24 + X26 + X27 + 1
X20*X11 + X29*X21 + X29*X23 + X29*X24 + X29*X26 + X1 + X2 + X5 + X6 + X8 + X9 + X10 + X12 + X13 + X15 + X16 + X17 + X20 + X22 + X28
X20*X10 + X29*X21 + X29*X23 + X29*X25 + X29*X26 + X29*X27 + X4 + X6 + X8 + X10 + X11 + X12 + X15 + X17 + X18 + X19 + X21 + X22 + X24 + X26 + X27 + X28 + X29 + 1
X20*X9 + X29*X28 + X1 + X5 + X6 + X9 + X10 + X16 + X17 + X18 + X19 + X23 + X25 + X26 + X29
X20*X8 + X29*X23 + X29*X24 + X29*X25 + X29*X27 + X29*X28 + X0 + X1 + X4 + X5 + X6 + X8 + X9 + X10 + X12 + X14 + X15 + X16 + X19 + X21 + X26 + X28 + 1
X20*X7 + X29*X19 + X29*X21 + X29*X26 + X29*X27 + X0 + X1 + X2 + X5 + X6 + X7 + X8 + X9 + X11 + X13 + X14 + X19 + X23 + X25 + X28 + 1
X20*X6 + X29*X25 + X29*X26 + X29*X27 + X29*X28 + X0 + X4 + X5 + X6 + X11 + X13 + X15 + X17 + X18 + X21 + X23 + X24 + 1
X20*X5 + X29*X19 + X29*X21 + X29*X23 + X29*X25 + X0 + X2 + X6 + X7 + X8 + X9 + X11 + X13 + X16 + X19 + X20 + X21 + X22 + X27
X20*X4 + X29*X19 + X29*X26 + X1 + X2 + X4 + X7 + X9 + X11 + X12 + X13 + X14 + X17 + X18 + X19 + X20 + X25 + X27 + X28 + 1
X20*X2 + X29*X19 + X29*X23 + X29*X24 + X29*X25 + X29*X27 + X1 + X2 + X7 + X8 + X9 + X10 + X11 + X12 + X15 + X16 + X19 + X22 + X29
X20*X1 + X29*X19 + X29*X22 + X29*X23 + X29*X24 + X29*X25 + X29*X26 + X29*X28 + X0 + X4 + X5 + X6 + X7 + X9 + X13 + X14 + X16 + X18 + X19 + X20 + X21 + X22 + X26 + X27 + X28 + X29 + 1
X20*X0 + X29*X19 + X29*X21 + X29*X22 + X29*X25 + X1 + X8 + X9 + X10 + X15 + X17 + X18 + X19 + X21 + X22 + X23 + X25 + X27 + X28 + X29
X19^2 + X19
X19*X18 + X29*X21 + X29*X27 + X29*X28 + X1 + X5 + X7 + X8 + X9 + X11 + X12 + X13 + X14 + X15 + X16 + X17 + X20 + X21 + X22 + X23 + X24 + X26 + X27
X19*X17 + X29*X21 + X29*X24 + X29*X25 + X29*X26 + X29*X28 + X1 + X6 + X10 + X12 + X14 + X16 + X17 + X19 + X20 + X22 + X24 + X25 + X28 + X29
X19*X16 + X29*X19 + X29*X21 + X29*X23 + X29*X25 + X29*X26 + X29*X27 + X2 + X7 + X9 + X10 + X13 + X18 + X19 + X20 + X21 + X26 + X27 + X28 + 1
X19*X15 + X29*X22 + X29*X24 + X29*X26 + X29*X27 + X29*X28 + X1 + X12 + X16 + X17 + X19 + X21 + X23 + X24 + X25 + X26 + X27 + X28 + X29 + 1
X19*X14 + X29*X19 + X29*X22 + X29*X24 + X2 + X6 + X8 + X10 + X12 + X14 + X15 + X16 + X17 + X20 + X21 + X22 + X23 + X24 + X25 + X26 + X27 + X29
X19*X13 + X29*X22 + X29*X23 + X29*X25 + X29*X26 + X1 + X2 + X4 + X5 + X6 + X7 + X10 + X11 + X14 + X19 + X20 + X21 + X22 + X23 + X27 + X28
X19*X12 + X29*X23 + X29*X25 + X29*X26 + X29*X27 + X1 + X6 + X10 + X11 + X13 + X18 + X19 + X21 + X23 + X25 + X28 + X29
X19*X11 + X29*X19 + X29*X21 + X29*X22 + X29*X24 + X29*X25 + X29*X28 + X1 + X2 + X5 + X7 + X8 + X11 + X15 + X16 + X17 + X19 + X21 + X23 + X24 + X27
X19*X10 + X29*X22 + X29*X23 + X29*X25 + X29*X26 + X29*X27 + X29*X28 + X2 + X7 + X8 + X10 + X13 + X14 + X17 + X18 + X19 + X20 + X23 + X26 + X29
X19*X9 + X29*X21 + X29*X22 + X29*X23 + X29*X24 + X29*X25 + X29*X27 + X1 + X4 + X5 + X6 + X7 + X12 + X16 + X17 + X18 + X19 + X21 + X23 + X25 + X29
X19*X8 + X29*X19 + X29*X22 + X29*X23 + X29*X26 + X0 + X5 + X9 + X10 + X11 + X14 + X15 + X16 + X19 + X22 + X24
X19*X7 + X29*X19 + X29*X21 + X29*X22 + X29*X23 + X29*X26 + X29*X27 + X29*X28 + X0 + X2 + X4 + X5 + X6 + X7 + X9 + X10 + X11 + X12 + X15 + X17 + X19 + X22 + X23 + X27 + X28 + 1
X19*X6 + X29*X23 + X29*X25 + X29*X26 + X0 + X1 + X6 + X12 + X14 + X18 + X21 + X25 + X26 + X29
X19*X5 + X29*X19 + X29*X21 + X29*X23 + X29*X24 + X29*X25 + X29*X27 + X29*X28 + X1 + X2 + X5 + X9 + X15 + X17 + X25 + X27 + X28 + 1
X19*X4 + X29*X19 + X29*X21 + X29*X23 + X29*X25 + X29*X26 + X1 + X2 + X4 + X5 + X6 + X9 + X10 + X12 + X15 + X18 + X21 + X22 + X25 + X26
X19*X2 + X29*X25 + X2 + X5 + X6 + X7 + X12 + X13 + X14 + X18 + X20 + X21 + X22 + X23 + X25 + X26 + X28
X19*X1 + X29*X19 + X29*X23 + X29*X24 + X29*X25 + X29*X27 + X1 + X2 + X5 + X6 + X7 + X8 + X10 + X12 + X14 + X15 + X17 + X19 + X20 + X21 + X22 + X23 + X25 + X27 + X28 + 1
X19*X0 + X29*X19 + X29*X22 + X29*X24 + X0 + X1 + X2 + X6 + X8 + X9 + X10 + X12 + X15 + X16 + X19 + X20 + X22 + X23 + X24 + X28
X18^2 + X18
X18*X17 + X29*X21 + X29*X22 + X29*X23 + X29*X25 + X29*X26 + X2 + X7 + X10 + X13 + X14 + X16 + X17 + X18 + X22 + X24 + X25 + X26 + 1
X18*X16 + X29*X21 + X29*X22 + X29*X23 + X29*X27 + X29*X28 + X0 + X9 + X12 + X14 + X16 + X17 + X19 + X20 + X21 + X25 + X29 + 1
X18*X15 + X29*X19 + X29*X21 + X29*X22 + X29*X24 + X29*X25 + X2 + X8 + X10 + X12 + X15 + X16 + X19 + X20 + X21 + X22 + X27
X18*X14 + X29*X19 + X29*X22 + X29*X24 + X29*X27 + X0 + X2 + X6 + X8 + X11 + X14 + X15 + X17 + X18 + X21 + X22 + X23 + X25 + X26 + X27 + X28 + 1
X18*X13 + X29*X19 + X29*X21 + X29*X25 + X29*X26 + X29*X27 + X4 + X7 + X9 + X10 + X11 + X12 + X13 + X16 + X20 + X21 + X23 + X24 + X27 + X29
X18*X12 + X29*X22 + X29*X23 + X29*X26 + X29*X27 + X29*X28 + X0 + X4 + X6 + X10 + X11 + X14 + X16 + X18 + X19 + X20 + X21 + X22 + X23 + X25 + X26 + X28
X18*X11 + X29*X22 + X29*X23 + X29*X25 + X29*X28 + X0 + X1 + X2 + X5 + X7 + X8 + X11 + X12 + X16 + X18 + X20 + X21 + X22 + X24 + X26 + X27 + X28 + X29
X18*X10 + X29*X28 + X0 + X4 + X6 + X7 + X8 + X9 + X10 + X11 + X12 + X14 + X15 + X16 + X17 + X20 + X24 + X25 + X26 + X28 + 1
X18*X9 + X29*X19 + X29*X21 + X29*X22 + X29*X23 + X29*X24 + X29*X25 + X29*X26 + X29*X27 + X1 + X2 + X5 + X8 + X9 + X10 + X11 + X12 + X13 + X14 + X16 + X18 + X19 + X25 + X26 + X27
X18*X8 + X29*X19 + X29*X22 + X29*X24 + X0 + X2 + X5 + X6 + X8 + X10 + X12 + X13 + X15 + X18 + X19 + X21 + X25 + X26 + X27
X18*X7 + X29*X19 + X29*X21 + X29*X22 + X29*X23 + X29*X27 + X0 + X4 + X5 + X6 + X7 + X8 + X9 + X11 + X17 + X24 + X25 + X26 + X27 + X29 + 1
X18*X6 + X29*X21 + X29*X22 + X29*X24 + X29*X25 + X29*X26 + X29*X27 + X0 + X1 + X2 + X5 + X6 + X8 + X9 + X10 + X11 + X13 + X14 + X16 + X17 + X20 + X21 + X22 + X23 + X27
X18*X5 + X29*X24 + X29*X25 + X29*X26 + X29*X28 + X2 + X4 + X7 + X8 + X9 + X16 + X17 + X20 + X24 + X27 + 1
X18*X4 + X29*X21 + X29*X24 + X29*X26 + X29*X28 + X4 + X5 + X7 + X10 + X11 + X12 + X14 + X19 + X21 + X22 + X23 + X24 + X26 + X27 + X28 + X29
X18*X2 + X29*X26 + X0 + X2 + X4 + X5 + X6 + X11 + X12 + X14 + X15 + X16 + X17 + X18 + X19 + X20 + X22 + X23 + X24 + X25 + X27 + X28 + X29 + 1
X18*X1 + X29*X21 + X29*X23 + X29*X26 + X0 + X1 + X2 + X4 + X11 + X17 + X18 + X19 + X21 + X24 + X25 + X26 + X27 + X29
X18*X0 + X29*X25 + X29*X26 + X29*X27 + X0 + X2 + X5 + X8 + X11 + X16 + X17 + X18 + X22 + X23 + X25 + X27 + X29 + 1
X17^2 + X17
X17*X16 + X29*X24 + X29*X25 + X29*X27 + X29*X28 + X2 + X5 + X7 + X8 + X9 + X10 + X12 + X13 + X15 + X16 + X17 + X18 + X20 + X21 + X22 + X24 + X27 + X29
X17*X15 + X29*X21 + X29*X24 + X0 + X1 + X4 + X6 + X8 + X9 + X10 + X12 + X13 + X14 + X15 + X16 + X17 + X19 + X23 + X25 + X27 + X28 + X29 + 1
X17*X14 + X29*X19 + X29*X22 + X29*X24 + X29*X26 + X29*X27 + X1 + X2 + X4 + X5 + X8 + X10 + X11 + X12 + X14 + X15 + X16 + X17 + X18 + X21 + X22 + X24 + X25
X17*X13 + X29*X24 + X29*X25 + X5 + X6 + X9 + X11 + X12 + X14 + X15 + X17 + X21 + X22 + X26 + X29
X17*X12 + X29*X21 + X29*X26 + X29*X27 + X29*X28 + X0 + X5 + X6 + X7 + X8 + X9 + X10 + X11 + X12 + X13 + X14 + X18 + X26 + X28
X17*X11 + X29*X19 + X29*X21 + X29*X24 + X29*X25 + X0 + X1 + X2 + X4 + X10 + X12 + X13 + X14 + X16 + X19 + X23 + X24 + X26 + X28
X17*X10 + X29*X19 + X29*X26 + X29*X27 + X1 + X2 + X4 + X5 + X7 + X8 + X10 + X13 + X14 + X15 + X16 + X17 + X18 + X20 + X21 + X22 + X23 + X28
X17*X9 + X29*X21 + X29*X23 + X29*X24 + X29*X26 + X29*X28 + X0 + X1 + X5 + X6 + X7 + X9 + X11 + X13 + X17 + X18 + X23 + X26 + X27 + X28
X17*X8 + X29*X21 + X29*X22 + X29*X28 + X2 + X4 + X6 + X7 + X9 + X11 + X12 + X17 + X22 + X23 + X24 + X27 + X29
X17*X7 + X29*X19 + X29*X21 + X29*X23 + X29*X28 + X2 + X7 + X8 + X11 + X14 + X16 + X17 + X25 + X27 + X28
X17*X6 + X29*X19 + X29*X21 + X29*X22 + X29*X23 + X29*X24 + X29*X25 + X29*X27 + X29*X28 + X1 + X4 + X6 + X7 + X8 + X9 + X11 + X14 + X15 + X19 + X20 + X21 + X23 + 1
X17*X5 + X29*X22 + X29*X23 + X29*X24 + X29*X27 + X29*X28 + X2 + X5 + X6 + X7 + X8 + X10 + X11 + X14 + X18 + X20 + X24 + X26 + X27
X17*X4 + X29*X19 + X29*X22 + X29*X23 + X29*X25 + X29*X27 + X2 + X6 + X7 + X8 + X9 + X11 + X13 + X15 + X16 + X19 + X20 + X21 + X23 + X24 + X26 + X27 + 1
X17*X2 + X29*X19 + X29*X21 + X29*X22 + X1 + X2 + X6 + X8 + X9 + X10 + X11 + X12 + X13 + X16 + X17 + X18 + X26 + X27 + 1
X17*X1 + X29*X22 + X29*X24 + X29*X26 + X1 + X2 + X5 + X6 + X11 + X13 + X14 + X17 + X18 + X19 + X22 + X24 + X26 + X29
X17*X0 + X29*X19 + X29*X21 + X29*X22 + X29*X23 + X29*X25 + X0 + X1 + X2 + X4 + X6 + X7 + X14 + X15 + X19 + X20 + X21 + X23 + X24 + X25 + X26 + X27 + X29 + 1
X16^2 + X16
X16*X15 + X29*X22 + X29*X25 + X29*X27 + X29*X28 + X0 + X1 + X2 + X4 + X7 + X11 + X13 + X14 + X17 + X18 + X19 + X22 + X23 + X25 + X26 + X28 + X29
X16*X14 + X29*X19 + X29*X22 + X29*X27 + X29*X28 + X0 + X2 + X4 + X5 + X8 + X9 + X10 + X13 + X14 + X16 + X18 + X19 + X20 + X24 + X26 + X27 + X28 + X29
X16*X13 + X29*X19 + X29*X21 + X29*X23 + X29*X25 + X0 + X9 + X11 + X12 + X13 + X14 + X15 + X17 + X22 + X24 + X25 + X26 + X27 + X28 + 1
X16*X12 + X29*X23 + X29*X24 + X0 + X1 + X4 + X6 + X7 + X8 + X10 + X12 + X14 + X16 + X18 + X20 + X21 + X22 + X24 + X26 + X29 + 1
X16*X11 + X29*X19 + X29*X24 + X29*X25 + X29*X26 + X29*X28 + X0 + X4 + X5 + X8 + X9 + X10 + X12 + X13 + X14 + X18 + X19 + X20 + X21 + X22 + X23 + X24 + X27 + X28
X16*X10 + X29*X24 + X29*X25 + X29*X26 + X29*X27 + X1 + X5 + X6 + X8 + X12 + X13 + X16 + X17 + X18 + X19 + X20 + X23 + X24 + X25 + 1
X16*X9 + X29*X22 + X29*X26 + X29*X28 + X0 + X1 + X5 + X6 + X8 + X10 + X11 + X12 + X13 + X15 + X16 + X20 + X22 + X24 + X25 + X27 + X28 + X29
X16*X8 + X29*X19 + X29*X21 + X29*X22 + X29*X24 + X29*X26 + X29*X27 + X1 + X2 + X4 + X8 + X9 + X11 + X12 + X16 + X21 + X24 + X25 + X26 + X27 + X28 + X29 + 1
X16*X7 + X29*X19 + X29*X27 + X0 + X2 + X4 + X5 + X6 + X8 + X10 + X16 + X21 + X23 + X24 + X25 + X26 + X27 + X29
X16*X6 + X29*X19 + X29*X22 + X29*X24 + X29*X27 + X0 + X6 + X7 + X9 + X10 + X16 + X17 + X19 + X20 + X22 + X27
X16*X5 + X29*X21 + X29*X22 + X29*X23 + X29*X24 + X29*X25 + X29*X28 + X2 + X4 + X5 + X7 + X10 + X11 + X12 + X15 + X16 + X17 + X22 + X24 + X25 + X27 + X28 + X29 + 1
X16*X4 + X29*X22 + X29*X26 + X29*X27 + X29*X28 + X1 + X2 + X10 + X13 + X15 + X18 + X24 + X25 + X26 + X29
X16*X2 + X29*X21 + X29*X22 + X29*X25 + X29*X27 + X0 + X1 + X4 + X5 + X7 + X8 + X9 + X10 + X13 + X15 + X16 + X17 + X19 + X23 + X28 + 1
X16*X1 + X29*X19 + X29*X24 + X29*X26 + X0 + X1 + X5 + X10 + X11 + X13 + X14 + X19 + X20 + X21 + X23 + X24 + X25 + X29
X16*X0 + X29*X19 + X29*X21 + X29*X22 + X29*X23 + X29*X24 + X29*X25 + X29*X28 + X0 + X1 + X2 + X4 + X5 + X7 + X9 + X10 + X14 + X16 + X17 + X19 + X20 + X23 + X24 + X28 + 1
X15^2 + X15
X15*X14 + X29*X25 + X29*X26 + X1 + X6 + X8 + X10 + X11 + X14 + X15 + X16 + X18 + X20 + X21 + X22 + X25 + X26
X15*X13 + X29*X21 + X29*X22 + X29*X23 + X29*X26 + X0 + X2 + X4 + X6 + X7 + X8 + X11 + X12 + X15 + X16 + X17 + X18 + X19 + X20 + X23 + X26 + X27 + X28 + X29
X15*X12 + X29*X19 + X29*X21 + X29*X22 + X29*X23 + X29*X25 + X29*X27 + X29*X28 + X1 + X4 + X6 + X9 + X11 + X13 + X14 + X15 + X17 + X20 + X22 + X23 + X25 + X27 + X28 + 1
X15*X11 + X29*X24 + X29*X26 + X29*X28 + X0 + X1 + X2 + X4 + X6 + X8 + X9 + X11 + X15 + X19 + X21 + X24 + X25 + X26 + 1
X15*X10 + X29*X19 + X29*X21 + X29*X24 + X29*X25 + X29*X27 + X29*X28 + X1 + X4 + X6 + X7 + X9 + X11 + X12 + X15 + X22 + X28
X15*X9 + X29*X19 + X29*X22 + X29*X24 + X29*X26 + X0 + X2 + X8 + X9 + X10 + X12 + X14 + X15 + X17 + X21 + X24 + X27 + X29
X15*X8 + X29*X19 + X29*X21 + X29*X22 + X29*X23 + X29*X24 + X29*X26 + X29*X27 + X29*X28 + X2 + X4 + X6 + X8 + X9 + X11 + X14 + X15 + X17 + X18 + X20 + X21 + X22 + X28 + X29 + 1
X15*X7 + X29*X19 + X29*X21 + X29*X23 + X29*X26 + X0 + X5 + X6 + X7 + X8 + X11 + X12 + X13 + X16 + X18 + X19 + X22 + X23 + X24 + X26 + 1
X15*X6 + X29*X21 + X29*X23 + X29*X25 + X29*X26 + X29*X27 + X29*X28 + X0 + X1 + X4 + X5 + X7 + X8 + X9 + X10 + X17 + X21 + X23 + X24 + X26 + X28 + 1
X15*X5 + X29*X23 + X0 + X2 + X6 + X7 + X10 + X12 + X15 + X16 + X17 + X18 + X20 + X21 + X22 + X26
X15*X4 + X29*X21 + X29*X23 + X29*X24 + X29*X25 + X29*X26 + X29*X27 + X29*X28 + X1 + X4 + X7 + X9 + X10 + X12 + X15 + X16 + X17 + X18 + X19 + X21 + X22 + X24 + X25 + X26 + X27 + 1
X15*X2 + X29*X21 + X29*X22 + X29*X24 + X29*X26 + X29*X27 + X29*X28 + X1 + X2 + X6 + X7 + X8 + X9 + X10 + X11 + X13 + X15 + X17 + X20 + X23 + X24 + X27 + X29 + 1
X15*X1 + X29*X21 + X29*X22 + X29*X23 + X29*X24 + X29*X25 + X29*X26 + X29*X27 + X1 + X2 + X6 + X8 + X9 + X10 + X13 + X14 + X17 + X18 + X19 + X21 + X27
X15*X0 + X29*X24 + X29*X25 + X29*X26 + X29*X27 + X29*X28 + X0 + X2 + X6 + X8 + X10 + X14 + X16 + X17 + X18 + X19 + X20 + X22 + X23 + X24 + X25 + X26 + X27 + X28 + X29 + 1
X14^2 + X14
X14*X13 + X29*X19 + X29*X22 + X29*X23 + X29*X26 + X29*X28 + X0 + X1 + X2 + X5 + X7 + X8 + X12 + X13 + X14 + X15 + X18 + X21 + X22 + X26 + X27 + 1
X14*X12 + X29*X21 + X29*X22 + X29*X23 + X29*X25 + X29*X26 + X29*X27 + X2 + X4 + X5 + X10 + X13 + X14 + X22 + X23 + X24 + X25 + X28 + 1
X14*X11 + X29*X19 + X29*X21 + X29*X26 + X1 + X2 + X6 + X7 + X13 + X15 + X16 + X17 + X19 + X20 + X21 + X22 + X23 + X24 + X26
X14*X10 + X29*X21 + X29*X22 + X29*X23 + X29*X24 + X29*X26 + X0 + X4 + X6 + X10 + X12 + X15 + X17 + X18 + X19 + X20 + X21 + X23 + X24 + X25 + X26 + X29 + 1
X14*X9 + X29*X19 + X29*X22 + X29*X23 + X29*X24 + X29*X28 + X0 + X2 + X4 + X6 + X7 + X9 + X10 + X13 + X14 + X15 + X18 + X19 + X20 + X21 + X23 + X25 + X26 + X28 + X29 + 1
X14*X8 + X29*X19 + X29*X21 + X29*X23 + X29*X25 + X29*X28 + X1 + X2 + X6 + X7 + X8 + X9 + X10 + X11 + X12 + X13 + X15 + X16 + X17 + X18 + X20 + X21 + X23 + X24 + X25 + X28 + X29
X14*X7 + X29*X22 + X29*X25 + X29*X26 + X29*X28 + X0 + X4 + X5 + X6 + X8 + X9 + X10 + X11 + X13 + X15 + X16 + X19 + X21 + X22 + X25 + X26 + X27 + 1
X14*X6 + X29*X22 + X29*X23 + X29*X25 + X29*X28 + X0 + X1 + X4 + X5 + X13 + X14 + X16 + X17 + X18 + X20 + X25 + X26
X14*X5 + X29*X19 + X29*X21 + X29*X22 + X29*X23 + X29*X24 + X29*X25 + X29*X26 + X29*X28 + X0 + X2 + X4 + X5 + X6 + X7 + X14 + X15 + X18 + X19 + X21 + X24 + X25 + X26 + X29
X14*X4 + X29*X19 + X29*X21 + X29*X23 + X29*X25 + X29*X26 + X29*X28 + X1 + X7 + X8 + X9 + X10 + X12 + X13 + X14 + X16 + X17 + X22 + X23 + X29 + 1
X14*X2 + X29*X22 + X29*X24 + X29*X27 + X0 + X2 + X6 + X10 + X12 + X14 + X15 + X16 + X21 + X23 + X25 + X26 + X29
X14*X1 + X29*X19 + X29*X23 + X29*X27 + X29*X28 + X1 + X2 + X4 + X9 + X10 + X13 + X15 + X18 + X20 + X21 + X24 + X25
X14*X0 + X29*X24 + X29*X26 + X29*X28 + X4 + X5 + X8 + X10 + X14 + X15 + X16 + X21 + X25 + X26 + X27 + X29
X13^2 + X13
X13*X12 + X29*X22 + X29*X25 + X29*X26 + X29*X27 + X29*X28 + X2 + X4 + X8 + X9 + X11 + X13 + X14 + X15 + X17 + X21 + X23 + X25 + X26 + X27 + X28 + X29 + 1
X13*X11 + X29*X21 + X29*X22 + X29*X23 + X29*X24 + X29*X25 + X29*X28 + X1 + X2 + X4 + X6 + X9 + X11 + X14 + X16 + X17 + X18 + X19 + X20 + X21 + X22 + X24 + X25
X13*X10 + X29*X19 + X29*X23 + X29*X24 + X29*X25 + X29*X26 + X29*X28 + X1 + X2 + X4 + X7 + X11 + X12 + X13 + X15 + X16 + X19 + X21 + X22 + X23 + X24 + X25 + X28
X13*X9 + X29*X19 + X29*X21 + X29*X27 + X29*X28 + X0 + X1 + X2 + X4 + X8 + X12 + X14 + X15 + X18 + X19 + X20 + X24 + X25 + X28
X13*X8 + X29*X19 + X29*X21 + X29*X22 + X29*X23 + X29*X24 + X29*X28 + X0 + X4 + X8 + X9 + X10 + X11 + X15 + X17 + X18 + X21 + X22 + X24 + X25 + X27 + X28 + X29
X13*X7 + X29*X19 + X29*X21 + X29*X23 + X29*X24 + X29*X25 + X29*X28 + X2 + X7 + X10 + X12 + X16 + X22 + X25 + X26 + X28 + 1
X13*X6 + X29*X19 + X29*X22 + X29*X23 + X29*X27 + X29*X28 + X0 + X1 + X5 + X7 + X10 + X11 + X12 + X13 + X14 + X15 + X16 + X19 + X20 + X21 + X23 + X27 + X29
X13*X5 + X29*X19 + X29*X21 + X29*X23 + X29*X26 + X0 + X1 + X6 + X7 + X9 + X11 + X14 + X16 + X17 + X21 + X22 + X23 + X25 + X29 + 1
X13*X4 + X29*X19 + X29*X21 + X29*X23 + X29*X27 + X5 + X6 + X9 + X10 + X13 + X16 + X17 + X21 + X25 + X26 + X27 + 1
X13*X2 + X29*X21 + X29*X22 + X29*X25 + X29*X26 + X29*X27 + X29*X28 + X4 + X6 + X8 + X9 + X10 + X12 + X13 + X15 + X18 + X19 + X20 + X24 + X25 + X27 + X29 + 1
X13*X1 + X29*X21 + X29*X22 + X29*X23 + X29*X25 + X29*X26 + X29*X28 + X2 + X5 + X6 + X9 + X11 + X13 + X14 + X16 + X17 + X18 + X20 + X23 + X24 + X28
X13*X0 + X29*X19 + X29*X22 + X29*X23 + X29*X26 + X29*X27 + X29*X28 + X1 + X5 + X6 + X9 + X10 + X13 + X15 + X18 + X21 + X22 + X27 + X28
X12^2 + X12
X12*X11 + X29*X19 + X29*X26 + X29*X27 + X29*X28 + X0 + X2 + X4 + X7 + X9 + X10 + X14 + X15 + X18 + X21 + X22 + X23 + X24 + X26 + X27 + 1
X12*X10 + X29*X21 + X29*X22 + X29*X23 + X29*X24 + X29*X25 + X29*X26 + X29*X27 + X0 + X1 + X4 + X6 + X7 + X8 + X9 + X10 + X14 + X17 + X18 + X19 + X20 + X21 + X24 + X26 + 1
X12*X9 + X29*X19 + X29*X21 + X29*X25 + X29*X26 + X29*X27 + X0 + X1 + X4 + X6 + X9 + X10 + X13 + X14 + X16 + X19 + X21 + X22 + X26 + X29 + 1
X12*X8 + X29*X22 + X29*X23 + X29*X25 + X29*X26 + X1 + X7 + X11 + X12 + X14 + X19 + X21 + X25 + X28
X12*X7 + X29*X21 + X29*X23 + X29*X24 + X29*X27 + X1 + X5 + X6 + X8 + X9 + X11 + X12 + X13 + X15 + X16 + X17 + X18 + X20 + X23 + X27 + X28
X12*X6 + X29*X19 + X29*X22 + X29*X23 + X29*X24 + X29*X25 + X29*X26 + X29*X28 + X1 + X2 + X4 + X7 + X8 + X11 + X12 + X13 + X15 + X19 + X20 + X23 + X24 + X25 + X27 + 1
X12*X5 + X29*X21 + X29*X22 + X29*X24 + X29*X25 + X29*X26 + X29*X27 + X29*X28 + X0 + X1 + X2 + X4 + X7 + X9 + X10 + X11 + X12 + X20 + X21 + X22 + X24 + X25 + X27 + 1
X12*X4 + X29*X22 + X29*X24 + X29*X25 + X29*X26 + X29*X28 + X1 + X5 + X6 + X9 + X13 + X14 + X18 + X22 + X23 + X25 + X28 + X29 + 1
X12*X2 + X29*X19 + X29*X22 + X29*X23 + X29*X24 + X29*X26 + X1 + X6 + X8 + X9 + X10 + X11 + X13 + X14 + X16 + X17 + X18 + X22 + X24 + X25 + X28 + 1
X12*X1 + X29*X19 + X29*X21 + X29*X23 + X29*X25 + X29*X26 + X29*X27 + X1 + X4 + X7 + X8 + X9 + X10 + X11 + X14 + X15 + X17 + X18 + X20 + X21 + X22 + X23 + X24 + X25 + X27 + X28 + X29
X12*X0 + X29*X19 + X29*X23 + X29*X24 + X29*X28 + X0 + X4 + X11 + X14 + X15 + X18 + X21 + X25 + X27 + X28 + X29 + 1
X11^2 + X11
X11*X10 + X29*X19 + X29*X24 + X29*X25 + X29*X26 + X4 + X5 + X9 + X10 + X13 + X14 + X17 + X18 + X19 + X20 + X23 + X27 + 1
X11*X9 + X29*X21 + X29*X22 + X29*X24 + X29*X25 + X29*X26 + X29*X27 + X29*X28 + X0 + X2 + X4 + X6 + X7 + X8 + X9 + X10 + X14 + X15 + X16 + X20 + X22 + X23 + X25 + X26 + 1
X11*X8 + X29*X19 + X29*X21 + X29*X22 + X29*X23 + X29*X24 + X29*X26 + X29*X27 + X29*X28 + X0 + X4 + X6 + X8 + X12 + X14 + X15 + X19 + X20 + X21 + 1
X11*X7 + X29*X23 + X29*X24 + X29*X27 + X4 + X5 + X9 + X10 + X11 + X12 + X13 + X16 + X17 + X18 + X24 + X25 + X27 + X29 + 1
X11*X6 + X29*X19 + X29*X22 + X29*X28 + X1 + X2 + X7 + X8 + X9 + X10 + X11 + X12 + X14 + X17 + X19 + X21 + X24 + X29 + 1
X11*X5 + X29*X24 + X29*X25 + X29*X27 + X29*X28 + X0 + X1 + X2 + X6 + X8 + X12 + X13 + X14 + X18 + X20 + X24 + X25 + 1
X11*X4 + X29*X19 + X29*X21 + X29*X23 + X29*X24 + X29*X25 + X29*X27 + X2 + X4 + X6 + X13 + X14 + X15 + X16 + X17 + X18 + X19 + X20 + X23 + X24 + X28 + 1
X11*X2 + X29*X28 + X0 + X2 + X6 + X8 + X9 + X10 + X12 + X13 + X14 + X17 + X19 + X20 + X24 + X25 + X27 + X29 + 1
X11*X1 + X29*X19 + X29*X21 + X29*X22 + X29*X26 + X1 + X5 + X6 + X7 + X10 + X12 + X14 + X18 + X19 + X20 + X22 + X24 + X26 + X27 + X29
X11*X0 + X29*X19 + X29*X21 + X29*X26 + X29*X28 + X4 + X8 + X9 + X11 + X14 + X15 + X16 + X18 + X19 + X24 + X25 + X27
X10^2 + X10
X10*X9 + X29*X19 + X29*X21 + X29*X22 + X29*X24 + X29*X27 + X0 + X6 + X7 + X8 + X9 + X11 + X12 + X13 + X15 + X16 + X20 + X23 + X25 + X27
X10*X8 + X29*X19 + X29*X22 + X29*X23 + X29*X27 + X1 + X2 + X4 + X5 + X6 + X7 + X9 + X10 + X11 + X13 + X16 + X18 + X19 + X20 + X21 + X22 + X23 + X24 + X27 + X28 + X29 + 1
X10*X7 + X29*X23 + X29*X25 + X29*X27 + X29*X28 + X2 + X4 + X6 + X8 + X9 + X10 + X11 + X12 + X14 + X16 + X17 + X18 + X19 + X20 + X21 + X22 + X23 + X25 + X27 + 1
X10*X6 + X29*X22 + X29*X25 + X29*X27 + X29*X28 + X1 + X2 + X8 + X9 + X12 + X14 + X16 + X19 + X20 + X21 + X23 + X25
X10*X5 + X29*X19 + X29*X23 + X29*X26 + X29*X27 + X1 + X8 + X9 + X10 + X13 + X19 + X20 + X23 + X24 + X25 + X27 + X28 + X29
X10*X4 + X29*X23 + X29*X24 + X29*X25 + X29*X26 + X29*X27 + X4 + X5 + X6 + X8 + X9 + X10 + X11 + X13 + X14 + X18 + X21 + X23 + X26 + X28
X10*X2 + X29*X22 + X0 + X2 + X4 + X8 + X9 + X10 + X12 + X13 + X14 + X15 + X17 + X18 + X20 + X21 + X22 + X23 + X24 + X27 + X28
X10*X1 + X29*X21 + X29*X22 + X29*X25 + X29*X26 + X29*X28 + X1 + X2 + X7 + X10 + X11 + X15 + X17 + X18 + X20 + X22 + X23 + X24 + X25 + X28
X10*X0 + X29*X19 + X29*X21 + X29*X23 + X29*X24 + X29*X26 + X0 + X1 + X6 + X8 + X9 + X15 + X18 + X19 + X20 + X22 + X24 + X27
X9^2 + X9
X9*X8 + X29*X19 + X29*X21 + X29*X23 + X29*X26 + X29*X27 + X1 + X4 + X5 + X8 + X11 + X12 + X13 + X16 + X20 + X21 + X22 + X24 + X28 + X29
X9*X7 + X29*X21 + X29*X23 + X29*X25 + X2 + X4 + X9 + X11 + X12 + X15 + X18 + X19 + X22 + X23 + X24 + X29
X9*X6 + X29*X22 + X29*X23 + X29*X24 + X29*X25 + X29*X26 + X29*X28 + X1 + X2 + X8 + X9 + X12 + X15 + X17 + X18 + X19 + X21 + X22 + X24 + X28 + X29 + 1
X9*X5 + X29*X19 + X29*X21 + X29*X22 + X29*X24 + X29*X26 + X29*X28 + X0 + X7 + X10 + X11 + X12 + X13 + X14 + X15 + X16 + X18 + X22 + X23 + X26 + X29 + 1
X9*X4 + X29*X21 + X29*X22 + X29*X23 + X29*X24 + X29*X26 + X29*X28 + X0 + X1 + X4 + X6 + X7 + X10 + X11 + X13 + X14 + X15 + X16 + X17 + X18 + X19 + X21 + X22 + X27 + X28 + X29 + 1
X9*X2 + X29*X21 + X29*X22 + X29*X27 + X29*X28 + X1 + X6 + X7 + X8 + X10 + X11 + X13 + X15 + X19 + X20 + X21 + X22 + X24 + X25 + X27 + X29 + 1
X9*X1 + X29*X22 + X29*X23 + X29*X24 + X29*X26 + X29*X27 + X29*X28 + X4 + X5 + X6 + X9 + X10 + X13 + X14 + X16 + X20 + X22 + X23 + X24 + 1
X9*X0 + X29*X19 + X29*X21 + X29*X23 + X29*X26 + X29*X28 + X0 + X2 + X6 + X7 + X10 + X11 + X15 + X16 + X17 + X19 + X20 + X22 + X25 + X26 + X27 + X28 + 1
X8^2 + X8
X8*X7 + X29*X19 + X29*X21 + X29*X22 + X29*X25 + X29*X26 + X29*X28 + X1 + X2 + X4 + X6 + X7 + X9 + X10 + X12 + X22 + X23 + X25 + X26 + X29 + 1
X8*X6 + X29*X21 + X29*X23 + X29*X24 + X29*X26 + X29*X28 + X0 + X4 + X8 + X9 + X12 + X14 + X16 + X19 + X21 + X22 + X26 + X28 + X29 + 1
X8*X5 + X29*X19 + X29*X23 + X29*X27 + X0 + X1 + X2 + X4 + X6 + X9 + X10 + X11 + X13 + X15 + X16 + X18 + X19 + X21 + X23 + X25 + X27 + X28 + X29
X8*X4 + X29*X22 + X29*X23 + X29*X24 + X29*X27 + X29*X28 + X4 + X5 + X7 + X8 + X10 + X14 + X17 + X18 + X21 + X23 + X24
X8*X2 + X29*X19 + X29*X24 + X29*X25 + X29*X26 + X29*X28 + X4 + X5 + X6 + X7 + X9 + X14 + X16 + X17 + X18 + X19 + X21 + X23 + X25 + X28 + X29 + 1
X8*X1 + X29*X19 + X29*X21 + X29*X22 + X29*X25 + X29*X26 + X29*X27 + X0 + X2 + X4 + X10 + X12 + X13 + X15 + X19 + X20 + X21 + X22 + X24 + X25 + X26 + 1
X8*X0 + X29*X22 + X29*X23 + X29*X28 + X0 + X2 + X7 + X8 + X9 + X10 + X13 + X14 + X15 + X16 + X20 + X21 + X22 + X23 + X24 + X26 + X29
X7^2 + X7
X7*X6 + X29*X24 + X29*X25 + X29*X26 + X29*X28 + X0 + X1 + X10 + X13 + X16 + X19 + X21 + X22 + X23 + X25 + X27 + X28 + X29
X7*X5 + X29*X19 + X29*X21 + X29*X25 + X29*X26 + X29*X27 + X0 + X4 + X5 + X6 + X8 + X10 + X11 + X14 + X15 + X19 + X20 + X21 + X23 + X24 + X25 + X26 + X28
X7*X4 + X29*X22 + X29*X23 + X29*X26 + X0 + X1 + X2 + X4 + X5 + X8 + X10 + X11 + X12 + X14 + X15 + X17 + X19 + X20 + X22 + X23 + X26 + X27 + X28
X7*X2 + X29*X21 + X29*X22 + X29*X25 + X29*X26 + X2 + X8 + X12 + X15 + X17 + X18 + X19 + X20 + X26 + X29
X7*X1 + X29*X22 + X29*X23 + X29*X25 + X29*X28 + X1 + X2 + X4 + X5 + X8 + X9 + X10 + X11 + X12 + X13 + X14 + X17 + X18 + X24 + X28
X7*X0 + X29*X19 + X29*X21 + X29*X23 + X29*X24 + X29*X25 + X29*X27 + X29*X28 + X0 + X2 + X5 + X6 + X7 + X9 + X10 + X12 + X14 + X15 + X18 + X19 + X20 + X21 + X24 + X29
X6^2 + X6
X6*X5 + X29*X19 + X29*X22 + X29*X25 + X29*X26 + X29*X27 + X0 + X1 + X10 + X15 + X16 + X19 + X20 + X21 + X22 + X25 + X26 + X28 + 1
X6*X4 + X29*X19 + X29*X22 + X29*X23 + X29*X24 + X29*X26 + X0 + X6 + X8 + X9 + X11 + X12 + X15 + X16 + X18 + X24 + X26 + X29 + 1
X6*X2 + X29*X19 + X29*X22 + X29*X23 + X29*X25 + X29*X26 + X29*X27 + X5 + X6 + X7 + X9 + X11 + X13 + X16 + X17 + X18 + X19 + X21 + X22 + X23 + X24 + X28 + 1
X6*X1 + X29*X19 + X29*X22 + X29*X24 + X29*X27 + X29*X28 + X7 + X10 + X12 + X16 + X19 + X20 + X21 + X24 + X26 + X27 + 1
X6*X0 + X29*X19 + X29*X23 + X29*X24 + X29*X27 + X29*X28 + X5 + X8 + X9 + X10 + X12 + X13 + X16 + X18 + X20 + X21 + X22 + X23 + X27 + 1
X5^2 + X5
X5*X4 + X29*X19 + X29*X21 + X29*X23 + X29*X25 + X29*X26 + X29*X28 + X0 + X4 + X7 + X10 + X15 + X16 + X17 + X19 + X20 + X22 + X23 + X26 + X27 + X28
X5*X2 + X29*X22 + X29*X23 + X29*X24 + X29*X27 + X29*X28 + X4 + X6 + X9 + X12 + X13 + X16 + X17 + X18 + X19 + X22 + X23 + X25 + X26 + 1
X5*X1 + X29*X21 + X29*X22 + X29*X25 + X29*X28 + X1 + X2 + X4 + X6 + X8 + X9 + X12 + X13 + X16 + X20 + X21 + X22 + X23 + X25
X5*X0 + X29*X19 + X29*X23 + X29*X24 + X29*X26 + X5 + X6 + X7 + X8 + X9 + X13 + X17 + X18 + X20 + X23 + X25 + X26 + X29
X4^2 + X4
X4*X2 + X29*X19 + X29*X22 + X29*X25 + X29*X28 + X0 + X1 + X2 + X7 + X8 + X9 + X12 + X14 + X16 + X18 + X19 + X22 + X24 + X26 + 1
X4*X1 + X29*X21 + X29*X25 + X29*X26 + X29*X27 + X0 + X2 + X5 + X7 + X8 + X9 + X13 + X14 + X18 + X19 + X21 + X22 + X23 + X24 + X25 + X26 + X27 + X28 + X29
X4*X0 + X29*X19 + X29*X24 + X29*X28 + X1 + X4 + X7 + X8 + X10 + X12 + X15 + X21 + X25 + X26 + X28 + X29
X2^2 + X2
X2*X1 + X29*X23 + X29*X24 + X29*X26 + X1 + X2 + X5 + X6 + X7 + X9 + X11 + X13 + X19 + X20 + X22 + X24 + X27 + X28 + X29
X2*X0 + X29*X19 + X29*X22 + X29*X24 + X29*X26 + X29*X28 + X0 + X1 + X2 + X4 + X5 + X7 + X10 + X11 + X12 + X13 + X14 + X16 + X17 + X19 + X21 + X22 + X24 + X26 + X27 + 1
X1^2 + X1
X1*X0 + X29*X19 + X29*X21 + X29*X23 + X29*X24 + X29*X26 + X29*X27 + X2 + X4 + X7 + X8 + X9 + X10 + X11 + X12 + X13 + X17 + X20 + X23 + X24 + X27 + X28 + X29 + 1
X0^2 + X0
Total CPU time : 917.047 s
Peak memory    : 1342 MiB
Resource index : 1.23068e+06 s*MiB
