[parser] loading polynomials from 'scan2/wd_n35_s35000.in' (format: default)
[m4gb]  I 0 0 70 0
[m4gb]  U #b:  70 #cp:   357 #mr:  106 #mc:  703 s=0.0036274
[m4gb]  M #b:  70 #cp:   357 #mr:  106 #mc:  597 s=0.0003231
[m4gb]  P lcmdegree=3
[m4gb]  P #b:  70 #cp:     0 #mr: 2830 #mc: 6309 s=0.0936689
[m4gb]  P #n:357
[m4gb]  U #b: 427 #cp:  6189 #mr: 4064 #mc: 6309 s=0.272101
[m4gb]  M #b: 427 #cp:  6189 #mr: 4064 #mc: 5075 s=0.0012037
[m4gb]  P lcmdegree=3
[m4gb]  P #b: 427 #cp:  5841 #mr: 4064 #mc: 5075 s=0.0787044
[m4gb]  P #n:348
[m4gb]  U #b: 775 #cp: 12919 #mr: 4412 #mc: 5075 s=0.67952
[m4gb]  M #b: 775 #cp: 12919 #mr: 4412 #mc: 4727 s=0.0025925
[m4gb]  P lcmdegree=4
[m4gb]  P #b: 775 #cp: 12407 #mr:65864 #mc:25526 s=3.81104
[m4gb]  P #n:503
[m4gb]  U #b:1278 #cp: 24688 #mr:69879 #mc:25526 s=1.73047
[m4gb]  M #b:1278 #cp: 24688 #mr:69879 #mc:21511 s=0.0056003
[m4gb]  P lcmdegree=4
[m4gb]  P #b:1278 #cp: 24176 #mr:69879 #mc:21511 s=0.571288
[m4gb]  P #n:0
[m4gb]  U #b:1278 #cp: 24176 #mr:69879 #mc:21511 s=7e-07
[m4gb]  M #b:1278 #cp: 24176 #mr:69879 #mc:21511 s=0.0004484
[m4gb]  P lcmdegree=4
[m4gb]  P #b:1278 #cp: 23664 #mr:69879 #mc:21511 s=0.619692
[m4gb]  P #n:0
[m4gb]  U #b:1278 #cp: 23664 #mr:69879 #mc:21511 s=6e-07
[m4gb]  M #b:1278 #cp: 23664 #mr:69879 #mc:21511 s=0.0002816
[m4gb]  P lcmdegree=4
[m4gb]  P #b:1278 #cp: 23152 #mr:69879 #mc:21511 s=0.887099
[m4gb]  P #n:110
[m4gb]  U #b:1388 #cp: 25973 #mr:69989 #mc:21511 s=0.46927
[m4gb]  M #b:1388 #cp: 25973 #mr:69989 #mc:21401 s=0.0007937
[m4gb]  P lcmdegree=4
[m4gb]  P #b:1388 #cp: 25461 #mr:69989 #mc:21401 s=2.02632
[m4gb]  P #n:343
[m4gb]  U #b:1731 #cp: 34631 #mr:70332 #mc:21401 s=5.77062
[m4gb]  M #b:1731 #cp: 34631 #mr:70332 #mc:21058 s=0.0051892
[m4gb]  P lcmdegree=4
[m4gb]  P #b:1731 #cp: 34119 #mr:70332 #mc:21058 s=4.73688
[m4gb]  P #n:490
[m4gb]  U #b:2221 #cp: 47392 #mr:70822 #mc:21058 s=7.18028
[m4gb]  M #b:2221 #cp: 47392 #mr:70822 #mc:20568 s=0.0012164
[m4gb]  P lcmdegree=4
[m4gb]  P #b:2221 #cp: 46880 #mr:70822 #mc:20568 s=3.25053
[m4gb]  P #n:512
[m4gb]  U #b:2733 #cp: 60979 #mr:71334 #mc:20568 s=9.08582
[m4gb]  M #b:2733 #cp: 60979 #mr:71334 #mc:20056 s=0.0012304
[m4gb]  P lcmdegree=4
[m4gb]  P #b:2733 #cp: 60467 #mr:71334 #mc:20056 s=2.88144
[m4gb]  P #n:502
[m4gb]  U #b:3235 #cp: 74192 #mr:71836 #mc:20056 s=13.0881
[m4gb]  M #b:3235 #cp: 74192 #mr:71836 #mc:19554 s=0.0011552
[m4gb]  P lcmdegree=4
[m4gb]  P #b:3235 #cp: 73680 #mr:71836 #mc:19554 s=2.54081
[m4gb]  P #n:501
[m4gb]  U #b:3736 #cp: 87621 #mr:72337 #mc:19554 s=16.921
[m4gb]  M #b:3736 #cp: 87621 #mr:72337 #mc:19053 s=0.0032415
[m4gb]  P lcmdegree=4
[m4gb]  P #b:3736 #cp: 87109 #mr:72337 #mc:19053 s=3.55719
[m4gb]  P #n:436
[m4gb]  U #b:4172 #cp: 99773 #mr:72773 #mc:19053 s=16.6931
[m4gb]  M #b:4172 #cp: 99773 #mr:72773 #mc:18617 s=0.0009273
[m4gb]  P lcmdegree=4
[m4gb]  P #b:4172 #cp: 99261 #mr:72773 #mc:18617 s=4.13779
[m4gb]  P #n:356
[m4gb]  U #b:4528 #cp:109941 #mr:73129 #mc:18617 s=12.5431
[m4gb]  M #b:4528 #cp:109941 #mr:73129 #mc:18261 s=0.0011657
[m4gb]  P lcmdegree=4
[m4gb]  P #b:4528 #cp:109429 #mr:73129 #mc:18261 s=3.70554
[m4gb]  P #n:512
[m4gb]  U #b:5040 #cp:124424 #mr:73641 #mc:18261 s=20.502
[m4gb]  M #b:5040 #cp:124424 #mr:73641 #mc:17749 s=0.0010945
[m4gb]  P lcmdegree=4
[m4gb]  P #b:5040 #cp:123912 #mr:73641 #mc:17749 s=3.06863
[m4gb]  P #n:513
[m4gb]  U #b:5553 #cp:138995 #mr:74154 #mc:17749 s=20.4199
[m4gb]  M #b:5553 #cp:138995 #mr:74154 #mc:17236 s=0.0010687
[m4gb]  P lcmdegree=4
[m4gb]  P #b:5553 #cp:138483 #mr:74154 #mc:17236 s=4.31005
[m4gb]  P #n:511
[m4gb]  U #b:6064 #cp:154324 #mr:74665 #mc:17236 s=28.9794
[m4gb]  M #b:6064 #cp:154324 #mr:74665 #mc:16725 s=0.0010713
[m4gb]  P lcmdegree=4
[m4gb]  P #b:6064 #cp:153812 #mr:74665 #mc:16725 s=5.69352
[m4gb]  P #n:489
[m4gb]  U #b:6553 #cp:168971 #mr:75154 #mc:16725 s=31.5744
[m4gb]  M #b:6553 #cp:168971 #mr:75154 #mc:16236 s=0.0010368
[m4gb]  P lcmdegree=4
[m4gb]  P #b:6553 #cp:168459 #mr:75154 #mc:16236 s=5.29919
[m4gb]  P #n:702
[m4gb]  U #b:7052 #cp:185509 #mr:75937 #mc:16236 s=41.4011
[m4gb]  M #b:7052 #cp:185509 #mr:75937 #mc:15453 s=0.0042863
[m4gb]  P lcmdegree=4
[m4gb]  P #b:7052 #cp:184997 #mr:75937 #mc:15453 s=6.67827
[m4gb]  P #n:607
[m4gb]  U #b:7564 #cp:202496 #mr:76585 #mc:15453 s=48.9067
[m4gb]  M #b:7564 #cp:202496 #mr:76585 #mc:14805 s=0.0047654
[m4gb]  P lcmdegree=4
[m4gb]  P #b:7564 #cp:201984 #mr:76585 #mc:14805 s=8.22933
[m4gb]  P #n:1116
[m4gb]  U #b:8134 #cp:225188 #mr:78088 #mc:14805 s=119.028
[m4gb]  M #b:8134 #cp:225188 #mr:78088 #mc:13302 s=0.0042508
[m4gb]  P lcmdegree=4
[m4gb]  P #b:8134 #cp:224676 #mr:78088 #mc:13302 s=9.18993
[m4gb]  P #n:493
[m4gb]  U #b:8627 #cp:240099 #mr:78581 #mc:13302 s=51.4685
[m4gb]  M #b:8627 #cp:240099 #mr:78581 #mc:12809 s=0.0009219
[m4gb]  P lcmdegree=4
[m4gb]  P #b:8627 #cp:239587 #mr:78581 #mc:12809 s=8.56515
[m4gb]  P #n:502
[m4gb]  U #b:9129 #cp:256086 #mr:79083 #mc:12809 s=47.0109
[m4gb]  M #b:9129 #cp:256086 #mr:79083 #mc:12307 s=0.000949
[m4gb]  P lcmdegree=4
[m4gb]  P #b:9129 #cp:255574 #mr:79083 #mc:12307 s=5.82156
[m4gb]  P #n:534
[m4gb]  U #b:9573 #cp:270534 #mr:79617 #mc:12307 s=72.0123
[m4gb]  M #b:9573 #cp:270534 #mr:79617 #mc:11773 s=0.0033413
[m4gb]  P lcmdegree=4
[m4gb]  P #b:9573 #cp:270022 #mr:79617 #mc:11773 s=4.76922
[m4gb]  P #n:516
[m4gb]  U #b:10044 #cp:285691 #mr:80133 #mc:11773 s=58.9439
[m4gb]  M #b:10044 #cp:285691 #mr:80133 #mc:11257 s=0.0035189
[m4gb]  P lcmdegree=4
[m4gb]  P #b:10044 #cp:285179 #mr:80133 #mc:11257 s=5.41738
[m4gb]  P #n:779
[m4gb]  U #b:10535 #cp:301949 #mr:80912 #mc:11257 s=94.7129
[m4gb]  M #b:10535 #cp:301949 #mr:80912 #mc:10478 s=0.0031755
[m4gb]  P lcmdegree=4
[m4gb]  P #b:10535 #cp:301437 #mr:80912 #mc:10478 s=9.6928
[m4gb]  P #n:1150
[m4gb]  U #b:10395 #cp:311512 #mr:82464 #mc:10478 s=152.758
[m4gb]  M #b:10395 #cp:311512 #mr:82464 #mc: 8926 s=0.0029047
[m4gb]  P lcmdegree=4
[m4gb]  P #b:10395 #cp:311000 #mr:82464 #mc: 8926 s=3.29452
[m4gb]  P #n:105
[m4gb]  U #b:10500 #cp:314570 #mr:82569 #mc: 8926 s=10.8722
[m4gb]  M #b:10500 #cp:314570 #mr:82569 #mc: 8821 s=0.0003861
[m4gb]  P lcmdegree=4
[m4gb]  P #b:10500 #cp:314058 #mr:82569 #mc: 8821 s=7.30679
[m4gb]  P #n:95
[m4gb]  U #b:10595 #cp:317288 #mr:82664 #mc: 8821 s=12.5462
[m4gb]  M #b:10595 #cp:317288 #mr:82664 #mc: 8726 s=0.0004346
[m4gb]  P lcmdegree=4
[m4gb]  P #b:10595 #cp:316776 #mr:82664 #mc: 8726 s=2.08057
[m4gb]  P #n:85
[m4gb]  U #b:10680 #cp:319666 #mr:82749 #mc: 8726 s=11.3092
[m4gb]  M #b:10680 #cp:319666 #mr:82749 #mc: 8641 s=0.0005732
[m4gb]  P lcmdegree=4
[m4gb]  P #b:10680 #cp:319154 #mr:82749 #mc: 8641 s=2.14898
[m4gb]  P #n:394
[m4gb]  U #b:11074 #cp:332550 #mr:83143 #mc: 8641 s=49.2122
[m4gb]  M #b:11074 #cp:332550 #mr:83143 #mc: 8247 s=0.0006024
[m4gb]  P lcmdegree=4
[m4gb]  P #b:11074 #cp:332038 #mr:83143 #mc: 8247 s=2.5576
[m4gb]  P #n:437
[m4gb]  U #b:11511 #cp:346896 #mr:83580 #mc: 8247 s=50.4094
[m4gb]  M #b:11511 #cp:346896 #mr:83580 #mc: 7810 s=0.000544
[m4gb]  P lcmdegree=4
[m4gb]  P #b:11511 #cp:346384 #mr:83580 #mc: 7810 s=8.84328
[m4gb]  P #n:675
[m4gb]  U #b:11115 #cp:341626 #mr:84806 #mc: 7810 s=105.174
[m4gb]  M #b:11115 #cp:341626 #mr:84806 #mc: 6584 s=0.0021753
[m4gb]  P lcmdegree=4
[m4gb]  P #b:11115 #cp:341114 #mr:84806 #mc: 6584 s=5.09915
[m4gb]  P #n:344
[m4gb]  U #b:11459 #cp:353154 #mr:85150 #mc: 6584 s=49.2866
[m4gb]  M #b:11459 #cp:353154 #mr:85150 #mc: 6240 s=0.000415
[m4gb]  P lcmdegree=4
[m4gb]  P #b:11459 #cp:352642 #mr:85150 #mc: 6240 s=2.53347
[m4gb]  P #n:181
[m4gb]  U #b:11640 #cp:358977 #mr:85331 #mc: 6240 s=28.3231
[m4gb]  M #b:11640 #cp:358977 #mr:85331 #mc: 6059 s=0.0002397
[m4gb]  P lcmdegree=4
[m4gb]  P #b:11640 #cp:358465 #mr:85331 #mc: 6059 s=2.30516
[m4gb]  P #n:0
[m4gb]  U #b:11640 #cp:358465 #mr:85331 #mc: 6059 s=8e-07
[m4gb]  M #b:11640 #cp:358465 #mr:85331 #mc: 6059 s=7.41e-05
[m4gb]  P lcmdegree=4
[m4gb]  P #b:11640 #cp:357953 #mr:85331 #mc: 6059 s=1.01632
[m4gb]  P #n:0
[m4gb]  U #b:11640 #cp:357953 #mr:85331 #mc: 6059 s=6e-07
[m4gb]  M #b:11640 #cp:357953 #mr:85331 #mc: 6059 s=6.3e-05
[m4gb]  P lcmdegree=4
[m4gb]  P #b:11640 #cp:357441 #mr:85331 #mc: 6059 s=2.48693
[m4gb]  P #n:70
[m4gb]  U #b:11710 #cp:359891 #mr:85401 #mc: 6059 s=10.9538
[m4gb]  M #b:11710 #cp:359891 #mr:85401 #mc: 5989 s=0.0003187
[m4gb]  P lcmdegree=4
[m4gb]  P #b:11710 #cp:359379 #mr:85401 #mc: 5989 s=2.64172
[m4gb]  P #n:0
[m4gb]  U #b:11710 #cp:359379 #mr:85401 #mc: 5989 s=8e-07
[m4gb]  M #b:11710 #cp:359379 #mr:85401 #mc: 5989 s=7.47e-05
[m4gb]  P lcmdegree=4
[m4gb]  P #b:11710 #cp:358867 #mr:85401 #mc: 5989 s=1.73115
[m4gb]  P #n:0
[m4gb]  U #b:11710 #cp:358867 #mr:85401 #mc: 5989 s=8e-07
[m4gb]  M #b:11710 #cp:358867 #mr:85401 #mc: 5989 s=7.08e-05
[m4gb]  P lcmdegree=4
[m4gb]  P #b:11710 #cp:358355 #mr:85401 #mc: 5989 s=0.612923
[m4gb]  P #n:0
[m4gb]  U #b:11710 #cp:358355 #mr:85401 #mc: 5989 s=9e-07
[m4gb]  M #b:11710 #cp:358355 #mr:85401 #mc: 5989 s=8.14e-05
[m4gb]  P lcmdegree=4
[m4gb]  P #b:11710 #cp:357843 #mr:85401 #mc: 5989 s=0.639485
[m4gb]  P #n:0
[m4gb]  U #b:11710 #cp:357843 #mr:85401 #mc: 5989 s=9e-07
[m4gb]  M #b:11710 #cp:357843 #mr:85401 #mc: 5989 s=8.18e-05
[m4gb]  P lcmdegree=4
[m4gb]  P #b:11710 #cp:357331 #mr:85401 #mc: 5989 s=0.593483
[m4gb]  P #n:0
[m4gb]  U #b:11710 #cp:357331 #mr:85401 #mc: 5989 s=7e-07
[m4gb]  M #b:11710 #cp:357331 #mr:85401 #mc: 5989 s=8.67e-05
[m4gb]  P lcmdegree=4
[m4gb]  P #b:11710 #cp:356819 #mr:85401 #mc: 5989 s=0.529217
[m4gb]  P #n:0
[m4gb]  U #b:11710 #cp:356819 #mr:85401 #mc: 5989 s=9e-07
[m4gb]  M #b:11710 #cp:356819 #mr:85401 #mc: 5989 s=9.44e-05
[m4gb]  P lcmdegree=4
[m4gb]  P #b:11710 #cp:356307 #mr:85401 #mc: 5989 s=0.628942
[m4gb]  P #n:0
[m4gb]  U #b:11710 #cp:356307 #mr:85401 #mc: 5989 s=1.1e-06
[m4gb]  M #b:11710 #cp:356307 #mr:85401 #mc: 5989 s=7.56e-05
[m4gb]  P lcmdegree=4
[m4gb]  P #b:11710 #cp:355795 #mr:85401 #mc: 5989 s=0.707501
[m4gb]  P #n:0
[m4gb]  U #b:11710 #cp:355795 #mr:85401 #mc: 5989 s=1.1e-06
[m4gb]  M #b:11710 #cp:355795 #mr:85401 #mc: 5989 s=6.12e-05
[m4gb]  P lcmdegree=4
[m4gb]  P #b:11710 #cp:355283 #mr:85401 #mc: 5989 s=0.907312
[m4gb]  P #n:0
[m4gb]  U #b:11710 #cp:355283 #mr:85401 #mc: 5989 s=1.4e-06
[m4gb]  M #b:11710 #cp:355283 #mr:85401 #mc: 5989 s=6.65e-05
[m4gb]  P lcmdegree=4
[m4gb]  P #b:11710 #cp:354771 #mr:85401 #mc: 5989 s=0.633038
[m4gb]  P #n:0
[m4gb]  U #b:11710 #cp:354771 #mr:85401 #mc: 5989 s=8e-07
[m4gb]  M #b:11710 #cp:354771 #mr:85401 #mc: 5989 s=7.73e-05
[m4gb]  P lcmdegree=4
[m4gb]  P #b:11710 #cp:354259 #mr:85401 #mc: 5989 s=0.580515
[m4gb]  P #n:0
[m4gb]  U #b:11710 #cp:354259 #mr:85401 #mc: 5989 s=7e-07
[m4gb]  M #b:11710 #cp:354259 #mr:85401 #mc: 5989 s=5.6e-05
[m4gb]  P lcmdegree=4
[m4gb]  P #b:11710 #cp:353747 #mr:85401 #mc: 5989 s=0.568257
[m4gb]  P #n:0
[m4gb]  U #b:11710 #cp:353747 #mr:85401 #mc: 5989 s=5e-07
[m4gb]  M #b:11710 #cp:353747 #mr:85401 #mc: 5989 s=0.000323
[m4gb]  P lcmdegree=4
[m4gb]  P #b:11710 #cp:353235 #mr:85401 #mc: 5989 s=0.621544
[m4gb]  P #n:0
[m4gb]  U #b:11710 #cp:353235 #mr:85401 #mc: 5989 s=7e-07
[m4gb]  M #b:11710 #cp:353235 #mr:85401 #mc: 5989 s=6.76e-05
[m4gb]  P lcmdegree=4
[m4gb]  P #b:11710 #cp:352723 #mr:85401 #mc: 5989 s=1.2739
[m4gb]  P #n:0
[m4gb]  U #b:11710 #cp:352723 #mr:85401 #mc: 5989 s=7e-07
[m4gb]  M #b:11710 #cp:352723 #mr:85401 #mc: 5989 s=6.83e-05
[m4gb]  P lcmdegree=4
[m4gb]  P #b:11710 #cp:352211 #mr:85401 #mc: 5989 s=0.567414
[m4gb]  P #n:0
[m4gb]  U #b:11710 #cp:352211 #mr:85401 #mc: 5989 s=7e-07
[m4gb]  M #b:11710 #cp:352211 #mr:85401 #mc: 5989 s=6.75e-05
[m4gb]  P lcmdegree=4
[m4gb]  P #b:11710 #cp:351699 #mr:85401 #mc: 5989 s=0.629002
[m4gb]  P #n:0
[m4gb]  U #b:11710 #cp:351699 #mr:85401 #mc: 5989 s=6e-07
[m4gb]  M #b:11710 #cp:351699 #mr:85401 #mc: 5989 s=7.18e-05
[m4gb]  P lcmdegree=4
[m4gb]  P #b:11710 #cp:351187 #mr:85401 #mc: 5989 s=0.582959
[m4gb]  P #n:0
[m4gb]  U #b:11710 #cp:351187 #mr:85401 #mc: 5989 s=1.4e-06
[m4gb]  M #b:11710 #cp:351187 #mr:85401 #mc: 5989 s=7.25e-05
[m4gb]  P lcmdegree=4
[m4gb]  P #b:11710 #cp:350675 #mr:85401 #mc: 5989 s=0.751043
[m4gb]  P #n:0
[m4gb]  U #b:11710 #cp:350675 #mr:85401 #mc: 5989 s=8e-07
[m4gb]  M #b:11710 #cp:350675 #mr:85401 #mc: 5989 s=6.56e-05
[m4gb]  P lcmdegree=4
[m4gb]  P #b:11710 #cp:350163 #mr:85401 #mc: 5989 s=1.26534
[m4gb]  P #n:0
[m4gb]  U #b:11710 #cp:350163 #mr:85401 #mc: 5989 s=6e-07
[m4gb]  M #b:11710 #cp:350163 #mr:85401 #mc: 5989 s=7.36e-05
[m4gb]  P lcmdegree=4
[m4gb]  P #b:11710 #cp:349651 #mr:85401 #mc: 5989 s=0.637775
[m4gb]  P #n:0
[m4gb]  U #b:11710 #cp:349651 #mr:85401 #mc: 5989 s=5e-07
[m4gb]  M #b:11710 #cp:349651 #mr:85401 #mc: 5989 s=7.15e-05
[m4gb]  P lcmdegree=4
[m4gb]  P #b:11710 #cp:349139 #mr:85401 #mc: 5989 s=0.594423
[m4gb]  P #n:0
[m4gb]  U #b:11710 #cp:349139 #mr:85401 #mc: 5989 s=7e-07
[m4gb]  M #b:11710 #cp:349139 #mr:85401 #mc: 5989 s=6.49e-05
[m4gb]  P lcmdegree=4
[m4gb]  P #b:11710 #cp:348627 #mr:85401 #mc: 5989 s=0.571655
[m4gb]  P #n:0
[m4gb]  U #b:11710 #cp:348627 #mr:85401 #mc: 5989 s=7e-07
[m4gb]  M #b:11710 #cp:348627 #mr:85401 #mc: 5989 s=6.47e-05
[m4gb]  P lcmdegree=4
[m4gb]  P #b:11710 #cp:348115 #mr:85401 #mc: 5989 s=4.50696
[m4gb]  P #n:0
[m4gb]  U #b:11710 #cp:348115 #mr:85401 #mc: 5989 s=1.1e-06
[m4gb]  M #b:11710 #cp:348115 #mr:85401 #mc: 5989 s=7.26e-05
[m4gb]  P lcmdegree=4
[m4gb]  P #b:11710 #cp:347603 #mr:85401 #mc: 5989 s=1.37561
[m4gb]  P #n:211
[m4gb]  U #b:11921 #cp:354914 #mr:85612 #mc: 5989 s=28.3265
[m4gb]  M #b:11921 #cp:354914 #mr:85612 #mc: 5778 s=0.0002805
[m4gb]  P lcmdegree=4
[m4gb]  P #b:11921 #cp:354402 #mr:85612 #mc: 5778 s=0.749184
[m4gb]  P #n:491
[m4gb]  U #b:12412 #cp:371587 #mr:86103 #mc: 5778 s=68.6962
[m4gb]  M #b:12412 #cp:371587 #mr:86103 #mc: 5287 s=0.0003159
[m4gb]  P lcmdegree=4
[m4gb]  P #b:12412 #cp:371075 #mr:86103 #mc: 5287 s=2.19715
[m4gb]  P #n:0
[m4gb]  U #b:12412 #cp:371075 #mr:86103 #mc: 5287 s=1.2e-06
[m4gb]  M #b:12412 #cp:371075 #mr:86103 #mc: 5287 s=7.33e-05
[m4gb]  P lcmdegree=4
[m4gb]  P #b:12412 #cp:370563 #mr:86103 #mc: 5287 s=0.588669
[m4gb]  P #n:0
[m4gb]  U #b:12412 #cp:370563 #mr:86103 #mc: 5287 s=9e-07
[m4gb]  M #b:12412 #cp:370563 #mr:86103 #mc: 5287 s=6.4e-05
[m4gb]  P lcmdegree=4
[m4gb]  P #b:12412 #cp:370051 #mr:86103 #mc: 5287 s=0.634173
[m4gb]  P #n:0
[m4gb]  U #b:12412 #cp:370051 #mr:86103 #mc: 5287 s=9e-07
[m4gb]  M #b:12412 #cp:370051 #mr:86103 #mc: 5287 s=7.06e-05
[m4gb]  P lcmdegree=4
[m4gb]  P #b:12412 #cp:369815 #mr:86103 #mc: 5287 s=0.353385
[m4gb]  P #n:0
[m4gb]  U #b:12412 #cp:369815 #mr:86103 #mc: 5287 s=7e-07
[m4gb]  M #b:12412 #cp:369815 #mr:86103 #mc: 5287 s=6.18e-05
[m4gb]  P lcmdegree=5
[m4gb]  P #b:12412 #cp:369303 #mr:744111 #mc: 5287 s=1.51983
[m4gb]  P #n:512
[m4gb]  U #b:12924 #cp:387223 #mr:730093 #mc: 5287 s=68.526
[m4gb]  M #b:12924 #cp:387223 #mr:730093 #mc: 4775 s=0.0003716
[m4gb]  P lcmdegree=5
[m4gb]  P #b:12924 #cp:386711 #mr:744623 #mc: 4775 s=0.625417
[m4gb]  P #n:512
[m4gb]  U #b:13436 #cp:404631 #mr:730605 #mc: 4775 s=73.0289
[m4gb]  M #b:13436 #cp:404631 #mr:730605 #mc: 4263 s=0.0006466
[m4gb]  P lcmdegree=5
[m4gb]  P #b:13436 #cp:404119 #mr:745135 #mc: 4263 s=37.2005
[m4gb]  P #n:34
[m4gb]  U #b:  36 #cp:   561 #mr: 1359 #mc: 1052 s=531.113
[m4gb]  M #b:  36 #cp:   561 #mr: 1359 #mc:    2 s=0.0007032
[m4gb]  P lcmdegree=3
[m4gb]  P #b:  36 #cp:    49 #mr: 9137 #mc:    2 s=0.0269156
[m4gb]  P #n:0
[m4gb]  U #b:  36 #cp:    49 #mr: 1359 #mc:    2 s=0.0011734
[m4gb]  M #b:  36 #cp:    49 #mr: 1359 #mc:    2 s=4.44e-05
[m4gb]  P lcmdegree=3
[m4gb]  P #b:  36 #cp:     0 #mr: 9137 #mc:    2 s=0.0070704
[m4gb]  P #n:0
[m4gb]  upper_bound = 9139 = X35^4
[m4gb]  total update time   : 1969.93s
[m4gb]  total matrix time   : 0.0681221s
[m4gb]  total selection time: 217.359s
[m4gb]  total time          : 2187.36s
X34 + X35
X33 + 1
X32 + X35 + 1
X31 + X35
X30
X29
X28 + X35
X27 + X35 + 1
X26 + X35
X25
X24 + 1
X23 + 1
X22 + 1
X21
X20 + 1
X19 + X35 + 1
X18 + X35 + 1
X17 + X35 + 1
X16 + X35 + 1
X15 + 1
X14 + X35
X13 + X35 + 1
X12
X11
X10 + X35 + 1
X9 + X35
X8 + X35 + 1
X7
X6 + 1
X5 + 1
X4 + 1
X3
X2 + 1
X1 + X35
X0 + X35
X35^2 + X35
Total CPU time : 2124.17 s
Peak memory    : 566 MiB
Resource index : 1.20228e+06 s*MiB
