[parser] loading polynomials from 'scan2/wd_n36_s36000.in' (format: default)
[m4gb]  I 0 0 71 0
[m4gb]  U #b:  71 #cp:   347 #mr:  107 #mc:  703 s=0.0034604
[m4gb]  M #b:  71 #cp:   347 #mr:  107 #mc:  596 s=0.0002341
[m4gb]  P lcmdegree=3
[m4gb]  P #b:  71 #cp:     0 #mr: 2876 #mc: 6263 s=0.0930928
[m4gb]  P #n:347
[m4gb]  U #b: 418 #cp:  6047 #mr: 4110 #mc: 6263 s=0.327547
[m4gb]  M #b: 418 #cp:  6047 #mr: 4110 #mc: 5029 s=0.0013472
[m4gb]  P lcmdegree=3
[m4gb]  P #b: 418 #cp:  5639 #mr: 4110 #mc: 5029 s=0.138447
[m4gb]  P #n:408
[m4gb]  U #b: 826 #cp: 14068 #mr: 4518 #mc: 5029 s=1.11095
[m4gb]  M #b: 826 #cp: 14068 #mr: 4518 #mc: 4621 s=0.0273268
[m4gb]  P lcmdegree=4
[m4gb]  P #b: 826 #cp: 13556 #mr:67011 #mc:24379 s=6.03591
[m4gb]  P #n:504
[m4gb]  U #b:1330 #cp: 25977 #mr:71062 #mc:24379 s=2.34462
[m4gb]  M #b:1330 #cp: 25977 #mr:71062 #mc:20328 s=0.0052636
[m4gb]  P lcmdegree=4
[m4gb]  P #b:1330 #cp: 25465 #mr:71062 #mc:20328 s=0.866922
[m4gb]  P #n:0
[m4gb]  U #b:1330 #cp: 25465 #mr:71062 #mc:20328 s=6e-07
[m4gb]  M #b:1330 #cp: 25465 #mr:71062 #mc:20328 s=0.000342
[m4gb]  P lcmdegree=4
[m4gb]  P #b:1330 #cp: 24953 #mr:71062 #mc:20328 s=0.86202
[m4gb]  P #n:0
[m4gb]  U #b:1330 #cp: 24953 #mr:71062 #mc:20328 s=7e-07
[m4gb]  M #b:1330 #cp: 24953 #mr:71062 #mc:20328 s=0.0003034
[m4gb]  P lcmdegree=4
[m4gb]  P #b:1330 #cp: 24441 #mr:71062 #mc:20328 s=1.02096
[m4gb]  P #n:171
[m4gb]  U #b:1501 #cp: 29193 #mr:71233 #mc:20328 s=1.5309
[m4gb]  M #b:1501 #cp: 29193 #mr:71233 #mc:20157 s=0.0009195
[m4gb]  P lcmdegree=4
[m4gb]  P #b:1501 #cp: 28681 #mr:71233 #mc:20157 s=1.54394
[m4gb]  P #n:291
[m4gb]  U #b:1792 #cp: 36560 #mr:71524 #mc:20157 s=3.57291
[m4gb]  M #b:1792 #cp: 36560 #mr:71524 #mc:19866 s=0.0024457
[m4gb]  P lcmdegree=4
[m4gb]  P #b:1792 #cp: 36048 #mr:71524 #mc:19866 s=4.22539
[m4gb]  P #n:503
[m4gb]  U #b:2295 #cp: 49934 #mr:72027 #mc:19866 s=8.54681
[m4gb]  M #b:2295 #cp: 49934 #mr:72027 #mc:19363 s=0.0010966
[m4gb]  P lcmdegree=4
[m4gb]  P #b:2295 #cp: 49422 #mr:72027 #mc:19363 s=3.67576
[m4gb]  P #n:513
[m4gb]  U #b:2808 #cp: 63010 #mr:72540 #mc:19363 s=12.1679
[m4gb]  M #b:2808 #cp: 63010 #mr:72540 #mc:18850 s=0.0011737
[m4gb]  P lcmdegree=4
[m4gb]  P #b:2808 #cp: 62498 #mr:72540 #mc:18850 s=2.07772
[m4gb]  P #n:500
[m4gb]  U #b:3308 #cp: 76804 #mr:73040 #mc:18850 s=15.8132
[m4gb]  M #b:3308 #cp: 76804 #mr:73040 #mc:18350 s=0.0011898
[m4gb]  P lcmdegree=4
[m4gb]  P #b:3308 #cp: 76292 #mr:73040 #mc:18350 s=3.46668
[m4gb]  P #n:501
[m4gb]  U #b:3809 #cp: 90639 #mr:73541 #mc:18350 s=17.9453
[m4gb]  M #b:3809 #cp: 90639 #mr:73541 #mc:17849 s=0.0010484
[m4gb]  P lcmdegree=4
[m4gb]  P #b:3809 #cp: 90127 #mr:73541 #mc:17849 s=3.71205
[m4gb]  P #n:502
[m4gb]  U #b:4311 #cp:105187 #mr:74043 #mc:17849 s=25.4167
[m4gb]  M #b:4311 #cp:105187 #mr:74043 #mc:17347 s=0.0010981
[m4gb]  P lcmdegree=4
[m4gb]  P #b:4311 #cp:104675 #mr:74043 #mc:17347 s=5.03372
[m4gb]  P #n:501
[m4gb]  U #b:4812 #cp:119514 #mr:74544 #mc:17347 s=20.5336
[m4gb]  M #b:4812 #cp:119514 #mr:74544 #mc:16846 s=0.0010462
[m4gb]  P lcmdegree=4
[m4gb]  P #b:4812 #cp:119002 #mr:74544 #mc:16846 s=5.17338
[m4gb]  P #n:452
[m4gb]  U #b:5264 #cp:132718 #mr:74996 #mc:16846 s=26.0946
[m4gb]  M #b:5264 #cp:132718 #mr:74996 #mc:16394 s=0.0012695
[m4gb]  P lcmdegree=4
[m4gb]  P #b:5264 #cp:132206 #mr:74996 #mc:16394 s=4.9777
[m4gb]  P #n:340
[m4gb]  U #b:5604 #cp:142746 #mr:75336 #mc:16394 s=19.8611
[m4gb]  M #b:5604 #cp:142746 #mr:75336 #mc:16054 s=0.0010848
[m4gb]  P lcmdegree=4
[m4gb]  P #b:5604 #cp:142234 #mr:75336 #mc:16054 s=4.81483
[m4gb]  P #n:513
[m4gb]  U #b:6117 #cp:158137 #mr:75849 #mc:16054 s=36.7267
[m4gb]  M #b:6117 #cp:158137 #mr:75849 #mc:15541 s=0.0010106
[m4gb]  P lcmdegree=4
[m4gb]  P #b:6117 #cp:157625 #mr:75849 #mc:15541 s=5.11252
[m4gb]  P #n:511
[m4gb]  U #b:6628 #cp:173161 #mr:76360 #mc:15541 s=30.5775
[m4gb]  M #b:6628 #cp:173161 #mr:76360 #mc:15030 s=0.0007856
[m4gb]  P lcmdegree=4
[m4gb]  P #b:6628 #cp:172649 #mr:76360 #mc:15030 s=4.54142
[m4gb]  P #n:512
[m4gb]  U #b:7140 #cp:189032 #mr:76872 #mc:15030 s=26.6202
[m4gb]  M #b:7140 #cp:189032 #mr:76872 #mc:14518 s=0.0009053
[m4gb]  P lcmdegree=4
[m4gb]  P #b:7140 #cp:188520 #mr:76872 #mc:14518 s=6.64008
[m4gb]  P #n:486
[m4gb]  U #b:7626 #cp:204072 #mr:77358 #mc:14518 s=35.7138
[m4gb]  M #b:7626 #cp:204072 #mr:77358 #mc:14032 s=0.0009115
[m4gb]  P lcmdegree=4
[m4gb]  P #b:7626 #cp:203560 #mr:77358 #mc:14032 s=5.83835
[m4gb]  P #n:566
[m4gb]  U #b:8136 #cp:220647 #mr:77945 #mc:14032 s=52.8599
[m4gb]  M #b:8136 #cp:220647 #mr:77945 #mc:13445 s=0.0052333
[m4gb]  P lcmdegree=4
[m4gb]  P #b:8136 #cp:220135 #mr:77945 #mc:13445 s=12.1253
[m4gb]  P #n:1220
[m4gb]  U #b:7884 #cp:221499 #mr:79560 #mc:13445 s=167.231
[m4gb]  M #b:7884 #cp:221499 #mr:79560 #mc:11830 s=0.0067533
[m4gb]  P lcmdegree=4
[m4gb]  P #b:7884 #cp:220987 #mr:79560 #mc:11830 s=22.8071
[m4gb]  P #n:1113
[m4gb]  U #b:8457 #cp:245070 #mr:80967 #mc:11830 s=132.18
[m4gb]  M #b:8457 #cp:245070 #mr:80967 #mc:10423 s=0.0032723
[m4gb]  P lcmdegree=4
[m4gb]  P #b:8457 #cp:244558 #mr:80967 #mc:10423 s=5.56154
[m4gb]  P #n:512
[m4gb]  U #b:8969 #cp:261156 #mr:81479 #mc:10423 s=55.7699
[m4gb]  M #b:8969 #cp:261156 #mr:81479 #mc: 9911 s=0.0005361
[m4gb]  P lcmdegree=4
[m4gb]  P #b:8969 #cp:260644 #mr:81479 #mc: 9911 s=7.01611
[m4gb]  P #n:513
[m4gb]  U #b:9482 #cp:277982 #mr:81992 #mc: 9911 s=56.7241
[m4gb]  M #b:9482 #cp:277982 #mr:81992 #mc: 9398 s=0.0005302
[m4gb]  P lcmdegree=4
[m4gb]  P #b:9482 #cp:277470 #mr:81992 #mc: 9398 s=5.01127
[m4gb]  P #n:605
[m4gb]  U #b:9709 #cp:286831 #mr:82651 #mc: 9398 s=74.6273
[m4gb]  M #b:9709 #cp:286831 #mr:82651 #mc: 8739 s=0.0027052
[m4gb]  P lcmdegree=4
[m4gb]  P #b:9709 #cp:286319 #mr:82651 #mc: 8739 s=3.53726
[m4gb]  P #n:296
[m4gb]  U #b:10005 #cp:296383 #mr:82947 #mc: 8739 s=26.5938
[m4gb]  M #b:10005 #cp:296383 #mr:82947 #mc: 8443 s=0.0004625
[m4gb]  P lcmdegree=4
[m4gb]  P #b:10005 #cp:295871 #mr:82947 #mc: 8443 s=2.52388
[m4gb]  P #n:372
[m4gb]  U #b:10377 #cp:308519 #mr:83319 #mc: 8443 s=46.3005
[m4gb]  M #b:10377 #cp:308519 #mr:83319 #mc: 8071 s=0.0109911
[m4gb]  P lcmdegree=4
[m4gb]  P #b:10377 #cp:308007 #mr:83319 #mc: 8071 s=2.83585
[m4gb]  P #n:463
[m4gb]  U #b:10840 #cp:323749 #mr:83782 #mc: 8071 s=58.8621
[m4gb]  M #b:10840 #cp:323749 #mr:83782 #mc: 7608 s=0.0005689
[m4gb]  P lcmdegree=4
[m4gb]  P #b:10840 #cp:323237 #mr:83782 #mc: 7608 s=3.12339
[m4gb]  P #n:458
[m4gb]  U #b:11298 #cp:338541 #mr:84240 #mc: 7608 s=49.5074
[m4gb]  M #b:11298 #cp:338541 #mr:84240 #mc: 7150 s=0.0004679
[m4gb]  P lcmdegree=4
[m4gb]  P #b:11298 #cp:338029 #mr:84240 #mc: 7150 s=2.88788
[m4gb]  P #n:493
[m4gb]  U #b:11791 #cp:355284 #mr:84733 #mc: 7150 s=52.5993
[m4gb]  M #b:11791 #cp:355284 #mr:84733 #mc: 6657 s=0.0009867
[m4gb]  P lcmdegree=4
[m4gb]  P #b:11791 #cp:354772 #mr:84733 #mc: 6657 s=3.66373
[m4gb]  P #n:312
[m4gb]  U #b:12103 #cp:365692 #mr:85045 #mc: 6657 s=45.3952
[m4gb]  M #b:12103 #cp:365692 #mr:85045 #mc: 6345 s=0.0009777
[m4gb]  P lcmdegree=4
[m4gb]  P #b:12103 #cp:365180 #mr:85045 #mc: 6345 s=8.29234
[m4gb]  P #n:918
[m4gb]  U #b:11797 #cp:363965 #mr:86330 #mc: 6345 s=136.016
[m4gb]  M #b:11797 #cp:363965 #mr:86330 #mc: 5060 s=0.0019303
[m4gb]  P lcmdegree=4
[m4gb]  P #b:11797 #cp:363453 #mr:86330 #mc: 5060 s=3.53988
[m4gb]  P #n:363
[m4gb]  U #b:12160 #cp:376158 #mr:86693 #mc: 5060 s=51.8142
[m4gb]  M #b:12160 #cp:376158 #mr:86693 #mc: 4697 s=0.0002707
[m4gb]  P lcmdegree=4
[m4gb]  P #b:12160 #cp:375646 #mr:86693 #mc: 4697 s=2.11651
[m4gb]  P #n:177
[m4gb]  U #b:12337 #cp:381841 #mr:86870 #mc: 4697 s=29.6862
[m4gb]  M #b:12337 #cp:381841 #mr:86870 #mc: 4520 s=0.0002215
[m4gb]  P lcmdegree=4
[m4gb]  P #b:12337 #cp:381329 #mr:86870 #mc: 4520 s=2.18024
[m4gb]  P #n:0
[m4gb]  U #b:12337 #cp:381329 #mr:86870 #mc: 4520 s=1e-06
[m4gb]  M #b:12337 #cp:381329 #mr:86870 #mc: 4520 s=5.77e-05
[m4gb]  P lcmdegree=4
[m4gb]  P #b:12337 #cp:380817 #mr:86870 #mc: 4520 s=1.03166
[m4gb]  P #n:0
[m4gb]  U #b:12337 #cp:380817 #mr:86870 #mc: 4520 s=1.2e-06
[m4gb]  M #b:12337 #cp:380817 #mr:86870 #mc: 4520 s=6.53e-05
[m4gb]  P lcmdegree=4
[m4gb]  P #b:12337 #cp:380305 #mr:86870 #mc: 4520 s=1.02062
[m4gb]  P #n:0
[m4gb]  U #b:12337 #cp:380305 #mr:86870 #mc: 4520 s=7e-07
[m4gb]  M #b:12337 #cp:380305 #mr:86870 #mc: 4520 s=0.0001672
[m4gb]  P lcmdegree=4
[m4gb]  P #b:12337 #cp:379793 #mr:86870 #mc: 4520 s=1.149
[m4gb]  P #n:0
[m4gb]  U #b:12337 #cp:379793 #mr:86870 #mc: 4520 s=6e-07
[m4gb]  M #b:12337 #cp:379793 #mr:86870 #mc: 4520 s=6.88e-05
[m4gb]  P lcmdegree=4
[m4gb]  P #b:12337 #cp:379281 #mr:86870 #mc: 4520 s=1.13032
[m4gb]  P #n:0
[m4gb]  U #b:12337 #cp:379281 #mr:86870 #mc: 4520 s=9e-07
[m4gb]  M #b:12337 #cp:379281 #mr:86870 #mc: 4520 s=6.88e-05
[m4gb]  P lcmdegree=4
[m4gb]  P #b:12337 #cp:378769 #mr:86870 #mc: 4520 s=1.86471
[m4gb]  P #n:72
[m4gb]  U #b:12409 #cp:381289 #mr:86942 #mc: 4520 s=12.0445
[m4gb]  M #b:12409 #cp:381289 #mr:86942 #mc: 4448 s=0.0002086
[m4gb]  P lcmdegree=4
[m4gb]  P #b:12409 #cp:380777 #mr:86942 #mc: 4448 s=2.07785
[m4gb]  P #n:0
[m4gb]  U #b:12409 #cp:380777 #mr:86942 #mc: 4448 s=9e-07
[m4gb]  M #b:12409 #cp:380777 #mr:86942 #mc: 4448 s=4.86e-05
[m4gb]  P lcmdegree=4
[m4gb]  P #b:12409 #cp:380265 #mr:86942 #mc: 4448 s=1.33181
[m4gb]  P #n:0
[m4gb]  U #b:12409 #cp:380265 #mr:86942 #mc: 4448 s=5.3e-06
[m4gb]  M #b:12409 #cp:380265 #mr:86942 #mc: 4448 s=5.56e-05
[m4gb]  P lcmdegree=4
[m4gb]  P #b:12409 #cp:379753 #mr:86942 #mc: 4448 s=0.531407
[m4gb]  P #n:0
[m4gb]  U #b:12409 #cp:379753 #mr:86942 #mc: 4448 s=1.1e-06
[m4gb]  M #b:12409 #cp:379753 #mr:86942 #mc: 4448 s=6.19e-05
[m4gb]  P lcmdegree=4
[m4gb]  P #b:12409 #cp:379241 #mr:86942 #mc: 4448 s=0.46786
[m4gb]  P #n:0
[m4gb]  U #b:12409 #cp:379241 #mr:86942 #mc: 4448 s=7e-07
[m4gb]  M #b:12409 #cp:379241 #mr:86942 #mc: 4448 s=5.09e-05
[m4gb]  P lcmdegree=4
[m4gb]  P #b:12409 #cp:378729 #mr:86942 #mc: 4448 s=0.439267
[m4gb]  P #n:0
[m4gb]  U #b:12409 #cp:378729 #mr:86942 #mc: 4448 s=7e-07
[m4gb]  M #b:12409 #cp:378729 #mr:86942 #mc: 4448 s=5.26e-05
[m4gb]  P lcmdegree=4
[m4gb]  P #b:12409 #cp:378217 #mr:86942 #mc: 4448 s=0.507761
[m4gb]  P #n:0
[m4gb]  U #b:12409 #cp:378217 #mr:86942 #mc: 4448 s=7e-07
[m4gb]  M #b:12409 #cp:378217 #mr:86942 #mc: 4448 s=6.05e-05
[m4gb]  P lcmdegree=4
[m4gb]  P #b:12409 #cp:377705 #mr:86942 #mc: 4448 s=0.513691
[m4gb]  P #n:0
[m4gb]  U #b:12409 #cp:377705 #mr:86942 #mc: 4448 s=9e-07
[m4gb]  M #b:12409 #cp:377705 #mr:86942 #mc: 4448 s=5.92e-05
[m4gb]  P lcmdegree=4
[m4gb]  P #b:12409 #cp:377193 #mr:86942 #mc: 4448 s=0.510413
[m4gb]  P #n:0
[m4gb]  U #b:12409 #cp:377193 #mr:86942 #mc: 4448 s=7e-07
[m4gb]  M #b:12409 #cp:377193 #mr:86942 #mc: 4448 s=5.72e-05
[m4gb]  P lcmdegree=4
[m4gb]  P #b:12409 #cp:376681 #mr:86942 #mc: 4448 s=0.912731
[m4gb]  P #n:0
[m4gb]  U #b:12409 #cp:376681 #mr:86942 #mc: 4448 s=6e-07
[m4gb]  M #b:12409 #cp:376681 #mr:86942 #mc: 4448 s=5.41e-05
[m4gb]  P lcmdegree=4
[m4gb]  P #b:12409 #cp:376169 #mr:86942 #mc: 4448 s=0.496437
[m4gb]  P #n:0
[m4gb]  U #b:12409 #cp:376169 #mr:86942 #mc: 4448 s=6e-07
[m4gb]  M #b:12409 #cp:376169 #mr:86942 #mc: 4448 s=5.04e-05
[m4gb]  P lcmdegree=4
[m4gb]  P #b:12409 #cp:375657 #mr:86942 #mc: 4448 s=0.471556
[m4gb]  P #n:0
[m4gb]  U #b:12409 #cp:375657 #mr:86942 #mc: 4448 s=5e-07
[m4gb]  M #b:12409 #cp:375657 #mr:86942 #mc: 4448 s=5.67e-05
[m4gb]  P lcmdegree=4
[m4gb]  P #b:12409 #cp:375145 #mr:86942 #mc: 4448 s=0.436699
[m4gb]  P #n:0
[m4gb]  U #b:12409 #cp:375145 #mr:86942 #mc: 4448 s=7e-07
[m4gb]  M #b:12409 #cp:375145 #mr:86942 #mc: 4448 s=5.45e-05
[m4gb]  P lcmdegree=4
[m4gb]  P #b:12409 #cp:374633 #mr:86942 #mc: 4448 s=0.646098
[m4gb]  P #n:0
[m4gb]  U #b:12409 #cp:374633 #mr:86942 #mc: 4448 s=7e-07
[m4gb]  M #b:12409 #cp:374633 #mr:86942 #mc: 4448 s=6.3e-05
[m4gb]  P lcmdegree=4
[m4gb]  P #b:12409 #cp:374121 #mr:86942 #mc: 4448 s=1.24997
[m4gb]  P #n:0
[m4gb]  U #b:12409 #cp:374121 #mr:86942 #mc: 4448 s=5e-07
[m4gb]  M #b:12409 #cp:374121 #mr:86942 #mc: 4448 s=5.75e-05
[m4gb]  P lcmdegree=4
[m4gb]  P #b:12409 #cp:373609 #mr:86942 #mc: 4448 s=0.472182
[m4gb]  P #n:0
[m4gb]  U #b:12409 #cp:373609 #mr:86942 #mc: 4448 s=6e-07
[m4gb]  M #b:12409 #cp:373609 #mr:86942 #mc: 4448 s=5.19e-05
[m4gb]  P lcmdegree=4
[m4gb]  P #b:12409 #cp:373097 #mr:86942 #mc: 4448 s=0.625927
[m4gb]  P #n:0
[m4gb]  U #b:12409 #cp:373097 #mr:86942 #mc: 4448 s=1.4e-06
[m4gb]  M #b:12409 #cp:373097 #mr:86942 #mc: 4448 s=5.31e-05
[m4gb]  P lcmdegree=4
[m4gb]  P #b:12409 #cp:372585 #mr:86942 #mc: 4448 s=0.517585
[m4gb]  P #n:0
[m4gb]  U #b:12409 #cp:372585 #mr:86942 #mc: 4448 s=6e-07
[m4gb]  M #b:12409 #cp:372585 #mr:86942 #mc: 4448 s=4.57e-05
[m4gb]  P lcmdegree=4
[m4gb]  P #b:12409 #cp:372073 #mr:86942 #mc: 4448 s=1.46897
[m4gb]  P #n:0
[m4gb]  U #b:12409 #cp:372073 #mr:86942 #mc: 4448 s=5e-07
[m4gb]  M #b:12409 #cp:372073 #mr:86942 #mc: 4448 s=4.78e-05
[m4gb]  P lcmdegree=4
[m4gb]  P #b:12409 #cp:371561 #mr:86942 #mc: 4448 s=0.451513
[m4gb]  P #n:0
[m4gb]  U #b:12409 #cp:371561 #mr:86942 #mc: 4448 s=4e-07
[m4gb]  M #b:12409 #cp:371561 #mr:86942 #mc: 4448 s=4.44e-05
[m4gb]  P lcmdegree=4
[m4gb]  P #b:12409 #cp:371049 #mr:86942 #mc: 4448 s=0.497151
[m4gb]  P #n:0
[m4gb]  U #b:12409 #cp:371049 #mr:86942 #mc: 4448 s=4e-07
[m4gb]  M #b:12409 #cp:371049 #mr:86942 #mc: 4448 s=5.17e-05
[m4gb]  P lcmdegree=4
[m4gb]  P #b:12409 #cp:370537 #mr:86942 #mc: 4448 s=0.591209
[m4gb]  P #n:0
[m4gb]  U #b:12409 #cp:370537 #mr:86942 #mc: 4448 s=6e-07
[m4gb]  M #b:12409 #cp:370537 #mr:86942 #mc: 4448 s=4.69e-05
[m4gb]  P lcmdegree=4
[m4gb]  P #b:12409 #cp:370025 #mr:86942 #mc: 4448 s=4.09933
[m4gb]  P #n:0
[m4gb]  U #b:12409 #cp:370025 #mr:86942 #mc: 4448 s=1.3e-06
[m4gb]  M #b:12409 #cp:370025 #mr:86942 #mc: 4448 s=7.3e-05
[m4gb]  P lcmdegree=4
[m4gb]  P #b:12409 #cp:369513 #mr:86942 #mc: 4448 s=0.768744
[m4gb]  P #n:0
[m4gb]  U #b:12409 #cp:369513 #mr:86942 #mc: 4448 s=9e-07
[m4gb]  M #b:12409 #cp:369513 #mr:86942 #mc: 4448 s=5.24e-05
[m4gb]  P lcmdegree=4
[m4gb]  P #b:12409 #cp:369001 #mr:86942 #mc: 4448 s=1.16163
[m4gb]  P #n:287
[m4gb]  U #b:12696 #cp:378990 #mr:87229 #mc: 4448 s=46.2738
[m4gb]  M #b:12696 #cp:378990 #mr:87229 #mc: 4161 s=0.0002722
[m4gb]  P lcmdegree=4
[m4gb]  P #b:12696 #cp:378478 #mr:87229 #mc: 4161 s=40.0973
[m4gb]  P #n:34
[m4gb]  U #b:  36 #cp:   561 #mr: 1363 #mc: 1046 s=696.41
[m4gb]  M #b:  36 #cp:   561 #mr: 1363 #mc:    2 s=0.0005816
[m4gb]  P lcmdegree=3
[m4gb]  P #b:  36 #cp:    49 #mr: 9137 #mc:    2 s=0.0275456
[m4gb]  P #n:0
[m4gb]  U #b:  36 #cp:    49 #mr: 1363 #mc:    2 s=0.0014117
[m4gb]  M #b:  36 #cp:    49 #mr: 1363 #mc:    2 s=4.71e-05
[m4gb]  P lcmdegree=3
[m4gb]  P #b:  36 #cp:     0 #mr: 9137 #mc:    2 s=0.0055169
[m4gb]  P #n:0
[m4gb]  upper_bound = 9139 = X35^4
[m4gb]  total update time   : 2075.8s
[m4gb]  total matrix time   : 0.089497s
[m4gb]  total selection time: 224.648s
[m4gb]  total time          : 2300.54s
X34 + X35
X33 + X35
X32
X31 + X35 + 1
X30 + X35 + 1
X29
X28
X27 + X35
X26
X25
X24 + X35 + 1
X23 + X35
X22 + X35 + 1
X21 + 1
X20 + X35 + 1
X19
X18 + X35 + 1
X17 + X35 + 1
X16 + X35 + 1
X15 + X35 + 1
X14
X13 + X35
X12 + X35
X11
X10
X9 + X35 + 1
X8
X7
X6 + X35
X5 + X35 + 1
X4 + X35
X3 + 1
X2 + X35
X1
X0 + X35
X35^2 + X35
Total CPU time : 2145.23 s
Peak memory    : 548 MiB
Resource index : 1.17559e+06 s*MiB
