[parser] loading polynomials from 'scan2/wd_n33_s33000.in' (format: default)
[m4gb]  I 0 0 68 0
[m4gb]  U #b:  68 #cp:   306 #mr:  104 #mc:  703 s=0.0033585
[m4gb]  M #b:  68 #cp:   306 #mr:  104 #mc:  599 s=0.0002503
[m4gb]  P lcmdegree=3
[m4gb]  P #b:  68 #cp:     0 #mr: 2809 #mc: 6330 s=0.081401
[m4gb]  P #n:306
[m4gb]  U #b: 374 #cp:  5111 #mr: 3938 #mc: 6330 s=0.168353
[m4gb]  M #b: 374 #cp:  5111 #mr: 3938 #mc: 5201 s=0.0014291
[m4gb]  P lcmdegree=3
[m4gb]  P #b: 374 #cp:  4779 #mr: 3938 #mc: 5201 s=0.0623026
[m4gb]  P #n:332
[m4gb]  U #b: 706 #cp: 11318 #mr: 4270 #mc: 5201 s=0.465366
[m4gb]  M #b: 706 #cp: 11318 #mr: 4270 #mc: 4869 s=0.0020064
[m4gb]  P lcmdegree=4
[m4gb]  P #b: 706 #cp: 10806 #mr:64388 #mc:27002 s=2.67507
[m4gb]  P #n:505
[m4gb]  U #b:1211 #cp: 22829 #mr:68178 #mc:27002 s=1.89396
[m4gb]  M #b:1211 #cp: 22829 #mr:68178 #mc:23212 s=0.0061906
[m4gb]  P lcmdegree=4
[m4gb]  P #b:1211 #cp: 22317 #mr:68178 #mc:23212 s=0.698889
[m4gb]  P #n:0
[m4gb]  U #b:1211 #cp: 22317 #mr:68178 #mc:23212 s=6e-07
[m4gb]  M #b:1211 #cp: 22317 #mr:68178 #mc:23212 s=0.0004731
[m4gb]  P lcmdegree=4
[m4gb]  P #b:1211 #cp: 21805 #mr:68178 #mc:23212 s=0.719163
[m4gb]  P #n:0
[m4gb]  U #b:1211 #cp: 21805 #mr:68178 #mc:23212 s=7e-07
[m4gb]  M #b:1211 #cp: 21805 #mr:68178 #mc:23212 s=0.000322
[m4gb]  P lcmdegree=4
[m4gb]  P #b:1211 #cp: 21293 #mr:68178 #mc:23212 s=1.45818
[m4gb]  P #n:292
[m4gb]  U #b:1503 #cp: 28815 #mr:68470 #mc:23212 s=1.45907
[m4gb]  M #b:1503 #cp: 28815 #mr:68470 #mc:22920 s=0.0007192
[m4gb]  P lcmdegree=4
[m4gb]  P #b:1503 #cp: 28303 #mr:68470 #mc:22920 s=1.00836
[m4gb]  P #n:491
[m4gb]  U #b:1994 #cp: 41234 #mr:68961 #mc:22920 s=4.30043
[m4gb]  M #b:1994 #cp: 41234 #mr:68961 #mc:22429 s=0.0010427
[m4gb]  P lcmdegree=4
[m4gb]  P #b:1994 #cp: 40722 #mr:68961 #mc:22429 s=1.68404
[m4gb]  P #n:513
[m4gb]  U #b:2507 #cp: 54341 #mr:69474 #mc:22429 s=6.33535
[m4gb]  M #b:2507 #cp: 54341 #mr:69474 #mc:21916 s=0.0013369
[m4gb]  P lcmdegree=4
[m4gb]  P #b:2507 #cp: 53829 #mr:69474 #mc:21916 s=1.51117
[m4gb]  P #n:501
[m4gb]  U #b:3008 #cp: 67171 #mr:69975 #mc:21916 s=8.75274
[m4gb]  M #b:3008 #cp: 67171 #mr:69975 #mc:21415 s=0.0012191
[m4gb]  P lcmdegree=4
[m4gb]  P #b:3008 #cp: 66659 #mr:69975 #mc:21415 s=1.63913
[m4gb]  P #n:502
[m4gb]  U #b:3510 #cp: 80480 #mr:70477 #mc:21415 s=11.5728
[m4gb]  M #b:3510 #cp: 80480 #mr:70477 #mc:20913 s=0.0012501
[m4gb]  P lcmdegree=4
[m4gb]  P #b:3510 #cp: 79968 #mr:70477 #mc:20913 s=2.02896
[m4gb]  P #n:349
[m4gb]  U #b:3859 #cp: 89967 #mr:70826 #mc:20913 s=8.79376
[m4gb]  M #b:3859 #cp: 89967 #mr:70826 #mc:20564 s=0.0008406
[m4gb]  P lcmdegree=4
[m4gb]  P #b:3859 #cp: 89455 #mr:70826 #mc:20564 s=2.27339
[m4gb]  P #n:475
[m4gb]  U #b:4334 #cp:103230 #mr:71301 #mc:20564 s=14.7301
[m4gb]  M #b:4334 #cp:103230 #mr:71301 #mc:20089 s=0.0008258
[m4gb]  P lcmdegree=4
[m4gb]  P #b:4334 #cp:102718 #mr:71301 #mc:20089 s=2.63962
[m4gb]  P #n:512
[m4gb]  U #b:4846 #cp:117450 #mr:71813 #mc:20089 s=17.812
[m4gb]  M #b:4846 #cp:117450 #mr:71813 #mc:19577 s=0.0012643
[m4gb]  P lcmdegree=4
[m4gb]  P #b:4846 #cp:116938 #mr:71813 #mc:19577 s=3.41946
[m4gb]  P #n:512
[m4gb]  U #b:5358 #cp:132298 #mr:72325 #mc:19577 s=20.2984
[m4gb]  M #b:5358 #cp:132298 #mr:72325 #mc:19065 s=0.0013037
[m4gb]  P lcmdegree=4
[m4gb]  P #b:5358 #cp:131786 #mr:72325 #mc:19065 s=4.84798
[m4gb]  P #n:491
[m4gb]  U #b:5849 #cp:146516 #mr:72816 #mc:19065 s=21.5874
[m4gb]  M #b:5849 #cp:146516 #mr:72816 #mc:18574 s=0.0011156
[m4gb]  P lcmdegree=4
[m4gb]  P #b:5849 #cp:146004 #mr:72816 #mc:18574 s=4.00333
[m4gb]  P #n:674
[m4gb]  U #b:6348 #cp:162727 #mr:73580 #mc:18574 s=34.6617
[m4gb]  M #b:6348 #cp:162727 #mr:73580 #mc:17810 s=0.0056447
[m4gb]  P lcmdegree=4
[m4gb]  P #b:6348 #cp:162215 #mr:73580 #mc:17810 s=5.23851
[m4gb]  P #n:512
[m4gb]  U #b:6860 #cp:178158 #mr:74092 #mc:17810 s=29.2087
[m4gb]  M #b:6860 #cp:178158 #mr:74092 #mc:17298 s=0.0011678
[m4gb]  P lcmdegree=4
[m4gb]  P #b:6860 #cp:177646 #mr:74092 #mc:17298 s=8.54082
[m4gb]  P #n:1037
[m4gb]  U #b:6634 #cp:179896 #mr:75977 #mc:17298 s=106.335
[m4gb]  M #b:6634 #cp:179896 #mr:75977 #mc:15413 s=0.0077753
[m4gb]  P lcmdegree=4
[m4gb]  P #b:6634 #cp:179384 #mr:75977 #mc:15413 s=7.70229
[m4gb]  P #n:488
[m4gb]  U #b:7122 #cp:194621 #mr:76465 #mc:15413 s=30.3818
[m4gb]  M #b:7122 #cp:194621 #mr:76465 #mc:14925 s=0.0011211
[m4gb]  P lcmdegree=4
[m4gb]  P #b:7122 #cp:194109 #mr:76465 #mc:14925 s=3.5654
[m4gb]  P #n:729
[m4gb]  U #b:7568 #cp:211893 #mr:77308 #mc:14925 s=54.2404
[m4gb]  M #b:7568 #cp:211893 #mr:77308 #mc:14082 s=0.0042316
[m4gb]  P lcmdegree=4
[m4gb]  P #b:7568 #cp:211381 #mr:77308 #mc:14082 s=4.96216
[m4gb]  P #n:651
[m4gb]  U #b:7968 #cp:226576 #mr:78120 #mc:14082 s=57.9162
[m4gb]  M #b:7968 #cp:226576 #mr:78120 #mc:13270 s=0.005699
[m4gb]  P lcmdegree=4
[m4gb]  P #b:7968 #cp:226064 #mr:78120 #mc:13270 s=4.03755
[m4gb]  P #n:488
[m4gb]  U #b:8258 #cp:235828 #mr:78707 #mc:13270 s=41.7872
[m4gb]  M #b:8258 #cp:235828 #mr:78707 #mc:12683 s=0.0045193
[m4gb]  P lcmdegree=4
[m4gb]  P #b:8258 #cp:235316 #mr:78707 #mc:12683 s=2.33383
[m4gb]  P #n:351
[m4gb]  U #b:8609 #cp:246899 #mr:79058 #mc:12683 s=28.6273
[m4gb]  M #b:8609 #cp:246899 #mr:79058 #mc:12332 s=0.0007536
[m4gb]  P lcmdegree=4
[m4gb]  P #b:8609 #cp:246387 #mr:79058 #mc:12332 s=2.16971
[m4gb]  P #n:468
[m4gb]  U #b:9077 #cp:261831 #mr:79526 #mc:12332 s=41.1404
[m4gb]  M #b:9077 #cp:261831 #mr:79526 #mc:11864 s=0.0007659
[m4gb]  P lcmdegree=4
[m4gb]  P #b:9077 #cp:261319 #mr:79526 #mc:11864 s=2.66795
[m4gb]  P #n:466
[m4gb]  U #b:9543 #cp:276697 #mr:79992 #mc:11864 s=43.3853
[m4gb]  M #b:9543 #cp:276697 #mr:79992 #mc:11398 s=0.0007754
[m4gb]  P lcmdegree=4
[m4gb]  P #b:9543 #cp:276185 #mr:79992 #mc:11398 s=2.65094
[m4gb]  P #n:285
[m4gb]  U #b:9828 #cp:285590 #mr:80277 #mc:11398 s=27.5551
[m4gb]  M #b:9828 #cp:285590 #mr:80277 #mc:11113 s=0.0007523
[m4gb]  P lcmdegree=4
[m4gb]  P #b:9828 #cp:285078 #mr:80277 #mc:11113 s=1.95442
[m4gb]  P #n:315
[m4gb]  U #b:10143 #cp:295473 #mr:80592 #mc:11113 s=32.1613
[m4gb]  M #b:10143 #cp:295473 #mr:80592 #mc:10798 s=0.0016687
[m4gb]  P lcmdegree=4
[m4gb]  P #b:10143 #cp:294961 #mr:80592 #mc:10798 s=24.4834
[m4gb]  P #n:47
[m4gb]  U #b:  57 #cp:  3043 #mr: 7563 #mc: 3991 s=353.53
[m4gb]  M #b:  57 #cp:  3043 #mr: 7563 #mc:   32 s=0.0014262
[m4gb]  P lcmdegree=3
[m4gb]  P #b:  57 #cp:  2531 #mr: 9107 #mc:   32 s=0.0218765
[m4gb]  P #n:0
[m4gb]  U #b:  57 #cp:  2531 #mr: 7563 #mc:   32 s=0.0017236
[m4gb]  M #b:  57 #cp:  2531 #mr: 7563 #mc:   32 s=4.79e-05
[m4gb]  P lcmdegree=3
[m4gb]  P #b:  57 #cp:  2019 #mr: 9107 #mc:   32 s=0.017313
[m4gb]  P #n:0
[m4gb]  U #b:  57 #cp:  2019 #mr: 7563 #mc:   32 s=0.0016007
[m4gb]  M #b:  57 #cp:  2019 #mr: 7563 #mc:   32 s=4.39e-05
[m4gb]  P lcmdegree=3
[m4gb]  P #b:  57 #cp:  1507 #mr: 9107 #mc:   32 s=0.0203745
[m4gb]  P #n:0
[m4gb]  U #b:  57 #cp:  1507 #mr: 7563 #mc:   32 s=0.0013782
[m4gb]  M #b:  57 #cp:  1507 #mr: 7563 #mc:   32 s=3.49e-05
[m4gb]  P lcmdegree=3
[m4gb]  P #b:  57 #cp:   995 #mr: 9107 #mc:   32 s=0.0215166
[m4gb]  P #n:0
[m4gb]  U #b:  57 #cp:   995 #mr: 7563 #mc:   32 s=0.0015074
[m4gb]  M #b:  57 #cp:   995 #mr: 7563 #mc:   32 s=4.71e-05
[m4gb]  P lcmdegree=3
[m4gb]  P #b:  57 #cp:   483 #mr: 9107 #mc:   32 s=0.0264499
[m4gb]  P #n:0
[m4gb]  U #b:  57 #cp:   483 #mr: 7563 #mc:   32 s=0.0012662
[m4gb]  M #b:  57 #cp:   483 #mr: 7563 #mc:   32 s=3.97e-05
[m4gb]  P lcmdegree=3
[m4gb]  P #b:  57 #cp:     0 #mr: 9107 #mc:   32 s=0.0376755
[m4gb]  P #n:0
[m4gb]  upper_bound = 9139 = X35^4
[m4gb]  total update time   : 999.11s
[m4gb]  total matrix time   : 0.0581039s
[m4gb]  total selection time: 101.203s
[m4gb]  total time          : 1100.37s
X27 + X30 + X32
X26 + X28 + X30 + X32 + X33
X25 + X29 + X30 + 1
X24 + X28 + X30 + X31 + X32
X23 + X28 + X31 + X32 + 1
X22 + X30 + X31 + X32 + X33
X21 + X28 + X32 + 1
X19 + X20 + X28 + X29 + X31 + X32 + X33
X18 + X20 + X28 + 1
X17 + X20 + X28 + X29 + X30 + 1
X16 + X20 + X32 + 1
X15 + X20 + X28 + X30 + X31 + X33 + 1
X14 + X20 + X28 + X31 + X32 + X33
X13 + X20 + X28 + X30 + X32 + X33
X12 + X29 + X30 + X31
X11 + X28
X10 + X31 + X32 + 1
X9 + X20 + X28 + X31
X8 + X20 + X28 + X29 + X31 + X32 + X33 + 1
X7 + X20 + X33 + 1
X6 + X28 + X30 + X32
X5 + X28 + X32 + X33
X4 + X20 + X30 + X31 + X33
X3 + X20 + X28 + X30 + X31
X2 + X29 + X30
X1 + X20 + X30 + X31 + 1
X0 + X28 + X29 + X30 + X32 + X33 + 1
^2 + 
^2 + 
X33^2 + X33
X33*X32 + X29 + X31 + 1
X33*X31 + X29 + X32 + 1
X33*X30 + X29 + X31 + X33 + 1
X33*X29 + X31 + X32 + X33
X33*X28 + X29 + X32 + X33 + 1
X33*X20 + X29 + X31 + X33 + 1
X32^2 + X32
X32*X31 + X32
X32*X30 + X30 + X32 + 1
X32*X29 + X29 + X31 + 1
X32*X28 + X28 + X29 + X32 + X33 + 1
X32*X20 + X20 + X32 + 1
X31^2 + X31
X31*X30 + X30 + X31 + 1
X31*X29 + X29 + X31 + 1
X31*X28 + X28 + X29 + X32 + X33 + 1
X31*X20 + X20 + X31 + 1
X30^2 + X30
X30*X29 + X31 + 1
X30*X28 + X29 + X32 + X33 + 1
X30*X20 + X30
X29^2 + X29
X29*X28 + X29 + X32 + X33 + 1
X29*X20 + X31 + 1
X28^2 + X28
X28*X20 + X28
X20^2 + X20
Total CPU time : 1330.55 s
Peak memory    : 590 MiB
Resource index : 785023 s*MiB
